Archive member included to satisfy reference by file (symbol)

C:/devkitPro/libctru/lib\libcitro2d.a(base.o)
                              main.o (C2D_Init)
C:/devkitPro/libctru/lib\libcitro2d.a(text.o)
                              main.o (C2D_TextBufNew)
C:/devkitPro/libctru/lib\libcitro2d.a(font.o)
                              C:/devkitPro/libctru/lib\libcitro2d.a(text.o) (C2D_FontGlyphIndexFromCodePoint)
C:/devkitPro/libctru/lib\libcitro2d.a(render2d.shbin.o)
                              C:/devkitPro/libctru/lib\libcitro2d.a(base.o) (render2d_shbin)
C:/devkitPro/libctru/lib\libcitro3d.a(attribs.o)
                              render3d.o (AttrInfo_Init)
C:/devkitPro/libctru/lib\libcitro3d.a(base.o)
                              C:/devkitPro/libctru/lib\libcitro3d.a(attribs.o) (__C3D_Context)
C:/devkitPro/libctru/lib\libcitro3d.a(buffers.o)
                              render3d.o (BufInfo_Init)
C:/devkitPro/libctru/lib\libcitro3d.a(drawElements.o)
                              render3d.o (C3D_DrawElements)
C:/devkitPro/libctru/lib\libcitro3d.a(effect.o)
                              C:/devkitPro/libctru/lib\libcitro3d.a(base.o) (C3D_DepthMap)
C:/devkitPro/libctru/lib\libcitro3d.a(framebuffer.o)
                              C:/devkitPro/libctru/lib\libcitro3d.a(base.o) (C3Di_FrameBufBind)
C:/devkitPro/libctru/lib\libcitro3d.a(immediate.o)
                              C:/devkitPro/libctru/lib\libcitro3d.a(base.o) (C3D_ImmSendAttrib)
C:/devkitPro/libctru/lib\libcitro3d.a(proctex.o)
                              C:/devkitPro/libctru/lib\libcitro2d.a(base.o) (C3D_ProcTexInit)
C:/devkitPro/libctru/lib\libcitro3d.a(renderqueue.o)
                              C:/devkitPro/libctru/lib\libcitro3d.a(base.o) (C3Di_RenderQueueEnableVBlank)
C:/devkitPro/libctru/lib\libcitro3d.a(tex3ds.o)
                              render3d.o (Tex3DS_TextureImportStdio)
C:/devkitPro/libctru/lib\libcitro3d.a(texenv.o)
                              render3d.o (C3D_GetTexEnv)
C:/devkitPro/libctru/lib\libcitro3d.a(texture.o)
                              C:/devkitPro/libctru/lib\libcitro3d.a(tex3ds.o) (C3D_TexInitWithParams)
C:/devkitPro/libctru/lib\libcitro3d.a(uniforms.o)
                              C:/devkitPro/libctru/lib\libcitro3d.a(base.o) (C3D_UpdateUniforms)
C:/devkitPro/libctru/lib\libcitro3d.a(mtx_lookat.o)
                              render3d.o (Mtx_LookAt)
C:/devkitPro/libctru/lib\libcitro3d.a(mtx_multiply.o)
                              render3d.o (Mtx_Multiply)
C:/devkitPro/libctru/lib\libcitro3d.a(mtx_ortho.o)
                              C:/devkitPro/libctru/lib\libcitro2d.a(base.o) (Mtx_Ortho)
C:/devkitPro/libctru/lib\libcitro3d.a(mtx_orthotilt.o)
                              C:/devkitPro/libctru/lib\libcitro2d.a(base.o) (Mtx_OrthoTilt)
C:/devkitPro/libctru/lib\libcitro3d.a(mtx_persptilt.o)
                              render3d.o (Mtx_PerspTilt)
C:/devkitPro/libctru/lib\libcitro3d.a(mtx_rotatey.o)
                              chunk.o (Mtx_RotateY)
C:/devkitPro/libctru/lib\libcitro3d.a(mtx_rotatez.o)
                              C:/devkitPro/libctru/lib\libcitro2d.a(base.o) (Mtx_RotateZ)
C:/devkitPro/libctru/lib\libcitro3d.a(mtx_scale.o)
                              C:/devkitPro/libctru/lib\libcitro2d.a(base.o) (Mtx_Scale)
C:/devkitPro/libctru/lib\libcitro3d.a(mtx_translate.o)
                              chunk.o (Mtx_Translate)
C:/devkitPro/libctru/lib\libctru.a(linear.o)
                              chunk.o (linearAlloc)
C:/devkitPro/libctru/lib\libctru.a(mem_pool.o)
                              C:/devkitPro/libctru/lib\libctru.a(linear.o) (MemPool::Allocate(MemChunk&, unsigned long, int))
C:/devkitPro/libctru/lib\libctru.a(vram.o)
                              C:/devkitPro/libctru/lib\libcitro3d.a(renderqueue.o) (vramAlloc)
C:/devkitPro/libctru/lib\libctru.a(console.o)
                              main.o (consoleInit)
C:/devkitPro/libctru/lib\libctru.a(font.o)
                              C:/devkitPro/libctru/lib\libcitro2d.a(text.o) (fontEnsureMapped)
C:/devkitPro/libctru/lib\libctru.a(gfx.o)
                              C:/devkitPro/libctru/lib\libcitro2d.a(base.o) (gfxIsWide)
C:/devkitPro/libctru/lib\libctru.a(os.o)
                              C:/devkitPro/libctru/lib\libcitro3d.a(buffers.o) (osConvertVirtToPhys)
C:/devkitPro/libctru/lib\libctru.a(romfs_dev.o)
                              main.o (romfsMountSelf)
C:/devkitPro/libctru/lib\libctru.a(gpu.o)
                              C:/devkitPro/libctru/lib\libcitro3d.a(base.o) (gpuCmdBufOffset)
C:/devkitPro/libctru/lib\libctru.a(gx.o)
                              C:/devkitPro/libctru/lib\libcitro3d.a(renderqueue.o) (GX_BindQueue)
C:/devkitPro/libctru/lib\libctru.a(gxqueue.o)
                              C:/devkitPro/libctru/lib\libcitro3d.a(renderqueue.o) (gxCmdQueueClear)
C:/devkitPro/libctru/lib\libctru.a(shaderProgram.o)
                              render3d.o (shaderInstanceGetUniformLocation)
[...]
Memory Configuration

Name             Origin             Length             Attributes
*default*        0x00000000         0xffffffff

Linker script and memory map

                0x00000000                        __sync_synchronize = __sync_synchronize_dmb
                0x00100000                        PROVIDE (__start__ = 0x100000)
                0x00100000                        . = __start__

.text           0x00100000    0x2e814
 *(.crt0)
 .crt0          0x00100000       0x94 C:/devkitPro/devkitARM/bin/../lib/gcc/arm-none-eabi/14.2.0/../../../../arm-none-eabi/lib/armv6k/fpu/3dsx_crt0.o
                0x00100000                _start
                0x00100008                __service_ptr
                0x0010000c                __apt_appid
                0x00100010                __heap_size
                0x00100014                __linear_heap_size
                0x00100018                __system_arglist
                0x0010001c                __system_runflags
 *(.init)
 .init          0x00100094        0xc C:/devkitPro/devkitARM/bin/../lib/gcc/arm-none-eabi/14.2.0/armv6k/fpu/crti.o
                0x00100094                _init
 .init          0x001000a0        0xc C:/devkitPro/devkitARM/bin/../lib/gcc/arm-none-eabi/14.2.0/armv6k/fpu/crtn.o
                0x001000ac                        . = ALIGN (0x4)
 *(.text)
 .text          0x001000ac      0x20c C:/devkitPro/devkitARM/bin/../lib/gcc/arm-none-eabi/14.2.0/armv6k/fpu\libgcc.a(_udivsi3.o)
                0x001000ac                __aeabi_uidiv
                0x001000ac                __udivsi3
                0x00100298                __aeabi_uidivmod
 .text          0x001002b8      0x240 C:/devkitPro/devkitARM/bin/../lib/gcc/arm-none-eabi/14.2.0/armv6k/fpu\libgcc.a(_divsi3.o)
                0x001002b8                __divsi3
                0x001002b8                __aeabi_idiv
                0x001004d8                __aeabi_idivmod
 .text          0x001004f8        0x4 C:/devkitPro/devkitARM/bin/../lib/gcc/arm-none-eabi/14.2.0/armv6k/fpu\libgcc.a(_dvmd_tls.o)
                0x001004f8                __aeabi_idiv0
                0x001004f8                __aeabi_ldiv0
 .text          0x001004fc      0x3c0 C:/devkitPro/devkitARM/bin/../lib/gcc/arm-none-eabi/14.2.0/armv6k/fpu\libgcc.a(_arm_addsubdf3.o)
                0x001004fc                __aeabi_drsub
                0x00100504                __aeabi_dsub
                0x00100504                __subdf3
                0x00100508                __aeabi_dadd
                0x00100508                __adddf3
                0x001007b4                __floatunsidf
                0x001007b4                __aeabi_ui2d
                0x001007d8                __floatsidf
                0x001007d8                __aeabi_i2d
                0x00100800                __aeabi_f2d
                0x00100800                __extendsfdf2
                0x00100848                __floatundidf
                0x00100848                __aeabi_ul2d
                0x0010085c                __floatdidf
                0x0010085c                __aeabi_l2d
 .text          0x001008bc      0x250 C:/devkitPro/devkitARM/bin/../lib/gcc/arm-none-eabi/14.2.0/armv6k/fpu\libgcc.a(_arm_addsubsf3.o)
                0x001008bc                __aeabi_frsub
                0x001008c4                __subsf3
                0x001008c4                __aeabi_fsub
                0x001008c8                __aeabi_fadd
                0x001008c8                __addsf3
                0x00100a58                __aeabi_ui2f
                0x00100a58                __floatunsisf
                0x00100a60                __aeabi_i2f
                0x00100a60                __floatsisf
                0x00100a80                __aeabi_ul2f
                0x00100a80                __floatundisf
                0x00100a90                __aeabi_l2f
                0x00100a90                __floatdisf
 .text          0x00100b0c       0xd4 C:/devkitPro/devkitARM/bin/../lib/gcc/arm-none-eabi/14.2.0/armv6k/fpu\libgcc.a(_aeabi_ldivmod.o)
                0x00100b0c                __aeabi_ldivmod
 .text          0x00100be0       0x3c C:/devkitPro/devkitARM/bin/../lib/gcc/arm-none-eabi/14.2.0/armv6k/fpu\libgcc.a(_aeabi_uldivmod.o)
                0x00100be0                __aeabi_uldivmod
 *fill*         0x00100c1c        0x4 
 .text          0x00100c20      0x390 C:/devkitPro/devkitARM/bin/../lib/gcc/arm-none-eabi/14.2.0/../../../../arm-none-eabi/lib/armv6k/fpu\libg.a(libc_a-strcmp.o)
                0x00100c28                strcmp
 *(.text.*)
 .text.__do_global_dtors_aux
                0x00100fb0       0x40 C:/devkitPro/devkitARM/bin/../lib/gcc/arm-none-eabi/14.2.0/armv6k/fpu/crtbegin.o
 .text.frame_dummy
                0x00100ff0       0x2c C:/devkitPro/devkitARM/bin/../lib/gcc/arm-none-eabi/14.2.0/armv6k/fpu/crtbegin.o
 .text._fnlGenNoiseSingle2D
                0x0010101c     0x1294 chunk.o
 .text._fnlGenNoiseSingle3D
                0x001022b0     0x2828 chunk.o
 .text.fnlCreateState
                0x00104ad8       0x7c chunk.o
                0x00104ad8                fnlCreateState
 .text.fnlGetNoise2D
                0x00104b54      0x324 chunk.o
                0x00104b54                fnlGetNoise2D
 .text.fnlGetNoise3D
                0x00104e78      0x3c4 chunk.o
                0x00104e78                fnlGetNoise3D
 .text.ChunkInit
                0x0010523c       0x84 chunk.o
                0x0010523c                ChunkInit
 .text.ChunkInitDefault
                0x001052c0        0xc chunk.o
                0x001052c0                ChunkInitDefault
 .text.ChunkSetBlock
                0x001052cc       0xdc chunk.o
                0x001052cc                ChunkSetBlock
 .text.ChunkGetBlock
                0x001053a8       0x20 chunk.o
                0x001053a8                ChunkGetBlock
 .text.ChunkGenerateTerrain
                0x001053c8      0x278 chunk.o
                0x001053c8                ChunkGenerateTerrain
 .text.ChunkGenerateRenderObject
                0x00105640      0xa50 chunk.o
                0x00105640                ChunkGenerateRenderObject
 .text.ChunkRender
                0x00106090      0x144 chunk.o
                0x00106090                ChunkRender
 .text.ChunkFreeRenderObject
                0x001061d4       0x64 chunk.o
                0x001061d4                ChunkFreeRenderObject
 .text.ChunkDestroy
                0x00106238       0x58 chunk.o
                0x00106238                ChunkDestroy
 .text.startup.main
                0x00106290      0x960 main.o
                0x00106290                main
 .text.encodeNormalComponent
                0x00106bf0       0x4c render_utils.o
                0x00106bf0                encodeNormalComponent
 .text.compressNormals
                0x00106c3c       0x50 render_utils.o
                0x00106c3c                compressNormals
 *fill*         0x00106c8c        0x4 
 .text.addCubeFaceToMesh
                0x00106c90      0x138 render_utils.o
                0x00106c90                addCubeFaceToMesh
 .text.rrenderInit
                0x00106dc8      0x120 render3d.o
                0x00106dc8                rrenderInit
 .text.grenderPrepare
                0x00106ee8       0x30 render3d.o
                0x00106ee8                grenderPrepare
 .text.grenderDestroy
                0x00106f18       0x38 render3d.o
                0x00106f18                grenderDestroy
 .text.rloadShaderInInstance
                0x00106f50      0x224 render3d.o
                0x00106f50                rloadShaderInInstance
 .text.gloadShader
                0x00107174       0x24 render3d.o
                0x00107174                gloadShader
 .text.rfreeShaderProgramInInstance
                0x00107198       0x1c render3d.o
                0x00107198                rfreeShaderProgramInInstance
 .text.gfreeShaderProgram
                0x001071b4       0x20 render3d.o
                0x001071b4                gfreeShaderProgram
 .text.gsetModelViewMatrx
                0x001071d4       0x4c render3d.o
                0x001071d4                gsetModelViewMatrx
 .text.gsetCameraViewMatrx
                0x00107220       0x30 render3d.o
                0x00107220                gsetCameraViewMatrx
 .text.rrenderOptimizedInstance
                0x00107250      0x248 render3d.o
                0x00107250                rrenderOptimizedInstance
 .text.grenderOptimizedInstance
                0x00107498       0x3c render3d.o
                0x00107498                grenderOptimizedInstance
 .text.C2Di_FrameEndHook
                0x001074d4       0x44 C:/devkitPro/libctru/lib\libcitro2d.a(base.o)
 .text.C2D_Init
                0x00107518      0x36c C:/devkitPro/libctru/lib\libcitro2d.a(base.o)
                0x00107518                C2D_Init
 .text.C2D_Fini
                0x00107884       0x4c C:/devkitPro/libctru/lib\libcitro2d.a(base.o)
                0x00107884                C2D_Fini
 .text.C2D_Prepare
                0x001078d0       0xb8 C:/devkitPro/libctru/lib\libcitro2d.a(base.o)
                0x001078d0                C2D_Prepare
 .text.C2D_Flush
                0x00107988       0x48 C:/devkitPro/libctru/lib\libcitro2d.a(base.o)
                0x00107988                C2D_Flush
 .text.C2D_SceneSize
                0x001079d0      0x104 C:/devkitPro/libctru/lib\libcitro2d.a(base.o)
                0x001079d0                C2D_SceneSize
 .text.C2Di_AppendQuad
                0x00107ad4       0x58 C:/devkitPro/libctru/lib\libcitro2d.a(base.o)
                0x00107ad4                C2Di_AppendQuad
 .text.C2Di_AppendVtx
                0x00107b2c       0x40 C:/devkitPro/libctru/lib\libcitro2d.a(base.o)
                0x00107b2c                C2Di_AppendVtx
 .text.C2Di_Update
                0x00107b6c      0x550 C:/devkitPro/libctru/lib\libcitro2d.a(base.o)
                0x00107b6c                C2Di_Update
 .text.C2Di_GlyphComp
                0x001080bc       0x18 C:/devkitPro/libctru/lib\libcitro2d.a(text.o)
 .text.C2Di_CalcLineWidths
                0x001080d4      0x140 C:/devkitPro/libctru/lib\libcitro2d.a(text.o)
 .text.C2D_TextBufNew
                0x00108214      0x1dc C:/devkitPro/libctru/lib\libcitro2d.a(text.o)
                0x00108214                C2D_TextBufNew
 .text.C2D_TextBufDelete
                0x001083f0        0x4 C:/devkitPro/libctru/lib\libcitro2d.a(text.o)
                0x001083f0                C2D_TextBufDelete
 .text.C2D_TextBufClear
                0x001083f4        0xc C:/devkitPro/libctru/lib\libcitro2d.a(text.o)
                0x001083f4                C2D_TextBufClear
 .text.C2D_TextFontParseLine
                0x00108400      0x1c8 C:/devkitPro/libctru/lib\libcitro2d.a(text.o)
                0x00108400                C2D_TextFontParseLine
 .text.C2D_TextFontParse
                0x001085c8       0xa8 C:/devkitPro/libctru/lib\libcitro2d.a(text.o)
                0x001085c8                C2D_TextFontParse
 .text.C2D_TextParse
                0x00108670       0x14 C:/devkitPro/libctru/lib\libcitro2d.a(text.o)
                0x00108670                C2D_TextParse
 .text.C2D_TextOptimize
                0x00108684       0x30 C:/devkitPro/libctru/lib\libcitro2d.a(text.o)
                0x00108684                C2D_TextOptimize
 .text.C2D_DrawText
                0x001086b4      0xf6c C:/devkitPro/libctru/lib\libcitro2d.a(text.o)
                0x001086b4                C2D_DrawText
 .text.C2D_FontGlyphIndexFromCodePoint
                0x00109620       0x44 C:/devkitPro/libctru/lib\libcitro2d.a(font.o)
                0x00109620                C2D_FontGlyphIndexFromCodePoint
 .text.C2D_FontCalcGlyphPos
                0x00109664       0x78 C:/devkitPro/libctru/lib\libcitro2d.a(font.o)
                0x00109664                C2D_FontCalcGlyphPos
 .text.AttrInfo_Init
                0x001096dc       0x28 C:/devkitPro/libctru/lib\libcitro3d.a(attribs.o)
                0x001096dc                AttrInfo_Init
 .text.AttrInfo_AddLoader
                0x00109704       0x94 C:/devkitPro/libctru/lib\libcitro3d.a(attribs.o)
                0x00109704                AttrInfo_AddLoader
 .text.C3D_GetAttrInfo
                0x00109798       0x20 C:/devkitPro/libctru/lib\libcitro3d.a(attribs.o)
                0x00109798                C3D_GetAttrInfo
 .text.C3D_SetAttrInfo
                0x001097b8       0x54 C:/devkitPro/libctru/lib\libcitro3d.a(attribs.o)
                0x001097b8                C3D_SetAttrInfo
 .text.C3Di_AttrInfoBind
                0x0010980c       0x80 C:/devkitPro/libctru/lib\libcitro3d.a(attribs.o)
                0x0010980c                C3Di_AttrInfoBind
 .text.C3Di_LightEnvUpdate
                0x0010988c        0x4 C:/devkitPro/libctru/lib\libcitro3d.a(base.o)
                0x0010988c                C3Di_LightEnvUpdate
 .text.C3Di_LightEnvDirty
                0x00109890        0x4 C:/devkitPro/libctru/lib\libcitro3d.a(base.o)
                0x00109890                C3Di_LightEnvDirty
 .text.C3Di_AptEventHook
                0x00109894       0xb4 C:/devkitPro/libctru/lib\libcitro3d.a(base.o)
 .text.C3Di_GasUpdate
                0x00109948        0x4 C:/devkitPro/libctru/lib\libcitro3d.a(base.o)
                0x00109948                C3Di_GasUpdate
 .text.C3D_Init
                0x0010994c      0x1d0 C:/devkitPro/libctru/lib\libcitro3d.a(base.o)
                0x0010994c                C3D_Init
 .text.C3D_SetViewport
                0x00109b1c       0x98 C:/devkitPro/libctru/lib\libcitro3d.a(base.o)
                0x00109b1c                C3D_SetViewport
 .text.C3Di_UpdateContext
                0x00109bb4      0x4e8 C:/devkitPro/libctru/lib\libcitro3d.a(base.o)
                0x00109bb4                C3Di_UpdateContext
 .text.C3Di_SplitFrame
                0x0010a09c       0xe0 C:/devkitPro/libctru/lib\libcitro3d.a(base.o)
                0x0010a09c                C3Di_SplitFrame
 .text.C3D_Fini
                0x0010a17c       0x44 C:/devkitPro/libctru/lib\libcitro3d.a(base.o)
                0x0010a17c                C3D_Fini
 .text.C3D_BindProgram
                0x0010a1c0      0x194 C:/devkitPro/libctru/lib\libcitro3d.a(base.o)
                0x0010a1c0                C3D_BindProgram
 .text.BufInfo_Init
                0x0010a354       0x24 C:/devkitPro/libctru/lib\libcitro3d.a(buffers.o)
                0x0010a354                BufInfo_Init
 .text.BufInfo_Add
                0x0010a378       0x80 C:/devkitPro/libctru/lib\libcitro3d.a(buffers.o)
                0x0010a378                BufInfo_Add
 .text.C3D_GetBufInfo
                0x0010a3f8       0x20 C:/devkitPro/libctru/lib\libcitro3d.a(buffers.o)
                0x0010a3f8                C3D_GetBufInfo
 .text.C3D_SetBufInfo
                0x0010a418       0x3c C:/devkitPro/libctru/lib\libcitro3d.a(buffers.o)
                0x0010a418                C3D_SetBufInfo
 .text.C3Di_BufInfoBind
                0x0010a454       0x48 C:/devkitPro/libctru/lib\libcitro3d.a(buffers.o)
                0x0010a454                C3Di_BufInfoBind
 .text.C3D_DrawElements
                0x0010a49c      0x21c C:/devkitPro/libctru/lib\libcitro3d.a(drawElements.o)
                0x0010a49c                C3D_DrawElements
 .text.C3D_DepthMap
                0x0010a6b8       0x40 C:/devkitPro/libctru/lib\libcitro3d.a(effect.o)
                0x0010a6b8                C3D_DepthMap
 .text.C3D_CullFace
                0x0010a6f8       0x1c C:/devkitPro/libctru/lib\libcitro3d.a(effect.o)
                0x0010a6f8                C3D_CullFace
 .text.C3D_StencilTest
                0x0010a714       0x40 C:/devkitPro/libctru/lib\libcitro3d.a(effect.o)
                0x0010a714                C3D_StencilTest
 .text.C3D_StencilOp
                0x0010a754       0x24 C:/devkitPro/libctru/lib\libcitro3d.a(effect.o)
                0x0010a754                C3D_StencilOp
 .text.C3D_BlendingColor
                0x0010a778       0x1c C:/devkitPro/libctru/lib\libcitro3d.a(effect.o)
                0x0010a778                C3D_BlendingColor
 .text.C3D_EarlyDepthTest
                0x0010a794       0x24 C:/devkitPro/libctru/lib\libcitro3d.a(effect.o)
                0x0010a794                C3D_EarlyDepthTest
 .text.C3D_DepthTest
                0x0010a7b8       0x2c C:/devkitPro/libctru/lib\libcitro3d.a(effect.o)
                0x0010a7b8                C3D_DepthTest
 .text.C3D_AlphaTest
                0x0010a7e4       0x2c C:/devkitPro/libctru/lib\libcitro3d.a(effect.o)
                0x0010a7e4                C3D_AlphaTest
 .text.C3D_AlphaBlend
                0x0010a810       0x50 C:/devkitPro/libctru/lib\libcitro3d.a(effect.o)
                0x0010a810                C3D_AlphaBlend
 .text.C3D_FragOpMode
                0x0010a860       0x30 C:/devkitPro/libctru/lib\libcitro3d.a(effect.o)
                0x0010a860                C3D_FragOpMode
 .text.C3D_FragOpShadow
                0x0010a890       0x44 C:/devkitPro/libctru/lib\libcitro3d.a(effect.o)
                0x0010a890                C3D_FragOpShadow
 .text.C3Di_EffectBind
                0x0010a8d4      0x1ac C:/devkitPro/libctru/lib\libcitro3d.a(effect.o)
                0x0010a8d4                C3Di_EffectBind
 .text.C3D_CalcColorBufSize
                0x0010aa80       0x1c C:/devkitPro/libctru/lib\libcitro3d.a(framebuffer.o)
                0x0010aa80                C3D_CalcColorBufSize
 .text.C3D_CalcDepthBufSize
                0x0010aa9c       0x1c C:/devkitPro/libctru/lib\libcitro3d.a(framebuffer.o)
                0x0010aa9c                C3D_CalcDepthBufSize
 .text.C3D_SetFrameBuf
                0x0010aab8       0x44 C:/devkitPro/libctru/lib\libcitro3d.a(framebuffer.o)
                0x0010aab8                C3D_SetFrameBuf
 .text.C3Di_FrameBufBind
                0x0010aafc      0x16c C:/devkitPro/libctru/lib\libcitro3d.a(framebuffer.o)
                0x0010aafc                C3Di_FrameBufBind
 .text.C3D_FrameBufClear
                0x0010ac68       0xc8 C:/devkitPro/libctru/lib\libcitro3d.a(framebuffer.o)
                0x0010ac68                C3D_FrameBufClear
 .text.C3D_FrameBufTransfer
                0x0010ad30       0x44 C:/devkitPro/libctru/lib\libcitro3d.a(framebuffer.o)
                0x0010ad30                C3D_FrameBufTransfer
 .text.C3D_ImmSendAttrib
                0x0010ad74       0xa8 C:/devkitPro/libctru/lib\libcitro3d.a(immediate.o)
                0x0010ad74                C3D_ImmSendAttrib
 .text.C3D_ProcTexInit
                0x0010ae1c       0x70 C:/devkitPro/libctru/lib\libcitro3d.a(proctex.o)
                0x0010ae1c                C3D_ProcTexInit
 .text.C3D_ProcTexBind
                0x0010ae8c       0x54 C:/devkitPro/libctru/lib\libcitro3d.a(proctex.o)
                0x0010ae8c                C3D_ProcTexBind
 .text.C3D_ProcTexLutBind
                0x0010aee0       0x5c C:/devkitPro/libctru/lib\libcitro3d.a(proctex.o)
                0x0010aee0                C3D_ProcTexLutBind
 .text.ProcTexLut_FromArray
                0x0010af3c       0xa4 C:/devkitPro/libctru/lib\libcitro3d.a(proctex.o)
                0x0010af3c                ProcTexLut_FromArray
 .text.C3Di_ProcTexUpdate
                0x0010afe0      0x178 C:/devkitPro/libctru/lib\libcitro3d.a(proctex.o)
                0x0010afe0                C3Di_ProcTexUpdate
 .text.C3Di_ProcTexDirty
                0x0010b158       0x68 C:/devkitPro/libctru/lib\libcitro3d.a(proctex.o)
                0x0010b158                C3Di_ProcTexDirty
 .text.onVBlank0
                0x0010b1c0       0x4c C:/devkitPro/libctru/lib\libcitro3d.a(renderqueue.o)
 .text.onVBlank1
                0x0010b20c       0x4c C:/devkitPro/libctru/lib\libcitro3d.a(renderqueue.o)
 .text.C3Di_RenderTargetDestroy
                0x0010b258       0x80 C:/devkitPro/libctru/lib\libcitro3d.a(renderqueue.o)
 .text.onQueueFinish
                0x0010b2d8       0xf4 C:/devkitPro/libctru/lib\libcitro3d.a(renderqueue.o)
 .text.C3Di_RenderQueueEnableVBlank
                0x0010b3cc       0x38 C:/devkitPro/libctru/lib\libcitro3d.a(renderqueue.o)
                0x0010b3cc                C3Di_RenderQueueEnableVBlank
 .text.C3Di_RenderQueueDisableVBlank
                0x0010b404       0x30 C:/devkitPro/libctru/lib\libcitro3d.a(renderqueue.o)
                0x0010b404                C3Di_RenderQueueDisableVBlank
 .text.C3Di_RenderQueueInit
                0x0010b434       0x60 C:/devkitPro/libctru/lib\libcitro3d.a(renderqueue.o)
                0x0010b434                C3Di_RenderQueueInit
 .text.C3Di_RenderQueueExit
                0x0010b494       0xb4 C:/devkitPro/libctru/lib\libcitro3d.a(renderqueue.o)
                0x0010b494                C3Di_RenderQueueExit
 .text.C3Di_RenderQueueWaitDone
                0x0010b548       0x34 C:/devkitPro/libctru/lib\libcitro3d.a(renderqueue.o)
                0x0010b548                C3Di_RenderQueueWaitDone
 .text.C3D_FrameBegin
                0x0010b57c       0xe8 C:/devkitPro/libctru/lib\libcitro3d.a(renderqueue.o)
                0x0010b57c                C3D_FrameBegin
 .text.C3D_FrameDrawOn
                0x0010b664       0x48 C:/devkitPro/libctru/lib\libcitro3d.a(renderqueue.o)
                0x0010b664                C3D_FrameDrawOn
 .text.C3D_FrameEnd
                0x0010b6ac      0x1d0 C:/devkitPro/libctru/lib\libcitro3d.a(renderqueue.o)
                0x0010b6ac                C3D_FrameEnd
 .text.C3D_FrameEndHook
                0x0010b87c       0x1c C:/devkitPro/libctru/lib\libcitro3d.a(renderqueue.o)
                0x0010b87c                C3D_FrameEndHook
 .text.C3D_RenderTargetCreate
                0x0010b898      0x170 C:/devkitPro/libctru/lib\libcitro3d.a(renderqueue.o)
                0x0010b898                C3D_RenderTargetCreate
 .text.C3D_RenderTargetSetOutput
                0x0010ba08       0xa8 C:/devkitPro/libctru/lib\libcitro3d.a(renderqueue.o)
                0x0010ba08                C3D_RenderTargetSetOutput
 .text.C3D_SyncTextureCopy
                0x0010bab0       0xfc C:/devkitPro/libctru/lib\libcitro3d.a(renderqueue.o)
                0x0010bab0                C3D_SyncTextureCopy
 .text.Tex3DSi_ImportCommon
                0x0010bbac      0x3d8 C:/devkitPro/libctru/lib\libcitro3d.a(tex3ds.o)
 .text.Tex3DS_TextureImportStdio
                0x0010bf84       0x38 C:/devkitPro/libctru/lib\libcitro3d.a(tex3ds.o)
                0x0010bf84                Tex3DS_TextureImportStdio
 .text.C3D_GetTexEnv
                0x0010bfbc       0x34 C:/devkitPro/libctru/lib\libcitro3d.a(texenv.o)
                0x0010bfbc                C3D_GetTexEnv
 .text.C3Di_TexEnvBind
                0x0010bff0       0x24 C:/devkitPro/libctru/lib\libcitro3d.a(texenv.o)
                0x0010bff0                C3Di_TexEnvBind
 .text.C3D_TexInitWithParams
                0x0010c014      0x290 C:/devkitPro/libctru/lib\libcitro3d.a(texture.o)
                0x0010c014                C3D_TexInitWithParams
 .text.C3D_TexLoadImage
                0x0010c2a4       0xc8 C:/devkitPro/libctru/lib\libcitro3d.a(texture.o)
                0x0010c2a4                C3D_TexLoadImage
 .text.C3D_TexBind
                0x0010c36c       0x44 C:/devkitPro/libctru/lib\libcitro3d.a(texture.o)
                0x0010c36c                C3D_TexBind
 .text.C3D_TexDelete
                0x0010c3b0       0x74 C:/devkitPro/libctru/lib\libcitro3d.a(texture.o)
                0x0010c3b0                C3D_TexDelete
 .text.C3Di_SetTex
                0x0010c424      0x14c C:/devkitPro/libctru/lib\libcitro3d.a(texture.o)
                0x0010c424                C3Di_SetTex
 .text.C3D_UpdateUniforms
                0x0010c570      0x290 C:/devkitPro/libctru/lib\libcitro3d.a(uniforms.o)
                0x0010c570                C3D_UpdateUniforms
 .text.C3Di_DirtyUniforms
                0x0010c800       0xc0 C:/devkitPro/libctru/lib\libcitro3d.a(uniforms.o)
                0x0010c800                C3Di_DirtyUniforms
 .text.C3Di_LoadShaderUniforms
                0x0010c8c0       0xd8 C:/devkitPro/libctru/lib\libcitro3d.a(uniforms.o)
                0x0010c8c0                C3Di_LoadShaderUniforms
 .text.C3Di_ClearShaderUniforms
                0x0010c998       0x28 C:/devkitPro/libctru/lib\libcitro3d.a(uniforms.o)
                0x0010c998                C3Di_ClearShaderUniforms
 .text.Mtx_LookAt
                0x0010c9c0      0x12c C:/devkitPro/libctru/lib\libcitro3d.a(mtx_lookat.o)
                0x0010c9c0                Mtx_LookAt
 .text.Mtx_Multiply
                0x0010caec       0xb8 C:/devkitPro/libctru/lib\libcitro3d.a(mtx_multiply.o)
                0x0010caec                Mtx_Multiply
 .text.Mtx_Ortho
                0x0010cba4       0xcc C:/devkitPro/libctru/lib\libcitro3d.a(mtx_ortho.o)
                0x0010cba4                Mtx_Ortho
 .text.Mtx_OrthoTilt
                0x0010cc70       0xcc C:/devkitPro/libctru/lib\libcitro3d.a(mtx_orthotilt.o)
                0x0010cc70                Mtx_OrthoTilt
 .text.Mtx_PerspTilt
                0x0010cd3c       0x94 C:/devkitPro/libctru/lib\libcitro3d.a(mtx_persptilt.o)
                0x0010cd3c                Mtx_PerspTilt
 .text.Mtx_RotateY
                0x0010cdd0       0xa0 C:/devkitPro/libctru/lib\libcitro3d.a(mtx_rotatey.o)
                0x0010cdd0                Mtx_RotateY
 .text.Mtx_Translate
                0x0010ce70       0xa4 C:/devkitPro/libctru/lib\libcitro3d.a(mtx_translate.o)
                0x0010ce70                Mtx_Translate
 .text._ZL21addrMapNodeComparatorPK11rbtree_nodeS1_
                0x0010cf14       0x24 C:/devkitPro/libctru/lib\libctru.a(linear.o)
 .text._ZL21addrMapNodeDestructorP11rbtree_node
                0x0010cf38        0x4 C:/devkitPro/libctru/lib\libctru.a(linear.o)
 .text.linearMemAlign
                0x0010cf3c      0x120 C:/devkitPro/libctru/lib\libctru.a(linear.o)
                0x0010cf3c                linearMemAlign
 .text.linearAlloc
                0x0010d05c        0x8 C:/devkitPro/libctru/lib\libctru.a(linear.o)
                0x0010d05c                linearAlloc
 .text.linearFree
                0x0010d064       0x5c C:/devkitPro/libctru/lib\libctru.a(linear.o)
                0x0010d064                linearFree
 .text._ZN7MemPool13CoalesceRightEP8MemBlock
                0x0010d0c0       0x84 C:/devkitPro/libctru/lib\libctru.a(mem_pool.o)
                0x0010d0c0                MemPool::CoalesceRight(MemBlock*)
 .text._ZN7MemPool8AllocateER8MemChunkmi
                0x0010d144      0x150 C:/devkitPro/libctru/lib\libctru.a(mem_pool.o)
                0x0010d144                MemPool::Allocate(MemChunk&, unsigned long, int)
 .text._ZN7MemPool10DeallocateERK8MemChunk
                0x0010d294       0xfc C:/devkitPro/libctru/lib\libctru.a(mem_pool.o)
                0x0010d294                MemPool::Deallocate(MemChunk const&)
 .text._ZN7MemPool12GetFreeSpaceEv
                0x0010d390       0x30 C:/devkitPro/libctru/lib\libctru.a(mem_pool.o)
                0x0010d390                MemPool::GetFreeSpace()
 .text._ZL21addrMapNodeComparatorPK11rbtree_nodeS1_
                0x0010d3c0       0x24 C:/devkitPro/libctru/lib\libctru.a(vram.o)
 .text._ZL21addrMapNodeDestructorP11rbtree_node
                0x0010d3e4        0x4 C:/devkitPro/libctru/lib\libctru.a(vram.o)
 .text.vramMemAlignAt
                0x0010d3e8      0x244 C:/devkitPro/libctru/lib\libctru.a(vram.o)
                0x0010d3e8                vramMemAlignAt
 .text.vramAlloc
                0x0010d62c        0xc C:/devkitPro/libctru/lib\libctru.a(vram.o)
                0x0010d62c                vramAlloc
 .text.vramAllocAt
                0x0010d638        0xc C:/devkitPro/libctru/lib\libctru.a(vram.o)
                0x0010d638                vramAllocAt
 .text.vramFree
                0x0010d644       0x90 C:/devkitPro/libctru/lib\libctru.a(vram.o)
                0x0010d644                vramFree
 .text.consoleHandleColorEsc
                0x0010d6d4      0x45c C:/devkitPro/libctru/lib\libctru.a(console.o)
 .text.consoleColorStateShift
                0x0010db30       0xb8 C:/devkitPro/libctru/lib\libctru.a(console.o)
 .text.consoleDrawChar
                0x0010dbe8      0x1ac C:/devkitPro/libctru/lib\libctru.a(console.o)
                0x0010dbe8                consoleDrawChar
 .text.consolePrintChar
                0x0010dd94      0x11c C:/devkitPro/libctru/lib\libctru.a(console.o)
                0x0010dd94                consolePrintChar
 .text.con_write
                0x0010deb0      0x5ec C:/devkitPro/libctru/lib\libctru.a(console.o)
                0x0010deb0                con_write
 .text.newRow   0x0010e49c      0x124 C:/devkitPro/libctru/lib\libctru.a(console.o)
 .text.consoleInit
                0x0010e5c0      0x18c C:/devkitPro/libctru/lib\libctru.a(console.o)
                0x0010e5c0                consoleInit
 .text.fontEnsureMapped
                0x0010e74c       0x94 C:/devkitPro/libctru/lib\libctru.a(font.o)
                0x0010e74c                fontEnsureMapped
 .text.fontGlyphIndexFromCodePoint
                0x0010e7e0      0x100 C:/devkitPro/libctru/lib\libctru.a(font.o)
                0x0010e7e0                fontGlyphIndexFromCodePoint
 .text.fontCalcGlyphPos
                0x0010e8e0      0x1ec C:/devkitPro/libctru/lib\libctru.a(font.o)
                0x0010e8e0                fontCalcGlyphPos
 .text.gfxPresentFramebuffer
                0x0010eacc       0xd0 C:/devkitPro/libctru/lib\libctru.a(gfx.o)
 .text.gfxIsWide
                0x0010eb9c       0x1c C:/devkitPro/libctru/lib\libctru.a(gfx.o)
                0x0010eb9c                gfxIsWide
 .text.gfxSetScreenFormat
                0x0010ebb8       0xec C:/devkitPro/libctru/lib\libctru.a(gfx.o)
                0x0010ebb8                gfxSetScreenFormat
 .text.gfxSetDoubleBuffering
                0x0010eca4       0x10 C:/devkitPro/libctru/lib\libctru.a(gfx.o)
                0x0010eca4                gfxSetDoubleBuffering
 .text.gfxInit  0x0010ecb4       0xd8 C:/devkitPro/libctru/lib\libctru.a(gfx.o)
                0x0010ecb4                gfxInit
 .text.gfxInitDefault
                0x0010ed8c       0x10 C:/devkitPro/libctru/lib\libctru.a(gfx.o)
                0x0010ed8c                gfxInitDefault
 .text.gfxExit  0x0010ed9c       0xb4 C:/devkitPro/libctru/lib\libctru.a(gfx.o)
                0x0010ed9c                gfxExit
 .text.gfxGetFramebuffer
                0x0010ee50       0xa0 C:/devkitPro/libctru/lib\libctru.a(gfx.o)
                0x0010ee50                gfxGetFramebuffer
 .text.gfxFlushBuffers
                0x0010eef0      0x100 C:/devkitPro/libctru/lib\libctru.a(gfx.o)
                0x0010eef0                gfxFlushBuffers
 .text.gfxScreenSwapBuffers
                0x0010eff0       0x30 C:/devkitPro/libctru/lib\libctru.a(gfx.o)
                0x0010eff0                gfxScreenSwapBuffers
 .text.gfxSwapBuffersGpu
                0x0010f020       0x50 C:/devkitPro/libctru/lib\libctru.a(gfx.o)
                0x0010f020                gfxSwapBuffersGpu
 .text.osConvertVirtToPhys
                0x0010f070       0x74 C:/devkitPro/libctru/lib\libctru.a(os.o)
                0x0010f070                osConvertVirtToPhys
 .text.osGetTimeRef
                0x0010f0e4       0x54 C:/devkitPro/libctru/lib\libctru.a(os.o)
                0x0010f0e4                osGetTimeRef
 .text.osGetTime
                0x0010f138       0xec C:/devkitPro/libctru/lib\libctru.a(os.o)
                0x0010f138                osGetTime
 .text.__ctru_speedup_config
                0x0010f224       0x34 C:/devkitPro/libctru/lib\libctru.a(os.o)
                0x0010f224                __ctru_speedup_config
 .text.romfs_close
                0x0010f258        0x8 C:/devkitPro/libctru/lib\libctru.a(romfs_dev.o)
 .text.romfs_seek
                0x0010f260       0xc4 C:/devkitPro/libctru/lib\libctru.a(romfs_dev.o)
 .text.romfs_dirreset
                0x0010f324       0x24 C:/devkitPro/libctru/lib\libctru.a(romfs_dev.o)
 .text.fill_dir
                0x0010f348       0xc8 C:/devkitPro/libctru/lib\libctru.a(romfs_dev.o)
 .text.romfs_dirnext
                0x0010f410      0x2a8 C:/devkitPro/libctru/lib\libctru.a(romfs_dev.o)
 .text.romfs_free
                0x0010f6b8       0x74 C:/devkitPro/libctru/lib\libctru.a(romfs_dev.o)
 .text.searchForFile.constprop.0
                0x0010f72c       0xd4 C:/devkitPro/libctru/lib\libctru.a(romfs_dev.o)
 .text.searchForDir.constprop.0
                0x0010f800       0xd8 C:/devkitPro/libctru/lib\libctru.a(romfs_dev.o)
 .text.navigateToDir.constprop.0
                0x0010f8d8      0x1c0 C:/devkitPro/libctru/lib\libctru.a(romfs_dev.o)
 .text.romfs_open
                0x0010fa98      0x10c C:/devkitPro/libctru/lib\libctru.a(romfs_dev.o)
 .text.romfs_chdir
                0x0010fba4       0x4c C:/devkitPro/libctru/lib\libctru.a(romfs_dev.o)
 .text.romfs_diropen
                0x0010fbf0       0x70 C:/devkitPro/libctru/lib\libctru.a(romfs_dev.o)
 .text.romfs_stat
                0x0010fc60      0x174 C:/devkitPro/libctru/lib\libctru.a(romfs_dev.o)
 .text.romfs_dirclose
                0x0010fdd4        0x8 C:/devkitPro/libctru/lib\libctru.a(romfs_dev.o)
 *fill*         0x0010fddc        0x4 
 .text.romfs_fstat
                0x0010fde0       0x84 C:/devkitPro/libctru/lib\libctru.a(romfs_dev.o)
 .text.romfs_read
                0x0010fe64       0xd0 C:/devkitPro/libctru/lib\libctru.a(romfs_dev.o)
 .text.romfsMountFromFile
                0x0010ff34      0x28c C:/devkitPro/libctru/lib\libctru.a(romfs_dev.o)
                0x0010ff34                romfsMountFromFile
 .text.romfsMountFromCurrentProcess
                0x001101c0       0x98 C:/devkitPro/libctru/lib\libctru.a(romfs_dev.o)
                0x001101c0                romfsMountFromCurrentProcess
 .text.romfsMountSelf
                0x00110258      0x260 C:/devkitPro/libctru/lib\libctru.a(romfs_dev.o)
                0x00110258                romfsMountSelf
 .text.romfsUnmount
                0x001104b8       0xa4 C:/devkitPro/libctru/lib\libctru.a(romfs_dev.o)
                0x001104b8                romfsUnmount
 .text.GPUCMD_Add
                0x0011055c      0x13c C:/devkitPro/libctru/lib\libctru.a(gpu.o)
                0x0011055c                GPUCMD_Add
 .text.GPUCMD_Split
                0x00110698       0xb0 C:/devkitPro/libctru/lib\libctru.a(gpu.o)
                0x00110698                GPUCMD_Split
 .text.f32tof16
                0x00110748       0x34 C:/devkitPro/libctru/lib\libctru.a(gpu.o)
                0x00110748                f32tof16
 .text.f32tof24
                0x0011077c       0x34 C:/devkitPro/libctru/lib\libctru.a(gpu.o)
                0x0011077c                f32tof24
 .text.f32tof31
                0x001107b0       0x38 C:/devkitPro/libctru/lib\libctru.a(gpu.o)
                0x001107b0                f32tof31
 .text.GX_BindQueue
                0x001107e8       0x10 C:/devkitPro/libctru/lib\libctru.a(gx.o)
                0x001107e8                GX_BindQueue
 .text.GX_ProcessCommandList
                0x001107f8       0x78 C:/devkitPro/libctru/lib\libctru.a(gx.o)
                0x001107f8                GX_ProcessCommandList
 .text.GX_MemoryFill
                0x00110870       0x74 C:/devkitPro/libctru/lib\libctru.a(gx.o)
                0x00110870                GX_MemoryFill
 .text.GX_DisplayTransfer
                0x001108e4       0x70 C:/devkitPro/libctru/lib\libctru.a(gx.o)
                0x001108e4                GX_DisplayTransfer
 .text.GX_TextureCopy
                0x00110954       0x74 C:/devkitPro/libctru/lib\libctru.a(gx.o)
                0x00110954                GX_TextureCopy
 .text.gxCmdQueueDoCommands.part.0
                0x001109c8       0x68 C:/devkitPro/libctru/lib\libctru.a(gxqueue.o)
 .text.gxCmdQueueInterrupt
                0x00110a30       0xc8 C:/devkitPro/libctru/lib\libctru.a(gxqueue.o)
                0x00110a30                gxCmdQueueInterrupt
 .text.gxCmdQueueClear
                0x00110af8       0x4c C:/devkitPro/libctru/lib\libctru.a(gxqueue.o)
                0x00110af8                gxCmdQueueClear
 .text.gxCmdQueueAdd
                0x00110b44       0xf8 C:/devkitPro/libctru/lib\libctru.a(gxqueue.o)
                0x00110b44                gxCmdQueueAdd
 .text.gxCmdQueueRun
                0x00110c3c       0x80 C:/devkitPro/libctru/lib\libctru.a(gxqueue.o)
                0x00110c3c                gxCmdQueueRun
 .text.gxCmdQueueStop
                0x00110cbc       0x60 C:/devkitPro/libctru/lib\libctru.a(gxqueue.o)
                0x00110cbc                gxCmdQueueStop
 .text.gxCmdQueueWait
                0x00110d1c       0x8c C:/devkitPro/libctru/lib\libctru.a(gxqueue.o)
                0x00110d1c                gxCmdQueueWait
 .text.shaderInstanceInit
                0x00110da8      0x1d0 C:/devkitPro/libctru/lib\libctru.a(shaderProgram.o)
                0x00110da8                shaderInstanceInit
 .text.shaderInstanceGetUniformLocation
                0x00110f78       0x18 C:/devkitPro/libctru/lib\libctru.a(shaderProgram.o)
                0x00110f78                shaderInstanceGetUniformLocation
 .text.shaderProgramInit
                0x00110f90       0x1c C:/devkitPro/libctru/lib\libctru.a(shaderProgram.o)
                0x00110f90                shaderProgramInit
 .text.shaderProgramFree
                0x00110fac       0x64 C:/devkitPro/libctru/lib\libctru.a(shaderProgram.o)
                0x00110fac                shaderProgramFree
 .text.shaderProgramSetVsh
                0x00111010       0x80 C:/devkitPro/libctru/lib\libctru.a(shaderProgram.o)
                0x00111010                shaderProgramSetVsh
 .text.shaderProgramConfigure
                0x00111090      0x8d0 C:/devkitPro/libctru/lib\libctru.a(shaderProgram.o)
                0x00111090                shaderProgramConfigure
 .text.DVLE_GenerateOutmap.part.0
                0x00111960      0x1dc C:/devkitPro/libctru/lib\libctru.a(shbin.o)
 .text.DVLB_ParseFile
                0x00111b3c      0x1b0 C:/devkitPro/libctru/lib\libctru.a(shbin.o)
                0x00111b3c                DVLB_ParseFile
 .text.DVLB_Free
                0x00111cec       0x38 C:/devkitPro/libctru/lib\libctru.a(shbin.o)
                0x00111cec                DVLB_Free
 .text.DVLE_GetUniformRegister
                0x00111d24       0x74 C:/devkitPro/libctru/lib\libctru.a(shbin.o)
                0x00111d24                DVLE_GetUniformRegister
 .text.aptConvertScreenForCapture
                0x00111d98      0x1b0 C:/devkitPro/libctru/lib\libctru.a(apt.o)
 .text.aptDspSleep
                0x00111f48        0x8 C:/devkitPro/libctru/lib\libctru.a(apt.o)
                0x00111f48                aptDspSleep
 .text.aptDspWakeup
                0x00111f50        0x4 C:/devkitPro/libctru/lib\libctru.a(apt.o)
                0x00111f50                aptDspWakeup
 .text.aptDspCancel
                0x00111f54        0x4 C:/devkitPro/libctru/lib\libctru.a(apt.o)
                0x00111f54                aptDspCancel
 .text.aptSendCommand
                0x00111f58      0x158 C:/devkitPro/libctru/lib\libctru.a(apt.o)
                0x00111f58                aptSendCommand
 .text.aptExitProcess
                0x001120b0       0x44 C:/devkitPro/libctru/lib\libctru.a(apt.o)
 .text.aptExit  0x001120f4      0x380 C:/devkitPro/libctru/lib\libctru.a(apt.o)
                0x001120f4                aptExit
 .text.aptHandleSleep
                0x00112474       0xd8 C:/devkitPro/libctru/lib\libctru.a(apt.o)
                0x00112474                aptHandleSleep
 .text.aptHook  0x0011254c       0x30 C:/devkitPro/libctru/lib\libctru.a(apt.o)
                0x0011254c                aptHook
 .text.aptUnhook
                0x0011257c       0x30 C:/devkitPro/libctru/lib\libctru.a(apt.o)
                0x0011257c                aptUnhook
 .text.APT_SleepIfShellClosed
                0x001125ac       0x84 C:/devkitPro/libctru/lib\libctru.a(apt.o)
                0x001125ac                APT_SleepIfShellClosed
 .text.aptSetSleepAllowed
                0x00112630       0x78 C:/devkitPro/libctru/lib\libctru.a(apt.o)
                0x00112630                aptSetSleepAllowed
 .text.APT_UnlockTransition
                0x001126a8       0x84 C:/devkitPro/libctru/lib\libctru.a(apt.o)
                0x001126a8                APT_UnlockTransition
 *fill*         0x0011272c        0x4 
 .text.aptEventHandler
                0x00112730      0x478 C:/devkitPro/libctru/lib\libctru.a(apt.o)
 .text.APT_ReceiveParameter
                0x00112ba8       0xb0 C:/devkitPro/libctru/lib\libctru.a(apt.o)
                0x00112ba8                APT_ReceiveParameter
 .text.aptReceiveParameter.constprop.0
                0x00112c58       0xac C:/devkitPro/libctru/lib\libctru.a(apt.o)
 *fill*         0x00112d04        0x4 
 .text.aptScreenTransfer
                0x00112d08      0x294 C:/devkitPro/libctru/lib\libctru.a(apt.o)
 .text.aptWaitForWakeUp.isra.0
                0x00112f9c      0x2c8 C:/devkitPro/libctru/lib\libctru.a(apt.o)
 .text.aptJumpToHomeMenu
                0x00113264       0xf4 C:/devkitPro/libctru/lib\libctru.a(apt.o)
                0x00113264                aptJumpToHomeMenu
 .text.aptMainLoop
                0x00113358       0x48 C:/devkitPro/libctru/lib\libctru.a(apt.o)
                0x00113358                aptMainLoop
 .text.aptInit  0x001133a0      0x22c C:/devkitPro/libctru/lib\libctru.a(apt.o)
                0x001133a0                aptInit
 .text.APT_CheckNew3DS
                0x001135cc       0x7c C:/devkitPro/libctru/lib\libctru.a(apt.o)
                0x001135cc                APT_CheckNew3DS
 .text.APT_GetSharedFont
                0x00113648       0x48 C:/devkitPro/libctru/lib\libctru.a(apt.o)
                0x00113648                APT_GetSharedFont
 .text.cfguInit
                0x00113690       0xa4 C:/devkitPro/libctru/lib\libctru.a(cfgu.o)
                0x00113690                cfguInit
 .text.fsInit   0x00113734       0xd0 C:/devkitPro/libctru/lib\libctru.a(fs.o)
                0x00113734                fsInit
 .text.fsExit   0x00113804       0x3c C:/devkitPro/libctru/lib\libctru.a(fs.o)
                0x00113804                fsExit
 .text.fsExemptFromSession
                0x00113840       0x60 C:/devkitPro/libctru/lib\libctru.a(fs.o)
                0x00113840                fsExemptFromSession
 .text.fsUnexemptFromSession
                0x001138a0       0x50 C:/devkitPro/libctru/lib\libctru.a(fs.o)
                0x001138a0                fsUnexemptFromSession
 .text.FSUSER_OpenFile
                0x001138f0       0xcc C:/devkitPro/libctru/lib\libctru.a(fs.o)
                0x001138f0                FSUSER_OpenFile
 .text.FSUSER_OpenFileDirectly
                0x001139bc       0xd4 C:/devkitPro/libctru/lib\libctru.a(fs.o)
                0x001139bc                FSUSER_OpenFileDirectly
 .text.FSUSER_DeleteFile
                0x00113a90       0xbc C:/devkitPro/libctru/lib\libctru.a(fs.o)
                0x00113a90                FSUSER_DeleteFile
 .text.FSUSER_RenameFile
                0x00113b4c       0xf8 C:/devkitPro/libctru/lib\libctru.a(fs.o)
                0x00113b4c                FSUSER_RenameFile
 .text.FSUSER_DeleteDirectory
                0x00113c44       0xbc C:/devkitPro/libctru/lib\libctru.a(fs.o)
                0x00113c44                FSUSER_DeleteDirectory
 .text.FSUSER_CreateFile
                0x00113d00       0xd4 C:/devkitPro/libctru/lib\libctru.a(fs.o)
                0x00113d00                FSUSER_CreateFile
 .text.FSUSER_CreateDirectory
                0x00113dd4       0xc4 C:/devkitPro/libctru/lib\libctru.a(fs.o)
                0x00113dd4                FSUSER_CreateDirectory
 .text.FSUSER_RenameDirectory
                0x00113e98       0xf8 C:/devkitPro/libctru/lib\libctru.a(fs.o)
                0x00113e98                FSUSER_RenameDirectory
 .text.FSUSER_OpenDirectory
                0x00113f90       0xb4 C:/devkitPro/libctru/lib\libctru.a(fs.o)
                0x00113f90                FSUSER_OpenDirectory
 .text.FSUSER_OpenArchive
                0x00114044       0x94 C:/devkitPro/libctru/lib\libctru.a(fs.o)
                0x00114044                FSUSER_OpenArchive
 .text.FSUSER_CloseArchive
                0x001140d8       0x8c C:/devkitPro/libctru/lib\libctru.a(fs.o)
                0x001140d8                FSUSER_CloseArchive
 .text.FSUSER_GetSdmcArchiveResource
                0x00114164       0x74 C:/devkitPro/libctru/lib\libctru.a(fs.o)
                0x00114164                FSUSER_GetSdmcArchiveResource
 .text.FSUSER_IsSdmcWritable
                0x001141d8       0x64 C:/devkitPro/libctru/lib\libctru.a(fs.o)
                0x001141d8                FSUSER_IsSdmcWritable
 .text.FSFILE_Read
                0x0011423c       0x58 C:/devkitPro/libctru/lib\libctru.a(fs.o)
                0x0011423c                FSFILE_Read
 .text.FSFILE_Write
                0x00114294       0x60 C:/devkitPro/libctru/lib\libctru.a(fs.o)
                0x00114294                FSFILE_Write
 .text.FSFILE_GetSize
                0x001142f4       0x38 C:/devkitPro/libctru/lib\libctru.a(fs.o)
                0x001142f4                FSFILE_GetSize
 .text.FSFILE_SetSize
                0x0011432c       0x28 C:/devkitPro/libctru/lib\libctru.a(fs.o)
                0x0011432c                FSFILE_SetSize
 .text.FSFILE_Close
                0x00114354       0x3c C:/devkitPro/libctru/lib\libctru.a(fs.o)
                0x00114354                FSFILE_Close
 .text.FSFILE_Flush
                0x00114390       0x24 C:/devkitPro/libctru/lib\libctru.a(fs.o)
                0x00114390                FSFILE_Flush
 .text.FSDIR_Read
                0x001143b4       0x50 C:/devkitPro/libctru/lib\libctru.a(fs.o)
                0x001143b4                FSDIR_Read
 .text.FSDIR_Close
                0x00114404       0x3c C:/devkitPro/libctru/lib\libctru.a(fs.o)
                0x00114404                FSDIR_Close
 .text.gspHardwareInit
                0x00114440      0xc70 C:/devkitPro/libctru/lib\libctru.a(gspgpu.o)
 .text.gspInit  0x001150b0      0x248 C:/devkitPro/libctru/lib\libctru.a(gspgpu.o)
                0x001150b0                gspInit
 .text.gspExit  0x001152f8       0xe4 C:/devkitPro/libctru/lib\libctru.a(gspgpu.o)
                0x001152f8                gspExit
 .text.gspHasGpuRight
                0x001153dc       0x10 C:/devkitPro/libctru/lib\libctru.a(gspgpu.o)
                0x001153dc                gspHasGpuRight
 .text.gspPresentBuffer
                0x001153ec       0xa0 C:/devkitPro/libctru/lib\libctru.a(gspgpu.o)
                0x001153ec                gspPresentBuffer
 .text.gspSetEventCallback
                0x0011548c       0x30 C:/devkitPro/libctru/lib\libctru.a(gspgpu.o)
                0x0011548c                gspSetEventCallback
 .text.gspWaitForEvent
                0x001154bc       0x44 C:/devkitPro/libctru/lib\libctru.a(gspgpu.o)
                0x001154bc                gspWaitForEvent
 .text.gspWaitForAnyEvent
                0x00115500       0x4c C:/devkitPro/libctru/lib\libctru.a(gspgpu.o)
                0x00115500                gspWaitForAnyEvent
 .text.gspEventThreadMain
                0x0011554c      0x160 C:/devkitPro/libctru/lib\libctru.a(gspgpu.o)
 .text.gspSubmitGxCommand
                0x001156ac      0x130 C:/devkitPro/libctru/lib\libctru.a(gspgpu.o)
                0x001156ac                gspSubmitGxCommand
 .text.GSPGPU_FlushDataCache
                0x001157dc       0x50 C:/devkitPro/libctru/lib\libctru.a(gspgpu.o)
                0x001157dc                GSPGPU_FlushDataCache
 .text.GSPGPU_SetLcdForceBlack
                0x0011582c       0x34 C:/devkitPro/libctru/lib\libctru.a(gspgpu.o)
                0x0011582c                GSPGPU_SetLcdForceBlack
 .text.GSPGPU_AcquireRight
                0x00115860       0x68 C:/devkitPro/libctru/lib\libctru.a(gspgpu.o)
                0x00115860                GSPGPU_AcquireRight
 .text.GSPGPU_ReleaseRight
                0x001158c8       0x48 C:/devkitPro/libctru/lib\libctru.a(gspgpu.o)
                0x001158c8                GSPGPU_ReleaseRight
 .text.GSPGPU_ImportDisplayCaptureInfo
                0x00115910       0x7c C:/devkitPro/libctru/lib\libctru.a(gspgpu.o)
                0x00115910                GSPGPU_ImportDisplayCaptureInfo
 .text.GSPGPU_SaveVramSysArea
                0x0011598c       0x2c C:/devkitPro/libctru/lib\libctru.a(gspgpu.o)
                0x0011598c                GSPGPU_SaveVramSysArea
 .text.GSPGPU_RestoreVramSysArea
                0x001159b8       0x2c C:/devkitPro/libctru/lib\libctru.a(gspgpu.o)
                0x001159b8                GSPGPU_RestoreVramSysArea
 .text.hidShouldUseIrrst
                0x001159e4       0x24 C:/devkitPro/libctru/lib\libctru.a(hid.o)
                0x001159e4                hidShouldUseIrrst
 .text.hidInit  0x00115a08      0x18c C:/devkitPro/libctru/lib\libctru.a(hid.o)
                0x00115a08                hidInit
 .text.hidExit  0x00115b94       0xe8 C:/devkitPro/libctru/lib\libctru.a(hid.o)
                0x00115b94                hidExit
 .text.hidScanInput
                0x00115c7c      0x2a4 C:/devkitPro/libctru/lib\libctru.a(hid.o)
                0x00115c7c                hidScanInput
 .text.hidKeysHeld
                0x00115f20       0x10 C:/devkitPro/libctru/lib\libctru.a(hid.o)
                0x00115f20                hidKeysHeld
 .text.hidKeysDown
                0x00115f30       0x10 C:/devkitPro/libctru/lib\libctru.a(hid.o)
                0x00115f30                hidKeysDown
 .text.irrstInit
                0x00115f40      0x160 C:/devkitPro/libctru/lib\libctru.a(irrst.o)
                0x00115f40                irrstInit
 .text.irrstExit
                0x001160a0       0xcc C:/devkitPro/libctru/lib\libctru.a(irrst.o)
                0x001160a0                irrstExit
 .text.irrstScanInput
                0x0011616c       0xb4 C:/devkitPro/libctru/lib\libctru.a(irrst.o)
                0x0011616c                irrstScanInput
 .text.irrstKeysHeld
                0x00116220       0x24 C:/devkitPro/libctru/lib\libctru.a(irrst.o)
                0x00116220                irrstKeysHeld
 .text.irrstCstickRead
                0x00116244       0x18 C:/devkitPro/libctru/lib\libctru.a(irrst.o)
                0x00116244                irrstCstickRead
 .text.ptmSysmInit
                0x0011625c       0x74 C:/devkitPro/libctru/lib\libctru.a(ptmsysm.o)
                0x0011625c                ptmSysmInit
 .text.ptmSysmExit
                0x001162d0       0x3c C:/devkitPro/libctru/lib\libctru.a(ptmsysm.o)
                0x001162d0                ptmSysmExit
 .text.PTMSYSM_ConfigureNew3DSCPU
                0x0011630c       0x34 C:/devkitPro/libctru/lib\libctru.a(ptmsysm.o)
                0x0011630c                PTMSYSM_ConfigureNew3DSCPU
 .text.buffer_read
                0x00116340       0xe0 C:/devkitPro/libctru/lib\libctru.a(decompress.o)
 .text.iov_read
                0x00116420       0xcc C:/devkitPro/libctru/lib\libctru.a(decompress.o)
 .text.iov_memmove
                0x001164ec      0x148 C:/devkitPro/libctru/lib\libctru.a(decompress.o)
 .text.decompress_rle
                0x00116634      0x1dc C:/devkitPro/libctru/lib\libctru.a(decompress.o)
 .text.decompress_lzss
                0x00116810      0x26c C:/devkitPro/libctru/lib\libctru.a(decompress.o)
 .text.decompress_lz11
                0x00116a7c      0x42c C:/devkitPro/libctru/lib\libctru.a(decompress.o)
 .text.decompress_huff
                0x00116ea8      0x36c C:/devkitPro/libctru/lib\libctru.a(decompress.o)
 .text.decompressCallback_Stdio
                0x00117214       0x10 C:/devkitPro/libctru/lib\libctru.a(decompress.o)
                0x00117214                decompressCallback_Stdio
 .text.decompressHeader
                0x00117224       0xe4 C:/devkitPro/libctru/lib\libctru.a(decompress.o)
                0x00117224                decompressHeader
 .text.decompressV
                0x00117308      0x200 C:/devkitPro/libctru/lib\libctru.a(decompress.o)
                0x00117308                decompressV
 .text.rbtree_find
                0x00117508       0x74 C:/devkitPro/libctru/lib\libctru.a(rbtree_find.o)
                0x00117508                rbtree_find
 .text.rbtree_init
                0x0011757c       0x10 C:/devkitPro/libctru/lib\libctru.a(rbtree_init.o)
                0x0011757c                rbtree_init
 .text.do_insert
                0x0011758c      0x19c C:/devkitPro/libctru/lib\libctru.a(rbtree_insert.o)
 .text.rbtree_insert
                0x00117728        0x8 C:/devkitPro/libctru/lib\libctru.a(rbtree_insert.o)
                0x00117728                rbtree_insert
 .text.rbtree_remove
                0x00117730      0x310 C:/devkitPro/libctru/lib\libctru.a(rbtree_remove.o)
                0x00117730                rbtree_remove
 .text.rbtree_rotate
                0x00117a40       0x90 C:/devkitPro/libctru/lib\libctru.a(rbtree_rotate.o)
                0x00117a40                rbtree_rotate
 .text.decode_utf8
                0x00117ad0      0x13c C:/devkitPro/libctru/lib\libctru.a(decode_utf8.o)
                0x00117ad0                decode_utf8
 .text.utf16_to_utf8
                0x00117c0c       0xe8 C:/devkitPro/libctru/lib\libctru.a(utf16_to_utf8.o)
                0x00117c0c                utf16_to_utf8
 .text.utf8_to_utf16
                0x00117cf4       0xc0 C:/devkitPro/libctru/lib\libctru.a(utf8_to_utf16.o)
                0x00117cf4                utf8_to_utf16
 *fill*         0x00117db4        0x4 
 .text.__system_allocateHeaps
                0x00117db8      0x1e0 C:/devkitPro/libctru/lib\libctru.a(allocateHeaps.o)
                0x00117db8                __system_allocateHeaps
 .text.__libctru_init
                0x00117f98       0x38 C:/devkitPro/libctru/lib\libctru.a(ctru_init.o)
                0x00117f98                __libctru_init
 .text.__system_initArgv
                0x00117fd0      0x160 C:/devkitPro/libctru/lib\libctru.a(initArgv.o)
                0x00117fd0                __system_initArgv
 .text.__syscall_getreent
                0x00118130       0x30 C:/devkitPro/libctru/lib\libctru.a(syscalls.o)
                0x00118130                __syscall_getreent
 .text.__syscall_clock_gettime
                0x00118160       0xc8 C:/devkitPro/libctru/lib\libctru.a(syscalls.o)
                0x00118160                __syscall_clock_gettime
 .text.__syscall_gettod_r
                0x00118228       0x64 C:/devkitPro/libctru/lib\libctru.a(syscalls.o)
                0x00118228                __syscall_gettod_r
 .text.__syscall_lock_acquire
                0x0011828c        0x4 C:/devkitPro/libctru/lib\libctru.a(syscalls.o)
                0x0011828c                __syscall_lock_acquire
 .text.__syscall_lock_release
                0x00118290        0x4 C:/devkitPro/libctru/lib\libctru.a(syscalls.o)
                0x00118290                __syscall_lock_release
 .text.__syscall_lock_acquire_recursive
                0x00118294        0x4 C:/devkitPro/libctru/lib\libctru.a(syscalls.o)
                0x00118294                __syscall_lock_acquire_recursive
 .text.__syscall_lock_release_recursive
                0x00118298        0x4 C:/devkitPro/libctru/lib\libctru.a(syscalls.o)
                0x00118298                __syscall_lock_release_recursive
 .text.__syscall_exit
                0x0011829c        0x4 C:/devkitPro/libctru/lib\libctru.a(syscalls.o)
                0x0011829c                __syscall_exit
 .text.initThreadVars
                0x001182a0       0x50 C:/devkitPro/libctru/lib\libctru.a(syscalls.o)
                0x001182a0                initThreadVars
 .text.__system_initSyscalls
                0x001182f0       0x80 C:/devkitPro/libctru/lib\libctru.a(syscalls.o)
                0x001182f0                __system_initSyscalls
 .text.svcControlMemory
                0x00118370       0x20 C:/devkitPro/libctru/lib\libctru.a(svc.o)
                0x00118370                svcControlMemory
 .text.svcQueryMemory
                0x00118390       0x30 C:/devkitPro/libctru/lib\libctru.a(svc.o)
                0x00118390                svcQueryMemory
 .text.svcExitProcess
                0x001183c0        0x8 C:/devkitPro/libctru/lib\libctru.a(svc.o)
                0x001183c0                svcExitProcess
 .text.svcCreateThread
                0x001183c8       0x20 C:/devkitPro/libctru/lib\libctru.a(svc.o)
                0x001183c8                svcCreateThread
 .text.svcExitThread
                0x001183e8        0x8 C:/devkitPro/libctru/lib\libctru.a(svc.o)
                0x001183e8                svcExitThread
 .text.svcSleepThread
                0x001183f0        0x8 C:/devkitPro/libctru/lib\libctru.a(svc.o)
                0x001183f0                svcSleepThread
 .text.svcReleaseMutex
                0x001183f8        0x8 C:/devkitPro/libctru/lib\libctru.a(svc.o)
                0x001183f8                svcReleaseMutex
 .text.svcCreateEvent
                0x00118400       0x14 C:/devkitPro/libctru/lib\libctru.a(svc.o)
                0x00118400                svcCreateEvent
 .text.svcSignalEvent
                0x00118414        0x8 C:/devkitPro/libctru/lib\libctru.a(svc.o)
                0x00118414                svcSignalEvent
 .text.svcClearEvent
                0x0011841c        0x8 C:/devkitPro/libctru/lib\libctru.a(svc.o)
                0x0011841c                svcClearEvent
 .text.svcMapMemoryBlock
                0x00118424        0x8 C:/devkitPro/libctru/lib\libctru.a(svc.o)
                0x00118424                svcMapMemoryBlock
 .text.svcUnmapMemoryBlock
                0x0011842c        0x8 C:/devkitPro/libctru/lib\libctru.a(svc.o)
                0x0011842c                svcUnmapMemoryBlock
 .text.svcCreateAddressArbiter
                0x00118434       0x14 C:/devkitPro/libctru/lib\libctru.a(svc.o)
                0x00118434                svcCreateAddressArbiter
 .text.svcArbitrateAddressNoTimeout
                0x00118448        0x8 C:/devkitPro/libctru/lib\libctru.a(svc.o)
                0x00118448                svcArbitrateAddressNoTimeout
 .text.svcCloseHandle
                0x00118450        0x8 C:/devkitPro/libctru/lib\libctru.a(svc.o)
                0x00118450                svcCloseHandle
 .text.svcWaitSynchronization
                0x00118458        0x8 C:/devkitPro/libctru/lib\libctru.a(svc.o)
                0x00118458                svcWaitSynchronization
 .text.svcWaitSynchronizationN
                0x00118460       0x28 C:/devkitPro/libctru/lib\libctru.a(svc.o)
                0x00118460                svcWaitSynchronizationN
 .text.svcDuplicateHandle
                0x00118488       0x14 C:/devkitPro/libctru/lib\libctru.a(svc.o)
                0x00118488                svcDuplicateHandle
 .text.svcGetSystemTick
                0x0011849c        0x8 C:/devkitPro/libctru/lib\libctru.a(svc.o)
                0x0011849c                svcGetSystemTick
 .text.svcConnectToPort
                0x001184a4       0x14 C:/devkitPro/libctru/lib\libctru.a(svc.o)
                0x001184a4                svcConnectToPort
 .text.svcSendSyncRequest
                0x001184b8        0x8 C:/devkitPro/libctru/lib\libctru.a(svc.o)
                0x001184b8                svcSendSyncRequest
 .text.svcGetResourceLimit
                0x001184c0       0x14 C:/devkitPro/libctru/lib\libctru.a(svc.o)
                0x001184c0                svcGetResourceLimit
 .text.svcGetResourceLimitLimitValues
                0x001184d4        0x8 C:/devkitPro/libctru/lib\libctru.a(svc.o)
                0x001184d4                svcGetResourceLimitLimitValues
 .text.svcGetResourceLimitCurrentValues
                0x001184dc        0x8 C:/devkitPro/libctru/lib\libctru.a(svc.o)
                0x001184dc                svcGetResourceLimitCurrentValues
 .text.svcBreak
                0x001184e4        0x8 C:/devkitPro/libctru/lib\libctru.a(svc.o)
                0x001184e4                svcBreak
 .text.__aeabi_read_tp
                0x001184ec        0xc C:/devkitPro/libctru/lib\libctru.a(readtp.o)
                0x001184ec                __aeabi_read_tp
 .text.initSystem
                0x001184f8       0x50 C:/devkitPro/libctru/lib\libctru.a(stack_adjust.o)
                0x001184f8                initSystem
 .text.__ctru_exit
                0x00118548       0x14 C:/devkitPro/libctru/lib\libctru.a(stack_adjust.o)
                0x00118548                __ctru_exit
 .text.envGetHandle
                0x0011855c       0x84 C:/devkitPro/libctru/lib\libctru.a(env.o)
                0x0011855c                envGetHandle
 .text.envDestroyHandles
                0x001185e0       0x50 C:/devkitPro/libctru/lib\libctru.a(env.o)
                0x001185e0                envDestroyHandles
 .text.srvInit  0x00118630      0x12c C:/devkitPro/libctru/lib\libctru.a(srv.o)
                0x00118630                srvInit
 .text.srvExit  0x0011875c       0x58 C:/devkitPro/libctru/lib\libctru.a(srv.o)
                0x0011875c                srvExit
 .text.srvEnableNotification
                0x001187b4       0x60 C:/devkitPro/libctru/lib\libctru.a(srv.o)
                0x001187b4                srvEnableNotification
 .text.srvGetServiceHandleDirect
                0x00118814       0xa0 C:/devkitPro/libctru/lib\libctru.a(srv.o)
                0x00118814                srvGetServiceHandleDirect
 .text.srvGetServiceHandle
                0x001188b4       0x38 C:/devkitPro/libctru/lib\libctru.a(srv.o)
                0x001188b4                srvGetServiceHandle
 .text.srvSubscribe
                0x001188ec       0x34 C:/devkitPro/libctru/lib\libctru.a(srv.o)
                0x001188ec                srvSubscribe
 .text.srvReceiveNotification
                0x00118920       0x60 C:/devkitPro/libctru/lib\libctru.a(srv.o)
                0x00118920                srvReceiveNotification
 .text.srvPublishToSubscriber
                0x00118980       0x38 C:/devkitPro/libctru/lib\libctru.a(srv.o)
                0x00118980                srvPublishToSubscriber
 .text.__sync_init
                0x001189b8        0xc C:/devkitPro/libctru/lib\libctru.a(synchronization.o)
                0x001189b8                __sync_init
 .text.__sync_fini
                0x001189c4       0x18 C:/devkitPro/libctru/lib\libctru.a(synchronization.o)
                0x001189c4                __sync_fini
 .text.syncArbitrateAddress
                0x001189dc       0x2c C:/devkitPro/libctru/lib\libctru.a(synchronization.o)
                0x001189dc                syncArbitrateAddress
 .text.LightLock_Lock
                0x00118a08       0xb0 C:/devkitPro/libctru/lib\libctru.a(synchronization.o)
                0x00118a08                LightLock_Lock
 .text.LightLock_Unlock
                0x00118ab8       0x40 C:/devkitPro/libctru/lib\libctru.a(synchronization.o)
                0x00118ab8                LightLock_Unlock
 .text.RecursiveLock_Lock
                0x00118af8       0x30 C:/devkitPro/libctru/lib\libctru.a(synchronization.o)
                0x00118af8                RecursiveLock_Lock
 .text.RecursiveLock_Unlock
                0x00118b28       0x54 C:/devkitPro/libctru/lib\libctru.a(synchronization.o)
                0x00118b28                RecursiveLock_Unlock
 .text.LightEvent_Init
                0x00118b7c       0x40 C:/devkitPro/libctru/lib\libctru.a(synchronization.o)
                0x00118b7c                LightEvent_Init
 .text.LightEvent_Clear
                0x00118bbc       0xa4 C:/devkitPro/libctru/lib\libctru.a(synchronization.o)
                0x00118bbc                LightEvent_Clear
 .text.LightEvent_Signal
                0x00118c60       0xc8 C:/devkitPro/libctru/lib\libctru.a(synchronization.o)
                0x00118c60                LightEvent_Signal
 .text.LightEvent_TryWait
                0x00118d28       0x50 C:/devkitPro/libctru/lib\libctru.a(synchronization.o)
                0x00118d28                LightEvent_TryWait
 .text.LightEvent_Wait
                0x00118d78       0xa0 C:/devkitPro/libctru/lib\libctru.a(synchronization.o)
                0x00118d78                LightEvent_Wait
 .text.threadCreate
                0x00118e18      0x1d4 C:/devkitPro/libctru/lib\libctru.a(thread.o)
                0x00118e18                threadCreate
 .text.threadFree
                0x00118fec       0x2c C:/devkitPro/libctru/lib\libctru.a(thread.o)
                0x00118fec                threadFree
 .text.threadJoin
                0x00119018       0x24 C:/devkitPro/libctru/lib\libctru.a(thread.o)
                0x00119018                threadJoin
 .text.threadGetCurrent
                0x0011903c       0x30 C:/devkitPro/libctru/lib\libctru.a(thread.o)
                0x0011903c                threadGetCurrent
 .text.threadExit
                0x0011906c       0x40 C:/devkitPro/libctru/lib\libctru.a(thread.o)
                0x0011906c                threadExit
 .text._thread_begin
                0x001190ac       0x20 C:/devkitPro/libctru/lib\libctru.a(thread.o)
 .text.mappableFindAddressWithin
                0x001190cc       0x90 C:/devkitPro/libctru/lib\libctru.a(mappable.o)
 .text.mappableInit
                0x0011915c       0x28 C:/devkitPro/libctru/lib\libctru.a(mappable.o)
                0x0011915c                mappableInit
 .text.mappableAlloc
                0x00119184       0x80 C:/devkitPro/libctru/lib\libctru.a(mappable.o)
                0x00119184                mappableAlloc
 .text.mappableFree
                0x00119204        0x4 C:/devkitPro/libctru/lib\libctru.a(mappable.o)
                0x00119204                mappableFree
 .text.srvPmGetSessionHandle
                0x00119208        0xc C:/devkitPro/libctru/lib\libctru.a(srvpm.o)
                0x00119208                srvPmGetSessionHandle
 .text.rbtree_node_next
                0x00119214       0x5c C:/devkitPro/libctru/lib\libctru.a(rbtree_iterator.o)
                0x00119214                rbtree_node_next
 .text.decode_utf16
                0x00119270       0x64 C:/devkitPro/libctru/lib\libctru.a(decode_utf16.o)
                0x00119270                decode_utf16
 .text.encode_utf16
                0x001192d4       0x54 C:/devkitPro/libctru/lib\libctru.a(encode_utf16.o)
                0x001192d4                encode_utf16
 .text.encode_utf8
                0x00119328       0xe0 C:/devkitPro/libctru/lib\libctru.a(encode_utf8.o)
                0x00119328                encode_utf8
 .text.__appExit
                0x00119408       0x30 C:/devkitPro/libctru/lib\libctru.a(appExit.o)
                0x00119408                __appExit
 .text.__appInit
                0x00119438       0x30 C:/devkitPro/libctru/lib\libctru.a(appInit.o)
                0x00119438                __appInit
 .text.__libctru_exit
                0x00119468       0x90 C:/devkitPro/libctru/lib\libctru.a(ctru_exit.o)
                0x00119468                __libctru_exit
 .text.archive_link
                0x001194f8       0x14 C:/devkitPro/libctru/lib\libctru.a(archive_dev.o)
 .text.archive_dirreset
                0x0011950c       0x14 C:/devkitPro/libctru/lib\libctru.a(archive_dev.o)
 .text.archive_chmod
                0x00119520       0x14 C:/devkitPro/libctru/lib\libctru.a(archive_dev.o)
 .text.error_cmp
                0x00119534       0x24 C:/devkitPro/libctru/lib\libctru.a(archive_dev.o)
 .text.archive_translate_error
                0x00119558       0x50 C:/devkitPro/libctru/lib\libctru.a(archive_dev.o)
 .text.archive_seek
                0x001195a8       0xc4 C:/devkitPro/libctru/lib\libctru.a(archive_dev.o)
 .text._archiveInit.part.0
                0x0011966c       0x78 C:/devkitPro/libctru/lib\libctru.a(archive_dev.o)
 .text.archiveFindDevice.part.0
                0x001196e4       0xc4 C:/devkitPro/libctru/lib\libctru.a(archive_dev.o)
 .text.archive_utf16path
                0x001197a8      0x290 C:/devkitPro/libctru/lib\libctru.a(archive_dev.o)
 .text._archiveUnmountDeviceStruct.part.0
                0x00119a38       0x9c C:/devkitPro/libctru/lib\libctru.a(archive_dev.o)
 .text.archive_statvfs
                0x00119ad4       0x14 C:/devkitPro/libctru/lib\libctru.a(archive_dev.o)
 .text.archive_fchmod
                0x00119ae8       0x14 C:/devkitPro/libctru/lib\libctru.a(archive_dev.o)
 .text._archiveMountDevice
                0x00119afc      0x168 C:/devkitPro/libctru/lib\libctru.a(archive_dev.o)
 .text.archive_diropen
                0x00119c64       0xe8 C:/devkitPro/libctru/lib\libctru.a(archive_dev.o)
 .text.archive_fstat
                0x00119d4c       0xa4 C:/devkitPro/libctru/lib\libctru.a(archive_dev.o)
 .text.archive_fsync
                0x00119df0       0x6c C:/devkitPro/libctru/lib\libctru.a(archive_dev.o)
 .text.archive_close
                0x00119e5c       0x6c C:/devkitPro/libctru/lib\libctru.a(archive_dev.o)
 .text.archive_dirclose
                0x00119ec8       0x70 C:/devkitPro/libctru/lib\libctru.a(archive_dev.o)
 .text.sdmc_statvfs
                0x00119f38       0xe4 C:/devkitPro/libctru/lib\libctru.a(archive_dev.o)
 .text.archive_chdir
                0x0011a01c       0xec C:/devkitPro/libctru/lib\libctru.a(archive_dev.o)
 .text.archive_ftruncate
                0x0011a108       0x7c C:/devkitPro/libctru/lib\libctru.a(archive_dev.o)
 .text.archive_read
                0x0011a184       0xac C:/devkitPro/libctru/lib\libctru.a(archive_dev.o)
 .text.archive_unlink
                0x0011a230       0xa4 C:/devkitPro/libctru/lib\libctru.a(archive_dev.o)
 .text.archive_rmdir
                0x0011a2d4       0xbc C:/devkitPro/libctru/lib\libctru.a(archive_dev.o)
 .text.archive_mkdir
                0x0011a390       0xdc C:/devkitPro/libctru/lib\libctru.a(archive_dev.o)
 .text.archive_stat
                0x0011a46c      0x194 C:/devkitPro/libctru/lib\libctru.a(archive_dev.o)
 .text.archive_dirnext
                0x0011a600      0x15c C:/devkitPro/libctru/lib\libctru.a(archive_dev.o)
 .text.archive_write
                0x0011a75c      0x124 C:/devkitPro/libctru/lib\libctru.a(archive_dev.o)
 .text.archive_open
                0x0011a880      0x210 C:/devkitPro/libctru/lib\libctru.a(archive_dev.o)
 .text.archive_rename
                0x0011aa90      0x268 C:/devkitPro/libctru/lib\libctru.a(archive_dev.o)
 .text.archiveMountSdmc
                0x0011acf8      0x19c C:/devkitPro/libctru/lib\libctru.a(archive_dev.o)
                0x0011acf8                archiveMountSdmc
 .text.archiveUnmountAll
                0x0011ae94       0x54 C:/devkitPro/libctru/lib\libctru.a(archive_dev.o)
                0x0011ae94                archiveUnmountAll
 .text.sinf     0x0011aee8      0x25c C:/devkitPro/devkitARM/bin/../lib/gcc/arm-none-eabi/14.2.0/../../../../arm-none-eabi/lib/armv6k/fpu\libm.a(libm_a-sinf.o)
                0x0011aee8                sinf
 .text.tanf     0x0011b144       0x70 C:/devkitPro/devkitARM/bin/../lib/gcc/arm-none-eabi/14.2.0/../../../../arm-none-eabi/lib/armv6k/fpu\libm.a(libm_a-sf_tan.o)
                0x0011b144                tanf
 .text.with_errnof
                0x0011b1b4       0x24 C:/devkitPro/devkitARM/bin/../lib/gcc/arm-none-eabi/14.2.0/../../../../arm-none-eabi/lib/armv6k/fpu\libm.a(libm_a-math_errf.o)
 .text.__math_invalidf
                0x0011b1d8       0x1c C:/devkitPro/devkitARM/bin/../lib/gcc/arm-none-eabi/14.2.0/../../../../arm-none-eabi/lib/armv6k/fpu\libm.a(libm_a-math_errf.o)
                0x0011b1d8                __math_invalidf
 .text.ceilf    0x0011b1f4       0xc0 C:/devkitPro/devkitARM/bin/../lib/gcc/arm-none-eabi/14.2.0/../../../../arm-none-eabi/lib/armv6k/fpu\libm.a(libm_a-sf_ceil.o)
                0x0011b1f4                ceilf
 *fill*         0x0011b2b4        0x4 
 .text.cosf     0x0011b2b8      0x21c C:/devkitPro/devkitARM/bin/../lib/gcc/arm-none-eabi/14.2.0/../../../../arm-none-eabi/lib/armv6k/fpu\libm.a(libm_a-cosf.o)
                0x0011b2b8                cosf
 .text.__ieee754_rem_pio2f
                0x0011b4d4      0x2d0 C:/devkitPro/devkitARM/bin/../lib/gcc/arm-none-eabi/14.2.0/../../../../arm-none-eabi/lib/armv6k/fpu\libm.a(libm_a-ef_rem_pio2.o)
                0x0011b4d4                __ieee754_rem_pio2f
 .text.__kernel_tanf
                0x0011b7a4      0x208 C:/devkitPro/devkitARM/bin/../lib/gcc/arm-none-eabi/14.2.0/../../../../arm-none-eabi/lib/armv6k/fpu\libm.a(libm_a-kf_tan.o)
                0x0011b7a4                __kernel_tanf
 .text.fabsf    0x0011b9ac       0x10 C:/devkitPro/devkitARM/bin/../lib/gcc/arm-none-eabi/14.2.0/../../../../arm-none-eabi/lib/armv6k/fpu\libm.a(libm_a-sf_fabs.o)
                0x0011b9ac                fabsf
 .text.__kernel_rem_pio2f
                0x0011b9bc      0x88c C:/devkitPro/devkitARM/bin/../lib/gcc/arm-none-eabi/14.2.0/../../../../arm-none-eabi/lib/armv6k/fpu\libm.a(libm_a-kf_rem_pio2.o)
                0x0011b9bc                __kernel_rem_pio2f
 .text.scalbnf  0x0011c248      0x12c C:/devkitPro/devkitARM/bin/../lib/gcc/arm-none-eabi/14.2.0/../../../../arm-none-eabi/lib/armv6k/fpu\libm.a(libm_a-sf_scalbn.o)
                0x0011c248                scalbnf
 .text.floorf   0x0011c374       0xc0 C:/devkitPro/devkitARM/bin/../lib/gcc/arm-none-eabi/14.2.0/../../../../arm-none-eabi/lib/armv6k/fpu\libm.a(libm_a-sf_floor.o)
                0x0011c374                floorf
 .text.__udivmoddi4
                0x0011c434      0x120 C:/devkitPro/devkitARM/bin/../lib/gcc/arm-none-eabi/14.2.0/armv6k/fpu\libgcc.a(_udivmoddi4.o)
                0x0011c434                __udivmoddi4
 .text.strncmp  0x0011c554       0xd8 C:/devkitPro/devkitARM/bin/../lib/gcc/arm-none-eabi/14.2.0/../../../../arm-none-eabi/lib/armv6k/fpu\libg.a(libc_a-strncmp.o)
                0x0011c554                strncmp
 .text.strchr   0x0011c62c      0x130 C:/devkitPro/devkitARM/bin/../lib/gcc/arm-none-eabi/14.2.0/../../../../arm-none-eabi/lib/armv6k/fpu\libg.a(libc_a-strchr.o)
                0x0011c62c                strchr
 .text.strlen   0x0011c75c       0x5c C:/devkitPro/devkitARM/bin/../lib/gcc/arm-none-eabi/14.2.0/../../../../arm-none-eabi/lib/armv6k/fpu\libg.a(libc_a-strlen-stub.o)
                0x0011c75c                strlen
 .text.sprintf  0x0011c7b8       0x68 C:/devkitPro/devkitARM/bin/../lib/gcc/arm-none-eabi/14.2.0/../../../../arm-none-eabi/lib/armv6k/fpu\libg.a(libc_a-sprintf.o)
                0x0011c7b8                sprintf
 .text.memcmp   0x0011c820       0xd4 C:/devkitPro/devkitARM/bin/../lib/gcc/arm-none-eabi/14.2.0/../../../../arm-none-eabi/lib/armv6k/fpu\libg.a(libc_a-memcmp.o)
                0x0011c820                memcmp
 .text._strtoul_l.isra.0
                0x0011c8f4      0x1e4 C:/devkitPro/devkitARM/bin/../lib/gcc/arm-none-eabi/14.2.0/../../../../arm-none-eabi/lib/armv6k/fpu\libg.a(libc_a-strtoul.o)
 .text.strtoul  0x0011cad8       0x34 C:/devkitPro/devkitARM/bin/../lib/gcc/arm-none-eabi/14.2.0/../../../../arm-none-eabi/lib/armv6k/fpu\libg.a(libc_a-strtoul.o)
                0x0011cad8                strtoul
 .text.strncat  0x0011cb0c       0xe4 C:/devkitPro/devkitARM/bin/../lib/gcc/arm-none-eabi/14.2.0/../../../../arm-none-eabi/lib/armv6k/fpu\libg.a(libc_a-strncat.o)
                0x0011cb0c                strncat
 .text.bsearch  0x0011cbf0       0x78 C:/devkitPro/devkitARM/bin/../lib/gcc/arm-none-eabi/14.2.0/../../../../arm-none-eabi/lib/armv6k/fpu\libg.a(libc_a-bsearch.o)
                0x0011cbf0                bsearch
 .text._fread_r
                0x0011cc68      0x344 C:/devkitPro/devkitARM/bin/../lib/gcc/arm-none-eabi/14.2.0/../../../../arm-none-eabi/lib/armv6k/fpu\libg.a(libc_a-fread.o)
                0x0011cc68                _fread_r
 .text.fread    0x0011cfac       0x38 C:/devkitPro/devkitARM/bin/../lib/gcc/arm-none-eabi/14.2.0/../../../../arm-none-eabi/lib/armv6k/fpu\libg.a(libc_a-fread.o)
                0x0011cfac                fread
 .text.calloc   0x0011cfe4       0x20 C:/devkitPro/devkitARM/bin/../lib/gcc/arm-none-eabi/14.2.0/../../../../arm-none-eabi/lib/armv6k/fpu\libg.a(libc_a-calloc.o)
                0x0011cfe4                calloc
 .text.qsort    0x0011d004      0x96c C:/devkitPro/devkitARM/bin/../lib/gcc/arm-none-eabi/14.2.0/../../../../arm-none-eabi/lib/armv6k/fpu\libg.a(libc_a-qsort.o)
                0x0011d004                qsort
 .text.lflush   0x0011d970       0x38 C:/devkitPro/devkitARM/bin/../lib/gcc/arm-none-eabi/14.2.0/../../../../arm-none-eabi/lib/armv6k/fpu\libg.a(libc_a-refill.o)
 .text.__srefill_r
                0x0011d9a8      0x19c C:/devkitPro/devkitARM/bin/../lib/gcc/arm-none-eabi/14.2.0/../../../../arm-none-eabi/lib/armv6k/fpu\libg.a(libc_a-refill.o)
                0x0011d9a8                __srefill_r
 .text._fclose_r
                0x0011db44      0x148 C:/devkitPro/devkitARM/bin/../lib/gcc/arm-none-eabi/14.2.0/../../../../arm-none-eabi/lib/armv6k/fpu\libg.a(libc_a-fclose.o)
                0x0011db44                _fclose_r
 .text._calloc_r
                0x0011dc8c       0xc0 C:/devkitPro/devkitARM/bin/../lib/gcc/arm-none-eabi/14.2.0/../../../../arm-none-eabi/lib/armv6k/fpu\libg.a(libc_a-callocr.o)
                0x0011dc8c                _calloc_r
 .text.__smakebuf_r
                0x0011dd4c      0x144 C:/devkitPro/devkitARM/bin/../lib/gcc/arm-none-eabi/14.2.0/../../../../arm-none-eabi/lib/armv6k/fpu\libg.a(libc_a-makebuf.o)
                0x0011dd4c                __smakebuf_r
 .text.__swhatbuf_r
                0x0011de90       0x8c C:/devkitPro/devkitARM/bin/../lib/gcc/arm-none-eabi/14.2.0/../../../../arm-none-eabi/lib/armv6k/fpu\libg.a(libc_a-makebuf.o)
                0x0011de90                __swhatbuf_r
 .text.memalign
                0x0011df1c       0x20 C:/devkitPro/devkitARM/bin/../lib/gcc/arm-none-eabi/14.2.0/../../../../arm-none-eabi/lib/armv6k/fpu\libg.a(libc_a-malign.o)
                0x0011df1c                memalign
 .text.stdio_exit_handler
                0x0011df3c       0x1c C:/devkitPro/devkitARM/bin/../lib/gcc/arm-none-eabi/14.2.0/../../../../arm-none-eabi/lib/armv6k/fpu\libg.a(libc_a-findfp.o)
 .text.cleanup_stdio
                0x0011df58       0x5c C:/devkitPro/devkitARM/bin/../lib/gcc/arm-none-eabi/14.2.0/../../../../arm-none-eabi/lib/armv6k/fpu\libg.a(libc_a-findfp.o)
 .text.global_stdio_init.part.0
                0x0011dfb4      0x154 C:/devkitPro/devkitARM/bin/../lib/gcc/arm-none-eabi/14.2.0/../../../../arm-none-eabi/lib/armv6k/fpu\libg.a(libc_a-findfp.o)
 .text.__sfp    0x0011e108      0x134 C:/devkitPro/devkitARM/bin/../lib/gcc/arm-none-eabi/14.2.0/../../../../arm-none-eabi/lib/armv6k/fpu\libg.a(libc_a-findfp.o)
                0x0011e108                __sfp
 .text.__sinit  0x0011e23c       0x5c C:/devkitPro/devkitARM/bin/../lib/gcc/arm-none-eabi/14.2.0/../../../../arm-none-eabi/lib/armv6k/fpu\libg.a(libc_a-findfp.o)
                0x0011e23c                __sinit
 .text.__sfp_lock_acquire
                0x0011e298        0xc C:/devkitPro/devkitARM/bin/../lib/gcc/arm-none-eabi/14.2.0/../../../../arm-none-eabi/lib/armv6k/fpu\libg.a(libc_a-findfp.o)
                0x0011e298                __sfp_lock_acquire
 .text.__sfp_lock_release
                0x0011e2a4        0xc C:/devkitPro/devkitARM/bin/../lib/gcc/arm-none-eabi/14.2.0/../../../../arm-none-eabi/lib/armv6k/fpu\libg.a(libc_a-findfp.o)
                0x0011e2a4                __sfp_lock_release
 .text._malloc_r
                0x0011e2b0      0x7e8 C:/devkitPro/devkitARM/bin/../lib/gcc/arm-none-eabi/14.2.0/../../../../arm-none-eabi/lib/armv6k/fpu\libg.a(libc_a-mallocr.o)
                0x0011e2b0                _malloc_r
 .text._malloc_trim_r
                0x0011ea98       0xf8 C:/devkitPro/devkitARM/bin/../lib/gcc/arm-none-eabi/14.2.0/../../../../arm-none-eabi/lib/armv6k/fpu\libg.a(libc_a-freer.o)
                0x0011ea98                _malloc_trim_r
 .text._free_r  0x0011eb90      0x300 C:/devkitPro/devkitARM/bin/../lib/gcc/arm-none-eabi/14.2.0/../../../../arm-none-eabi/lib/armv6k/fpu\libg.a(libc_a-freer.o)
                0x0011eb90                _free_r
 .text.get_arg  0x0011ee90      0x5e4 C:/devkitPro/devkitARM/bin/../lib/gcc/arm-none-eabi/14.2.0/../../../../arm-none-eabi/lib/armv6k/fpu\libg.a(libc_a-svfprintf.o)
 *fill*         0x0011f474        0x4 
 .text._svfprintf_r
                0x0011f478     0x335c C:/devkitPro/devkitARM/bin/../lib/gcc/arm-none-eabi/14.2.0/../../../../arm-none-eabi/lib/armv6k/fpu\libg.a(libc_a-svfprintf.o)
                0x0011f478                _svfprintf_r
 .text.setvbuf  0x001227d4      0x294 C:/devkitPro/devkitARM/bin/../lib/gcc/arm-none-eabi/14.2.0/../../../../arm-none-eabi/lib/armv6k/fpu\libg.a(libc_a-setvbuf.o)
                0x001227d4                setvbuf
 .text.strnlen  0x00122a68       0x4c C:/devkitPro/devkitARM/bin/../lib/gcc/arm-none-eabi/14.2.0/../../../../arm-none-eabi/lib/armv6k/fpu\libg.a(libc_a-strnlen.o)
                0x00122a68                strnlen
 .text.__errno  0x00122ab4        0xc C:/devkitPro/devkitARM/bin/../lib/gcc/arm-none-eabi/14.2.0/../../../../arm-none-eabi/lib/armv6k/fpu\libg.a(libc_a-errno.o)
                0x00122ab4                __errno
 .text.malloc   0x00122ac0       0x34 C:/devkitPro/devkitARM/bin/../lib/gcc/arm-none-eabi/14.2.0/../../../../arm-none-eabi/lib/armv6k/fpu\libg.a(libc_a-malloc.o)
                0x00122ac0                malloc
 .text.free     0x00122af4       0x18 C:/devkitPro/devkitARM/bin/../lib/gcc/arm-none-eabi/14.2.0/../../../../arm-none-eabi/lib/armv6k/fpu\libg.a(libc_a-malloc.o)
                0x00122af4                free
 .text.memcpy   0x00122b0c      0x130 C:/devkitPro/devkitARM/bin/../lib/gcc/arm-none-eabi/14.2.0/../../../../arm-none-eabi/lib/armv6k/fpu\libg.a(libc_a-memcpy-stub.o)
                0x00122b0c                memcpy
 .text.printf   0x00122c3c       0x34 C:/devkitPro/devkitARM/bin/../lib/gcc/arm-none-eabi/14.2.0/../../../../arm-none-eabi/lib/armv6k/fpu\libg.a(libc_a-printf.o)
                0x00122c3c                printf
 .text._fopen_r
                0x00122c70      0x134 C:/devkitPro/devkitARM/bin/../lib/gcc/arm-none-eabi/14.2.0/../../../../arm-none-eabi/lib/armv6k/fpu\libg.a(libc_a-fopen.o)
                0x00122c70                _fopen_r
 .text.fopen    0x00122da4       0x20 C:/devkitPro/devkitARM/bin/../lib/gcc/arm-none-eabi/14.2.0/../../../../arm-none-eabi/lib/armv6k/fpu\libg.a(libc_a-fopen.o)
                0x00122da4                fopen
 .text.time     0x00122dc4       0x4c C:/devkitPro/devkitARM/bin/../lib/gcc/arm-none-eabi/14.2.0/../../../../arm-none-eabi/lib/armv6k/fpu\libg.a(libc_a-time.o)
                0x00122dc4                time
 .text._puts_r  0x00122e10       0xe0 C:/devkitPro/devkitARM/bin/../lib/gcc/arm-none-eabi/14.2.0/../../../../arm-none-eabi/lib/armv6k/fpu\libg.a(libc_a-puts.o)
                0x00122e10                _puts_r
 .text.puts     0x00122ef0       0x18 C:/devkitPro/devkitARM/bin/../lib/gcc/arm-none-eabi/14.2.0/../../../../arm-none-eabi/lib/armv6k/fpu\libg.a(libc_a-puts.o)
                0x00122ef0                puts
 .text.memset   0x00122f08       0xe8 C:/devkitPro/devkitARM/bin/../lib/gcc/arm-none-eabi/14.2.0/../../../../arm-none-eabi/lib/armv6k/fpu\libg.a(libc_a-memset.o)
                0x00122f08                memset
 .text._realloc_r
                0x00122ff0      0x4a4 C:/devkitPro/devkitARM/bin/../lib/gcc/arm-none-eabi/14.2.0/../../../../arm-none-eabi/lib/armv6k/fpu\libg.a(libc_a-reallocr.o)
                0x00122ff0                _realloc_r
 .text._fwalk_sglue
                0x00123494       0x70 C:/devkitPro/devkitARM/bin/../lib/gcc/arm-none-eabi/14.2.0/../../../../arm-none-eabi/lib/armv6k/fpu\libg.a(libc_a-fwalk.o)
                0x00123494                _fwalk_sglue
 .text.__malloc_lock
                0x00123504        0xc C:/devkitPro/devkitARM/bin/../lib/gcc/arm-none-eabi/14.2.0/../../../../arm-none-eabi/lib/armv6k/fpu\libg.a(libc_a-mlock.o)
                0x00123504                __malloc_lock
 .text.__malloc_unlock
                0x00123510        0xc C:/devkitPro/devkitARM/bin/../lib/gcc/arm-none-eabi/14.2.0/../../../../arm-none-eabi/lib/armv6k/fpu\libg.a(libc_a-mlock.o)
                0x00123510                __malloc_unlock
 .text.ftell    0x0012351c       0x2c C:/devkitPro/devkitARM/bin/../lib/gcc/arm-none-eabi/14.2.0/../../../../arm-none-eabi/lib/armv6k/fpu\libg.a(libc_a-ftell.o)
                0x0012351c                ftell
 .text.__call_exitprocs
                0x00123548        0x4 C:/devkitPro/devkitARM/bin/../lib/gcc/arm-none-eabi/14.2.0/../../../../arm-none-eabi/lib/armv6k/fpu\libg.a(libc_a-exit.o)
                0x00123548                __call_exitprocs
 .text.exit     0x0012354c       0x30 C:/devkitPro/devkitARM/bin/../lib/gcc/arm-none-eabi/14.2.0/../../../../arm-none-eabi/lib/armv6k/fpu\libg.a(libc_a-exit.o)
                0x0012354c                exit
 .text._fseek_r
                0x0012357c       0x1c C:/devkitPro/devkitARM/bin/../lib/gcc/arm-none-eabi/14.2.0/../../../../arm-none-eabi/lib/armv6k/fpu\libg.a(libc_a-fseek.o)
                0x0012357c                _fseek_r
 .text.fseek    0x00123598       0x34 C:/devkitPro/devkitARM/bin/../lib/gcc/arm-none-eabi/14.2.0/../../../../arm-none-eabi/lib/armv6k/fpu\libg.a(libc_a-fseek.o)
                0x00123598                fseek
 .text.strncpy  0x001235cc       0xc4 C:/devkitPro/devkitARM/bin/../lib/gcc/arm-none-eabi/14.2.0/../../../../arm-none-eabi/lib/armv6k/fpu\libg.a(libc_a-strncpy.o)
                0x001235cc                strncpy
 .text._wcsrtombs_r
                0x00123690       0x28 C:/devkitPro/devkitARM/bin/../lib/gcc/arm-none-eabi/14.2.0/../../../../arm-none-eabi/lib/armv6k/fpu\libg.a(libc_a-wcsrtombs.o)
                0x00123690                _wcsrtombs_r
 .text.__sflags
                0x001236b8       0xb4 C:/devkitPro/devkitARM/bin/../lib/gcc/arm-none-eabi/14.2.0/../../../../arm-none-eabi/lib/armv6k/fpu\libg.a(libc_a-flags.o)
                0x001236b8                __sflags
 .text.__libc_init_array
                0x0012376c       0x84 C:/devkitPro/devkitARM/bin/../lib/gcc/arm-none-eabi/14.2.0/../../../../arm-none-eabi/lib/armv6k/fpu\libg.a(libc_a-init.o)
                0x0012376c                __libc_init_array
 .text.__sflush_r
                0x001237f0      0x228 C:/devkitPro/devkitARM/bin/../lib/gcc/arm-none-eabi/14.2.0/../../../../arm-none-eabi/lib/armv6k/fpu\libg.a(libc_a-fflush.o)
                0x001237f0                __sflush_r
 .text._fflush_r
                0x00123a18       0x94 C:/devkitPro/devkitARM/bin/../lib/gcc/arm-none-eabi/14.2.0/../../../../arm-none-eabi/lib/armv6k/fpu\libg.a(libc_a-fflush.o)
                0x00123a18                _fflush_r
 *fill*         0x00123aac        0x4 
 .text.frexp    0x00123ab0       0x88 C:/devkitPro/devkitARM/bin/../lib/gcc/arm-none-eabi/14.2.0/../../../../arm-none-eabi/lib/armv6k/fpu\libg.a(libm_a-s_frexp.o)
                0x00123ab0                frexp
 .text.memmove  0x00123b38      0x160 C:/devkitPro/devkitARM/bin/../lib/gcc/arm-none-eabi/14.2.0/../../../../arm-none-eabi/lib/armv6k/fpu\libg.a(libc_a-memmove.o)
                0x00123b38                memmove
 .text.__sfvwrite_r
                0x00123c98      0x480 C:/devkitPro/devkitARM/bin/../lib/gcc/arm-none-eabi/14.2.0/../../../../arm-none-eabi/lib/armv6k/fpu\libg.a(libc_a-fvwrite.o)
                0x00123c98                __sfvwrite_r
 .text.__locale_mb_cur_max
                0x00124118       0x24 C:/devkitPro/devkitARM/bin/../lib/gcc/arm-none-eabi/14.2.0/../../../../arm-none-eabi/lib/armv6k/fpu\libg.a(libc_a-locale.o)
                0x00124118                __locale_mb_cur_max
 .text.__ssprint_r
                0x0012413c       0xa4 C:/devkitPro/devkitARM/bin/../lib/gcc/arm-none-eabi/14.2.0/../../../../arm-none-eabi/lib/armv6k/fpu\libg.a(libc_a-ssprint_r.o)
                0x0012413c                __ssprint_r
 .text._memalign_r
                0x001241e0      0x150 C:/devkitPro/devkitARM/bin/../lib/gcc/arm-none-eabi/14.2.0/../../../../arm-none-eabi/lib/armv6k/fpu\libg.a(libc_a-malignr.o)
                0x001241e0                _memalign_r
 .text.memchr   0x00124330       0xe0 C:/devkitPro/devkitARM/bin/../lib/gcc/arm-none-eabi/14.2.0/../../../../arm-none-eabi/lib/armv6k/fpu\libg.a(libc_a-memchr-stub.o)
                0x00124330                memchr
 .text._wcsnrtombs_l
                0x00124410      0x160 C:/devkitPro/devkitARM/bin/../lib/gcc/arm-none-eabi/14.2.0/../../../../arm-none-eabi/lib/armv6k/fpu\libg.a(libc_a-wcsnrtombs.o)
                0x00124410                _wcsnrtombs_l
 .text._wcsnrtombs_r
                0x00124570       0x64 C:/devkitPro/devkitARM/bin/../lib/gcc/arm-none-eabi/14.2.0/../../../../arm-none-eabi/lib/armv6k/fpu\libg.a(libc_a-wcsnrtombs.o)
                0x00124570                _wcsnrtombs_r
 .text.__utf8_mbtowc
                0x001245d4      0x324 C:/devkitPro/devkitARM/bin/../lib/gcc/arm-none-eabi/14.2.0/../../../../arm-none-eabi/lib/armv6k/fpu\libg.a(libc_a-mbtowc_r.o)
                0x001245d4                __utf8_mbtowc
 .text.__libc_fini_array
                0x001248f8       0x3c C:/devkitPro/devkitARM/bin/../lib/gcc/arm-none-eabi/14.2.0/../../../../arm-none-eabi/lib/armv6k/fpu\libg.a(libc_a-fini.o)
                0x001248f8                __libc_fini_array
 .text._fseeko_r
                0x00124934      0x58c C:/devkitPro/devkitARM/bin/../lib/gcc/arm-none-eabi/14.2.0/../../../../arm-none-eabi/lib/armv6k/fpu\libg.a(libc_a-fseeko.o)
                0x00124934                _fseeko_r
 .text.__sread  0x00124ec0       0x44 C:/devkitPro/devkitARM/bin/../lib/gcc/arm-none-eabi/14.2.0/../../../../arm-none-eabi/lib/armv6k/fpu\libg.a(libc_a-stdio.o)
                0x00124ec0                __sread
 .text.__swrite
                0x00124f04       0x68 C:/devkitPro/devkitARM/bin/../lib/gcc/arm-none-eabi/14.2.0/../../../../arm-none-eabi/lib/armv6k/fpu\libg.a(libc_a-stdio.o)
                0x00124f04                __swrite
 .text.__sseek  0x00124f6c       0x40 C:/devkitPro/devkitARM/bin/../lib/gcc/arm-none-eabi/14.2.0/../../../../arm-none-eabi/lib/armv6k/fpu\libg.a(libc_a-stdio.o)
                0x00124f6c                __sseek
 .text.__sclose
                0x00124fac        0x8 C:/devkitPro/devkitARM/bin/../lib/gcc/arm-none-eabi/14.2.0/../../../../arm-none-eabi/lib/armv6k/fpu\libg.a(libc_a-stdio.o)
                0x00124fac                __sclose
 .text._localeconv_r
                0x00124fb4       0x24 C:/devkitPro/devkitARM/bin/../lib/gcc/arm-none-eabi/14.2.0/../../../../arm-none-eabi/lib/armv6k/fpu\libg.a(libc_a-localeconv.o)
                0x00124fb4                _localeconv_r
 .text.get_arg  0x00124fd8      0x5e4 C:/devkitPro/devkitARM/bin/../lib/gcc/arm-none-eabi/14.2.0/../../../../arm-none-eabi/lib/armv6k/fpu\libg.a(libc_a-vfprintf.o)
 *fill*         0x001255bc        0x4 
 .text._vfprintf_r
                0x001255c0     0x342c C:/devkitPro/devkitARM/bin/../lib/gcc/arm-none-eabi/14.2.0/../../../../arm-none-eabi/lib/armv6k/fpu\libg.a(libc_a-vfprintf.o)
                0x001255c0                _vfprintf_r
 .text.__sbprintf
                0x001289ec       0xb8 C:/devkitPro/devkitARM/bin/../lib/gcc/arm-none-eabi/14.2.0/../../../../arm-none-eabi/lib/armv6k/fpu\libg.a(libc_a-vfprintf.o)
 .text.quorem   0x00128aa4      0x1b4 C:/devkitPro/devkitARM/bin/../lib/gcc/arm-none-eabi/14.2.0/../../../../arm-none-eabi/lib/armv6k/fpu\libg.a(libc_a-dtoa.o)
 .text._dtoa_r  0x00128c58     0x1370 C:/devkitPro/devkitARM/bin/../lib/gcc/arm-none-eabi/14.2.0/../../../../arm-none-eabi/lib/armv6k/fpu\libg.a(libc_a-dtoa.o)
                0x00128c58                _dtoa_r
 .text._wcrtomb_r
                0x00129fc8       0xa0 C:/devkitPro/devkitARM/bin/../lib/gcc/arm-none-eabi/14.2.0/../../../../arm-none-eabi/lib/armv6k/fpu\libg.a(libc_a-wcrtomb.o)
                0x00129fc8                _wcrtomb_r
 .text.__ssputs_r
                0x0012a068      0x128 C:/devkitPro/devkitARM/bin/../lib/gcc/arm-none-eabi/14.2.0/../../../../arm-none-eabi/lib/armv6k/fpu\libg.a(libc_a-ssputs_r.o)
                0x0012a068                __ssputs_r
 .text._ftello_r
                0x0012a190      0x1b0 C:/devkitPro/devkitARM/bin/../lib/gcc/arm-none-eabi/14.2.0/../../../../arm-none-eabi/lib/armv6k/fpu\libg.a(libc_a-ftello.o)
                0x0012a190                _ftello_r
 .text.__utf8_wctomb
                0x0012a340       0xf0 C:/devkitPro/devkitARM/bin/../lib/gcc/arm-none-eabi/14.2.0/../../../../arm-none-eabi/lib/armv6k/fpu\libg.a(libc_a-wctomb_r.o)
                0x0012a340                __utf8_wctomb
 .text.__swsetup_r
                0x0012a430      0x194 C:/devkitPro/devkitARM/bin/../lib/gcc/arm-none-eabi/14.2.0/../../../../arm-none-eabi/lib/armv6k/fpu\libg.a(libc_a-wsetup.o)
                0x0012a430                __swsetup_r
 .text.__assert_func
                0x0012a5c4       0x5c C:/devkitPro/devkitARM/bin/../lib/gcc/arm-none-eabi/14.2.0/../../../../arm-none-eabi/lib/armv6k/fpu\libg.a(libc_a-assert.o)
                0x0012a5c4                __assert_func
 .text._Balloc  0x0012a620       0x88 C:/devkitPro/devkitARM/bin/../lib/gcc/arm-none-eabi/14.2.0/../../../../arm-none-eabi/lib/armv6k/fpu\libg.a(libc_a-mprec.o)
                0x0012a620                _Balloc
 .text._Bfree   0x0012a6a8       0x1c C:/devkitPro/devkitARM/bin/../lib/gcc/arm-none-eabi/14.2.0/../../../../arm-none-eabi/lib/armv6k/fpu\libg.a(libc_a-mprec.o)
                0x0012a6a8                _Bfree
 .text.__multadd
                0x0012a6c4       0xf4 C:/devkitPro/devkitARM/bin/../lib/gcc/arm-none-eabi/14.2.0/../../../../arm-none-eabi/lib/armv6k/fpu\libg.a(libc_a-mprec.o)
                0x0012a6c4                __multadd
 .text.__hi0bits
                0x0012a7b8       0x80 C:/devkitPro/devkitARM/bin/../lib/gcc/arm-none-eabi/14.2.0/../../../../arm-none-eabi/lib/armv6k/fpu\libg.a(libc_a-mprec.o)
                0x0012a7b8                __hi0bits
 .text.__lo0bits
                0x0012a838       0xf4 C:/devkitPro/devkitARM/bin/../lib/gcc/arm-none-eabi/14.2.0/../../../../arm-none-eabi/lib/armv6k/fpu\libg.a(libc_a-mprec.o)
                0x0012a838                __lo0bits
 .text.__i2b    0x0012a92c       0xa4 C:/devkitPro/devkitARM/bin/../lib/gcc/arm-none-eabi/14.2.0/../../../../arm-none-eabi/lib/armv6k/fpu\libg.a(libc_a-mprec.o)
                0x0012a92c                __i2b
 .text.__multiply
                0x0012a9d0      0x208 C:/devkitPro/devkitARM/bin/../lib/gcc/arm-none-eabi/14.2.0/../../../../arm-none-eabi/lib/armv6k/fpu\libg.a(libc_a-mprec.o)
                0x0012a9d0                __multiply
 .text.__pow5mult