Archive member included to satisfy reference by file (symbol)

C:/devkitPro/libctru/lib\libcitro2d.a(base.o)
                              main.o (C2D_Init)
C:/devkitPro/libctru/lib\libcitro2d.a(text.o)
                              main.o (C2D_TextBufNew)
C:/devkitPro/libctru/lib\libcitro2d.a(font.o)
                              C:/devkitPro/libctru/lib\libcitro2d.a(text.o) (C2D_FontGlyphIndexFromCodePoint)
C:/devkitPro/libctru/lib\libcitro2d.a(render2d.shbin.o)
                              C:/devkitPro/libctru/lib\libcitro2d.a(base.o) (render2d_shbin)
C:/devkitPro/libctru/lib\libcitro3d.a(attribs.o)
                              render3d.o (AttrInfo_Init)
C:/devkitPro/libctru/lib\libcitro3d.a(base.o)
                              C:/devkitPro/libctru/lib\libcitro3d.a(attribs.o) (__C3D_Context)
C:/devkitPro/libctru/lib\libcitro3d.a(buffers.o)
                              render3d.o (BufInfo_Init)
C:/devkitPro/libctru/lib\libcitro3d.a(drawElements.o)
                              render3d.o (C3D_DrawElements)
C:/devkitPro/libctru/lib\libcitro3d.a(effect.o)
                              C:/devkitPro/libctru/lib\libcitro3d.a(base.o) (C3D_DepthMap)
C:/devkitPro/libctru/lib\libcitro3d.a(framebuffer.o)
                              C:/devkitPro/libctru/lib\libcitro3d.a(base.o) (C3Di_FrameBufBind)
C:/devkitPro/libctru/lib\libcitro3d.a(immediate.o)
                              C:/devkitPro/libctru/lib\libcitro3d.a(base.o) (C3D_ImmSendAttrib)
C:/devkitPro/libctru/lib\libcitro3d.a(proctex.o)
                              C:/devkitPro/libctru/lib\libcitro2d.a(base.o) (C3D_ProcTexInit)
C:/devkitPro/libctru/lib\libcitro3d.a(renderqueue.o)
                              C:/devkitPro/libctru/lib\libcitro3d.a(base.o) (C3Di_RenderQueueEnableVBlank)
C:/devkitPro/libctru/lib\libcitro3d.a(tex3ds.o)
                              render3d.o (Tex3DS_TextureImportStdio)
C:/devkitPro/libctru/lib\libcitro3d.a(texenv.o)
                              render3d.o (C3D_GetTexEnv)
C:/devkitPro/libctru/lib\libcitro3d.a(texture.o)
                              C:/devkitPro/libctru/lib\libcitro3d.a(tex3ds.o) (C3D_TexInitWithParams)
C:/devkitPro/libctru/lib\libcitro3d.a(uniforms.o)
                              C:/devkitPro/libctru/lib\libcitro3d.a(base.o) (C3D_UpdateUniforms)
C:/devkitPro/libctru/lib\libcitro3d.a(mtx_lookat.o)
                              render3d.o (Mtx_LookAt)
C:/devkitPro/libctru/lib\libcitro3d.a(mtx_multiply.o)
                              render3d.o (Mtx_Multiply)
C:/devkitPro/libctru/lib\libcitro3d.a(mtx_ortho.o)
                              C:/devkitPro/libctru/lib\libcitro2d.a(base.o) (Mtx_Ortho)
C:/devkitPro/libctru/lib\libcitro3d.a(mtx_orthotilt.o)
                              C:/devkitPro/libctru/lib\libcitro2d.a(base.o) (Mtx_OrthoTilt)
C:/devkitPro/libctru/lib\libcitro3d.a(mtx_persptilt.o)
                              render3d.o (Mtx_PerspTilt)
C:/devkitPro/libctru/lib\libcitro3d.a(mtx_rotatey.o)
                              chunk.o (Mtx_RotateY)
C:/devkitPro/libctru/lib\libcitro3d.a(mtx_rotatez.o)
                              C:/devkitPro/libctru/lib\libcitro2d.a(base.o) (Mtx_RotateZ)
C:/devkitPro/libctru/lib\libcitro3d.a(mtx_scale.o)
                              C:/devkitPro/libctru/lib\libcitro2d.a(base.o) (Mtx_Scale)
C:/devkitPro/libctru/lib\libcitro3d.a(mtx_translate.o)
                              chunk.o (Mtx_Translate)
C:/devkitPro/libctru/lib\libctru.a(linear.o)
                              chunk.o (linearAlloc)
C:/devkitPro/libctru/lib\libctru.a(mem_pool.o)
                              C:/devkitPro/libctru/lib\libctru.a(linear.o) (MemPool::Allocate(MemChunk&, unsigned long, int))
C:/devkitPro/libctru/lib\libctru.a(vram.o)
                              C:/devkitPro/libctru/lib\libcitro3d.a(renderqueue.o) (vramAlloc)
C:/devkitPro/libctru/lib\libctru.a(console.o)
                              main.o (consoleInit)
C:/devkitPro/libctru/lib\libctru.a(font.o)
                              C:/devkitPro/libctru/lib\libcitro2d.a(text.o) (fontEnsureMapped)
C:/devkitPro/libctru/lib\libctru.a(gfx.o)
                              C:/devkitPro/libctru/lib\libcitro2d.a(base.o) (gfxIsWide)
C:/devkitPro/libctru/lib\libctru.a(os.o)
                              C:/devkitPro/libctru/lib\libcitro3d.a(buffers.o) (osConvertVirtToPhys)
C:/devkitPro/libctru/lib\libctru.a(romfs_dev.o)
                              main.o (romfsMountSelf)
C:/devkitPro/libctru/lib\libctru.a(gpu.o)
                              C:/devkitPro/libctru/lib\libcitro3d.a(base.o) (gpuCmdBufOffset)
C:/devkitPro/libctru/lib\libctru.a(gx.o)
                              C:/devkitPro/libctru/lib\libcitro3d.a(renderqueue.o) (GX_BindQueue)
C:/devkitPro/libctru/lib\libctru.a(gxqueue.o)
                              C:/devkitPro/libctru/lib\libcitro3d.a(renderqueue.o) (gxCmdQueueClear)
C:/devkitPro/libctru/lib\libctru.a(shaderProgram.o)
                              render3d.o (shaderInstanceGetUniformLocation)
[...]
Memory Configuration

Name             Origin             Length             Attributes
*default*        0x00000000         0xffffffff

Linker script and memory map

                0x00000000                        __sync_synchronize = __sync_synchronize_dmb
                0x00100000                        PROVIDE (__start__ = 0x100000)
                0x00100000                        . = __start__

.text           0x00100000    0x2e7a4
 *(.crt0)
 .crt0          0x00100000       0x94 C:/devkitPro/devkitARM/bin/../lib/gcc/arm-none-eabi/14.2.0/../../../../arm-none-eabi/lib/armv6k/fpu/3dsx_crt0.o
                0x00100000                _start
                0x00100008                __service_ptr
                0x0010000c                __apt_appid
                0x00100010                __heap_size
                0x00100014                __linear_heap_size
                0x00100018                __system_arglist
                0x0010001c                __system_runflags
 *(.init)
 .init          0x00100094        0xc C:/devkitPro/devkitARM/bin/../lib/gcc/arm-none-eabi/14.2.0/armv6k/fpu/crti.o
                0x00100094                _init
 .init          0x001000a0        0xc C:/devkitPro/devkitARM/bin/../lib/gcc/arm-none-eabi/14.2.0/armv6k/fpu/crtn.o
                0x001000ac                        . = ALIGN (0x4)
 *(.text)
 .text          0x001000ac      0x20c C:/devkitPro/devkitARM/bin/../lib/gcc/arm-none-eabi/14.2.0/armv6k/fpu\libgcc.a(_udivsi3.o)
                0x001000ac                __aeabi_uidiv
                0x001000ac                __udivsi3
                0x00100298                __aeabi_uidivmod
 .text          0x001002b8      0x240 C:/devkitPro/devkitARM/bin/../lib/gcc/arm-none-eabi/14.2.0/armv6k/fpu\libgcc.a(_divsi3.o)
                0x001002b8                __divsi3
                0x001002b8                __aeabi_idiv
                0x001004d8                __aeabi_idivmod
 .text          0x001004f8        0x4 C:/devkitPro/devkitARM/bin/../lib/gcc/arm-none-eabi/14.2.0/armv6k/fpu\libgcc.a(_dvmd_tls.o)
                0x001004f8                __aeabi_idiv0
                0x001004f8                __aeabi_ldiv0
 .text          0x001004fc      0x3c0 C:/devkitPro/devkitARM/bin/../lib/gcc/arm-none-eabi/14.2.0/armv6k/fpu\libgcc.a(_arm_addsubdf3.o)
                0x001004fc                __aeabi_drsub
                0x00100504                __aeabi_dsub
                0x00100504                __subdf3
                0x00100508                __aeabi_dadd
                0x00100508                __adddf3
                0x001007b4                __floatunsidf
                0x001007b4                __aeabi_ui2d
                0x001007d8                __floatsidf
                0x001007d8                __aeabi_i2d
                0x00100800                __aeabi_f2d
                0x00100800                __extendsfdf2
                0x00100848                __floatundidf
                0x00100848                __aeabi_ul2d
                0x0010085c                __floatdidf
                0x0010085c                __aeabi_l2d
 .text          0x001008bc      0x250 C:/devkitPro/devkitARM/bin/../lib/gcc/arm-none-eabi/14.2.0/armv6k/fpu\libgcc.a(_arm_addsubsf3.o)
                0x001008bc                __aeabi_frsub
                0x001008c4                __subsf3
                0x001008c4                __aeabi_fsub
                0x001008c8                __aeabi_fadd
                0x001008c8                __addsf3
                0x00100a58                __aeabi_ui2f
                0x00100a58                __floatunsisf
                0x00100a60                __aeabi_i2f
                0x00100a60                __floatsisf
                0x00100a80                __aeabi_ul2f
                0x00100a80                __floatundisf
                0x00100a90                __aeabi_l2f
                0x00100a90                __floatdisf
 .text          0x00100b0c       0xd4 C:/devkitPro/devkitARM/bin/../lib/gcc/arm-none-eabi/14.2.0/armv6k/fpu\libgcc.a(_aeabi_ldivmod.o)
                0x00100b0c                __aeabi_ldivmod
 .text          0x00100be0       0x3c C:/devkitPro/devkitARM/bin/../lib/gcc/arm-none-eabi/14.2.0/armv6k/fpu\libgcc.a(_aeabi_uldivmod.o)
                0x00100be0                __aeabi_uldivmod
 *fill*         0x00100c1c        0x4 
 .text          0x00100c20      0x390 C:/devkitPro/devkitARM/bin/../lib/gcc/arm-none-eabi/14.2.0/../../../../arm-none-eabi/lib/armv6k/fpu\libg.a(libc_a-strcmp.o)
                0x00100c28                strcmp
 *(.text.*)
 .text.__do_global_dtors_aux
                0x00100fb0       0x40 C:/devkitPro/devkitARM/bin/../lib/gcc/arm-none-eabi/14.2.0/armv6k/fpu/crtbegin.o
 .text.frame_dummy
                0x00100ff0       0x2c C:/devkitPro/devkitARM/bin/../lib/gcc/arm-none-eabi/14.2.0/armv6k/fpu/crtbegin.o
 .text._fnlGenNoiseSingle2D
                0x0010101c     0x1294 chunk.o
 .text._fnlGenNoiseSingle3D
                0x001022b0     0x2828 chunk.o
 .text.fnlCreateState
                0x00104ad8       0x7c chunk.o
                0x00104ad8                fnlCreateState
 .text.fnlGetNoise2D
                0x00104b54      0x324 chunk.o
                0x00104b54                fnlGetNoise2D
 .text.fnlGetNoise3D
                0x00104e78      0x3c4 chunk.o
                0x00104e78                fnlGetNoise3D
 .text.ChunkInit
                0x0010523c       0x84 chunk.o
                0x0010523c                ChunkInit
 .text.ChunkInitDefault
                0x001052c0        0xc chunk.o
                0x001052c0                ChunkInitDefault
 .text.ChunkSetBlock
                0x001052cc       0xdc chunk.o
                0x001052cc                ChunkSetBlock
 .text.ChunkGetBlock
                0x001053a8       0x20 chunk.o
                0x001053a8                ChunkGetBlock
 .text.ChunkGenerateTerrain
                0x001053c8      0x278 chunk.o
                0x001053c8                ChunkGenerateTerrain
 .text.ChunkGenerateRenderObject
                0x00105640      0xa50 chunk.o
                0x00105640                ChunkGenerateRenderObject
 .text.ChunkRender
                0x00106090      0x144 chunk.o
                0x00106090                ChunkRender
 .text.ChunkFreeRenderObject
                0x001061d4       0x64 chunk.o
                0x001061d4                ChunkFreeRenderObject
 .text.ChunkDestroy
                0x00106238       0x58 chunk.o
                0x00106238                ChunkDestroy
 .text.startup.main
                0x00106290      0x928 main.o
                0x00106290                main
 .text.encodeNormalComponent
                0x00106bb8       0x4c render_utils.o
                0x00106bb8                encodeNormalComponent
 .text.compressNormals
                0x00106c04       0x50 render_utils.o
                0x00106c04                compressNormals
 *fill*         0x00106c54        0x4 
 .text.addCubeFaceToMesh
                0x00106c58      0x138 render_utils.o
                0x00106c58                addCubeFaceToMesh
 .text.rrenderInit
                0x00106d90      0x120 render3d.o
                0x00106d90                rrenderInit
 .text.grenderPrepare
                0x00106eb0       0x30 render3d.o
                0x00106eb0                grenderPrepare
 .text.rloadShaderInInstance
                0x00106ee0      0x224 render3d.o
                0x00106ee0                rloadShaderInInstance
 .text.gloadShader
                0x00107104       0x24 render3d.o
                0x00107104                gloadShader
 .text.rfreeShaderProgramInInstance
                0x00107128       0x1c render3d.o
                0x00107128                rfreeShaderProgramInInstance
 .text.gfreeShaderProgram
                0x00107144       0x20 render3d.o
                0x00107144                gfreeShaderProgram
 .text.gsetModelViewMatrx
                0x00107164       0x4c render3d.o
                0x00107164                gsetModelViewMatrx
 .text.gsetCameraViewMatrx
                0x001071b0       0x30 render3d.o
                0x001071b0                gsetCameraViewMatrx
 .text.rrenderOptimizedInstance
                0x001071e0      0x248 render3d.o
                0x001071e0                rrenderOptimizedInstance
 .text.grenderOptimizedInstance
                0x00107428       0x3c render3d.o
                0x00107428                grenderOptimizedInstance
 .text.C2Di_FrameEndHook
                0x00107464       0x44 C:/devkitPro/libctru/lib\libcitro2d.a(base.o)
 .text.C2D_Init
                0x001074a8      0x36c C:/devkitPro/libctru/lib\libcitro2d.a(base.o)
                0x001074a8                C2D_Init
 .text.C2D_Fini
                0x00107814       0x4c C:/devkitPro/libctru/lib\libcitro2d.a(base.o)
                0x00107814                C2D_Fini
 .text.C2D_Prepare
                0x00107860       0xb8 C:/devkitPro/libctru/lib\libcitro2d.a(base.o)
                0x00107860                C2D_Prepare
 .text.C2D_Flush
                0x00107918       0x48 C:/devkitPro/libctru/lib\libcitro2d.a(base.o)
                0x00107918                C2D_Flush
 .text.C2D_SceneSize
                0x00107960      0x104 C:/devkitPro/libctru/lib\libcitro2d.a(base.o)
                0x00107960                C2D_SceneSize
 .text.C2Di_AppendQuad
                0x00107a64       0x58 C:/devkitPro/libctru/lib\libcitro2d.a(base.o)
                0x00107a64                C2Di_AppendQuad
 .text.C2Di_AppendVtx
                0x00107abc       0x40 C:/devkitPro/libctru/lib\libcitro2d.a(base.o)
                0x00107abc                C2Di_AppendVtx
 .text.C2Di_Update
                0x00107afc      0x550 C:/devkitPro/libctru/lib\libcitro2d.a(base.o)
                0x00107afc                C2Di_Update
 .text.C2Di_GlyphComp
                0x0010804c       0x18 C:/devkitPro/libctru/lib\libcitro2d.a(text.o)
 .text.C2Di_CalcLineWidths
                0x00108064      0x140 C:/devkitPro/libctru/lib\libcitro2d.a(text.o)
 .text.C2D_TextBufNew
                0x001081a4      0x1dc C:/devkitPro/libctru/lib\libcitro2d.a(text.o)
                0x001081a4                C2D_TextBufNew
 .text.C2D_TextBufDelete
                0x00108380        0x4 C:/devkitPro/libctru/lib\libcitro2d.a(text.o)
                0x00108380                C2D_TextBufDelete
 .text.C2D_TextBufClear
                0x00108384        0xc C:/devkitPro/libctru/lib\libcitro2d.a(text.o)
                0x00108384                C2D_TextBufClear
 .text.C2D_TextFontParseLine
                0x00108390      0x1c8 C:/devkitPro/libctru/lib\libcitro2d.a(text.o)
                0x00108390                C2D_TextFontParseLine
 .text.C2D_TextFontParse
                0x00108558       0xa8 C:/devkitPro/libctru/lib\libcitro2d.a(text.o)
                0x00108558                C2D_TextFontParse
 .text.C2D_TextParse
                0x00108600       0x14 C:/devkitPro/libctru/lib\libcitro2d.a(text.o)
                0x00108600                C2D_TextParse
 .text.C2D_TextOptimize
                0x00108614       0x30 C:/devkitPro/libctru/lib\libcitro2d.a(text.o)
                0x00108614                C2D_TextOptimize
 .text.C2D_DrawText
                0x00108644      0xf6c C:/devkitPro/libctru/lib\libcitro2d.a(text.o)
                0x00108644                C2D_DrawText
 .text.C2D_FontGlyphIndexFromCodePoint
                0x001095b0       0x44 C:/devkitPro/libctru/lib\libcitro2d.a(font.o)
                0x001095b0                C2D_FontGlyphIndexFromCodePoint
 .text.C2D_FontCalcGlyphPos
                0x001095f4       0x78 C:/devkitPro/libctru/lib\libcitro2d.a(font.o)
                0x001095f4                C2D_FontCalcGlyphPos
 .text.AttrInfo_Init
                0x0010966c       0x28 C:/devkitPro/libctru/lib\libcitro3d.a(attribs.o)
                0x0010966c                AttrInfo_Init
 .text.AttrInfo_AddLoader
                0x00109694       0x94 C:/devkitPro/libctru/lib\libcitro3d.a(attribs.o)
                0x00109694                AttrInfo_AddLoader
 .text.C3D_GetAttrInfo
                0x00109728       0x20 C:/devkitPro/libctru/lib\libcitro3d.a(attribs.o)
                0x00109728                C3D_GetAttrInfo
 .text.C3D_SetAttrInfo
                0x00109748       0x54 C:/devkitPro/libctru/lib\libcitro3d.a(attribs.o)
                0x00109748                C3D_SetAttrInfo
 .text.C3Di_AttrInfoBind
                0x0010979c       0x80 C:/devkitPro/libctru/lib\libcitro3d.a(attribs.o)
                0x0010979c                C3Di_AttrInfoBind
 .text.C3Di_LightEnvUpdate
                0x0010981c        0x4 C:/devkitPro/libctru/lib\libcitro3d.a(base.o)
                0x0010981c                C3Di_LightEnvUpdate
 .text.C3Di_LightEnvDirty
                0x00109820        0x4 C:/devkitPro/libctru/lib\libcitro3d.a(base.o)
                0x00109820                C3Di_LightEnvDirty
 .text.C3Di_AptEventHook
                0x00109824       0xb4 C:/devkitPro/libctru/lib\libcitro3d.a(base.o)
 .text.C3Di_GasUpdate
                0x001098d8        0x4 C:/devkitPro/libctru/lib\libcitro3d.a(base.o)
                0x001098d8                C3Di_GasUpdate
 .text.C3D_Init
                0x001098dc      0x1d0 C:/devkitPro/libctru/lib\libcitro3d.a(base.o)
                0x001098dc                C3D_Init
 .text.C3D_SetViewport
                0x00109aac       0x98 C:/devkitPro/libctru/lib\libcitro3d.a(base.o)
                0x00109aac                C3D_SetViewport
 .text.C3Di_UpdateContext
                0x00109b44      0x4e8 C:/devkitPro/libctru/lib\libcitro3d.a(base.o)
                0x00109b44                C3Di_UpdateContext
 .text.C3Di_SplitFrame
                0x0010a02c       0xe0 C:/devkitPro/libctru/lib\libcitro3d.a(base.o)
                0x0010a02c                C3Di_SplitFrame
 .text.C3D_Fini
                0x0010a10c       0x44 C:/devkitPro/libctru/lib\libcitro3d.a(base.o)
                0x0010a10c                C3D_Fini
 .text.C3D_BindProgram
                0x0010a150      0x194 C:/devkitPro/libctru/lib\libcitro3d.a(base.o)
                0x0010a150                C3D_BindProgram
 .text.BufInfo_Init
                0x0010a2e4       0x24 C:/devkitPro/libctru/lib\libcitro3d.a(buffers.o)
                0x0010a2e4                BufInfo_Init
 .text.BufInfo_Add
                0x0010a308       0x80 C:/devkitPro/libctru/lib\libcitro3d.a(buffers.o)
                0x0010a308                BufInfo_Add
 .text.C3D_GetBufInfo
                0x0010a388       0x20 C:/devkitPro/libctru/lib\libcitro3d.a(buffers.o)
                0x0010a388                C3D_GetBufInfo
 .text.C3D_SetBufInfo
                0x0010a3a8       0x3c C:/devkitPro/libctru/lib\libcitro3d.a(buffers.o)
                0x0010a3a8                C3D_SetBufInfo
 .text.C3Di_BufInfoBind
                0x0010a3e4       0x48 C:/devkitPro/libctru/lib\libcitro3d.a(buffers.o)
                0x0010a3e4                C3Di_BufInfoBind
 .text.C3D_DrawElements
                0x0010a42c      0x21c C:/devkitPro/libctru/lib\libcitro3d.a(drawElements.o)
                0x0010a42c                C3D_DrawElements
 .text.C3D_DepthMap
                0x0010a648       0x40 C:/devkitPro/libctru/lib\libcitro3d.a(effect.o)
                0x0010a648                C3D_DepthMap
 .text.C3D_CullFace
                0x0010a688       0x1c C:/devkitPro/libctru/lib\libcitro3d.a(effect.o)
                0x0010a688                C3D_CullFace
 .text.C3D_StencilTest
                0x0010a6a4       0x40 C:/devkitPro/libctru/lib\libcitro3d.a(effect.o)
                0x0010a6a4                C3D_StencilTest
 .text.C3D_StencilOp
                0x0010a6e4       0x24 C:/devkitPro/libctru/lib\libcitro3d.a(effect.o)
                0x0010a6e4                C3D_StencilOp
 .text.C3D_BlendingColor
                0x0010a708       0x1c C:/devkitPro/libctru/lib\libcitro3d.a(effect.o)
                0x0010a708                C3D_BlendingColor
 .text.C3D_EarlyDepthTest
                0x0010a724       0x24 C:/devkitPro/libctru/lib\libcitro3d.a(effect.o)
                0x0010a724                C3D_EarlyDepthTest
 .text.C3D_DepthTest
                0x0010a748       0x2c C:/devkitPro/libctru/lib\libcitro3d.a(effect.o)
                0x0010a748                C3D_DepthTest
 .text.C3D_AlphaTest
                0x0010a774       0x2c C:/devkitPro/libctru/lib\libcitro3d.a(effect.o)
                0x0010a774                C3D_AlphaTest
 .text.C3D_AlphaBlend
                0x0010a7a0       0x50 C:/devkitPro/libctru/lib\libcitro3d.a(effect.o)
                0x0010a7a0                C3D_AlphaBlend
 .text.C3D_FragOpMode
                0x0010a7f0       0x30 C:/devkitPro/libctru/lib\libcitro3d.a(effect.o)
                0x0010a7f0                C3D_FragOpMode
 .text.C3D_FragOpShadow
                0x0010a820       0x44 C:/devkitPro/libctru/lib\libcitro3d.a(effect.o)
                0x0010a820                C3D_FragOpShadow
 .text.C3Di_EffectBind
                0x0010a864      0x1ac C:/devkitPro/libctru/lib\libcitro3d.a(effect.o)
                0x0010a864                C3Di_EffectBind
 .text.C3D_CalcColorBufSize
                0x0010aa10       0x1c C:/devkitPro/libctru/lib\libcitro3d.a(framebuffer.o)
                0x0010aa10                C3D_CalcColorBufSize
 .text.C3D_CalcDepthBufSize
                0x0010aa2c       0x1c C:/devkitPro/libctru/lib\libcitro3d.a(framebuffer.o)
                0x0010aa2c                C3D_CalcDepthBufSize
 .text.C3D_SetFrameBuf
                0x0010aa48       0x44 C:/devkitPro/libctru/lib\libcitro3d.a(framebuffer.o)
                0x0010aa48                C3D_SetFrameBuf
 .text.C3Di_FrameBufBind
                0x0010aa8c      0x16c C:/devkitPro/libctru/lib\libcitro3d.a(framebuffer.o)
                0x0010aa8c                C3Di_FrameBufBind
 .text.C3D_FrameBufClear
                0x0010abf8       0xc8 C:/devkitPro/libctru/lib\libcitro3d.a(framebuffer.o)
                0x0010abf8                C3D_FrameBufClear
 .text.C3D_FrameBufTransfer
                0x0010acc0       0x44 C:/devkitPro/libctru/lib\libcitro3d.a(framebuffer.o)
                0x0010acc0                C3D_FrameBufTransfer
 .text.C3D_ImmSendAttrib
                0x0010ad04       0xa8 C:/devkitPro/libctru/lib\libcitro3d.a(immediate.o)
                0x0010ad04                C3D_ImmSendAttrib
 .text.C3D_ProcTexInit
                0x0010adac       0x70 C:/devkitPro/libctru/lib\libcitro3d.a(proctex.o)
                0x0010adac                C3D_ProcTexInit
 .text.C3D_ProcTexBind
                0x0010ae1c       0x54 C:/devkitPro/libctru/lib\libcitro3d.a(proctex.o)
                0x0010ae1c                C3D_ProcTexBind
 .text.C3D_ProcTexLutBind
                0x0010ae70       0x5c C:/devkitPro/libctru/lib\libcitro3d.a(proctex.o)
                0x0010ae70                C3D_ProcTexLutBind
 .text.ProcTexLut_FromArray
                0x0010aecc       0xa4 C:/devkitPro/libctru/lib\libcitro3d.a(proctex.o)
                0x0010aecc                ProcTexLut_FromArray
 .text.C3Di_ProcTexUpdate
                0x0010af70      0x178 C:/devkitPro/libctru/lib\libcitro3d.a(proctex.o)
                0x0010af70                C3Di_ProcTexUpdate
 .text.C3Di_ProcTexDirty
                0x0010b0e8       0x68 C:/devkitPro/libctru/lib\libcitro3d.a(proctex.o)
                0x0010b0e8                C3Di_ProcTexDirty
 .text.onVBlank0
                0x0010b150       0x4c C:/devkitPro/libctru/lib\libcitro3d.a(renderqueue.o)
 .text.onVBlank1
                0x0010b19c       0x4c C:/devkitPro/libctru/lib\libcitro3d.a(renderqueue.o)
 .text.C3Di_RenderTargetDestroy
                0x0010b1e8       0x80 C:/devkitPro/libctru/lib\libcitro3d.a(renderqueue.o)
 .text.onQueueFinish
                0x0010b268       0xf4 C:/devkitPro/libctru/lib\libcitro3d.a(renderqueue.o)
 .text.C3Di_RenderQueueEnableVBlank
                0x0010b35c       0x38 C:/devkitPro/libctru/lib\libcitro3d.a(renderqueue.o)
                0x0010b35c                C3Di_RenderQueueEnableVBlank
 .text.C3Di_RenderQueueDisableVBlank
                0x0010b394       0x30 C:/devkitPro/libctru/lib\libcitro3d.a(renderqueue.o)
                0x0010b394                C3Di_RenderQueueDisableVBlank
 .text.C3Di_RenderQueueInit
                0x0010b3c4       0x60 C:/devkitPro/libctru/lib\libcitro3d.a(renderqueue.o)
                0x0010b3c4                C3Di_RenderQueueInit
 .text.C3Di_RenderQueueExit
                0x0010b424       0xb4 C:/devkitPro/libctru/lib\libcitro3d.a(renderqueue.o)
                0x0010b424                C3Di_RenderQueueExit
 .text.C3Di_RenderQueueWaitDone
                0x0010b4d8       0x34 C:/devkitPro/libctru/lib\libcitro3d.a(renderqueue.o)
                0x0010b4d8                C3Di_RenderQueueWaitDone
 .text.C3D_FrameBegin
                0x0010b50c       0xe8 C:/devkitPro/libctru/lib\libcitro3d.a(renderqueue.o)
                0x0010b50c                C3D_FrameBegin
 .text.C3D_FrameDrawOn
                0x0010b5f4       0x48 C:/devkitPro/libctru/lib\libcitro3d.a(renderqueue.o)
                0x0010b5f4                C3D_FrameDrawOn
 .text.C3D_FrameEnd
                0x0010b63c      0x1d0 C:/devkitPro/libctru/lib\libcitro3d.a(renderqueue.o)
                0x0010b63c                C3D_FrameEnd
 .text.C3D_FrameEndHook
                0x0010b80c       0x1c C:/devkitPro/libctru/lib\libcitro3d.a(renderqueue.o)
                0x0010b80c                C3D_FrameEndHook
 .text.C3D_RenderTargetCreate
                0x0010b828      0x170 C:/devkitPro/libctru/lib\libcitro3d.a(renderqueue.o)
                0x0010b828                C3D_RenderTargetCreate
 .text.C3D_RenderTargetSetOutput
                0x0010b998       0xa8 C:/devkitPro/libctru/lib\libcitro3d.a(renderqueue.o)
                0x0010b998                C3D_RenderTargetSetOutput
 .text.C3D_SyncTextureCopy
                0x0010ba40       0xfc C:/devkitPro/libctru/lib\libcitro3d.a(renderqueue.o)
                0x0010ba40                C3D_SyncTextureCopy
 .text.Tex3DSi_ImportCommon
                0x0010bb3c      0x3d8 C:/devkitPro/libctru/lib\libcitro3d.a(tex3ds.o)
 .text.Tex3DS_TextureImportStdio
                0x0010bf14       0x38 C:/devkitPro/libctru/lib\libcitro3d.a(tex3ds.o)
                0x0010bf14                Tex3DS_TextureImportStdio
 .text.C3D_GetTexEnv
                0x0010bf4c       0x34 C:/devkitPro/libctru/lib\libcitro3d.a(texenv.o)
                0x0010bf4c                C3D_GetTexEnv
 .text.C3Di_TexEnvBind
                0x0010bf80       0x24 C:/devkitPro/libctru/lib\libcitro3d.a(texenv.o)
                0x0010bf80                C3Di_TexEnvBind
 .text.C3D_TexInitWithParams
                0x0010bfa4      0x290 C:/devkitPro/libctru/lib\libcitro3d.a(texture.o)
                0x0010bfa4                C3D_TexInitWithParams
 .text.C3D_TexLoadImage
                0x0010c234       0xc8 C:/devkitPro/libctru/lib\libcitro3d.a(texture.o)
                0x0010c234                C3D_TexLoadImage
 .text.C3D_TexBind
                0x0010c2fc       0x44 C:/devkitPro/libctru/lib\libcitro3d.a(texture.o)
                0x0010c2fc                C3D_TexBind
 .text.C3D_TexDelete
                0x0010c340       0x74 C:/devkitPro/libctru/lib\libcitro3d.a(texture.o)
                0x0010c340                C3D_TexDelete
 .text.C3Di_SetTex
                0x0010c3b4      0x14c C:/devkitPro/libctru/lib\libcitro3d.a(texture.o)
                0x0010c3b4                C3Di_SetTex
 .text.C3D_UpdateUniforms
                0x0010c500      0x290 C:/devkitPro/libctru/lib\libcitro3d.a(uniforms.o)
                0x0010c500                C3D_UpdateUniforms
 .text.C3Di_DirtyUniforms
                0x0010c790       0xc0 C:/devkitPro/libctru/lib\libcitro3d.a(uniforms.o)
                0x0010c790                C3Di_DirtyUniforms
 .text.C3Di_LoadShaderUniforms
                0x0010c850       0xd8 C:/devkitPro/libctru/lib\libcitro3d.a(uniforms.o)
                0x0010c850                C3Di_LoadShaderUniforms
 .text.C3Di_ClearShaderUniforms
                0x0010c928       0x28 C:/devkitPro/libctru/lib\libcitro3d.a(uniforms.o)
                0x0010c928                C3Di_ClearShaderUniforms
 .text.Mtx_LookAt
                0x0010c950      0x12c C:/devkitPro/libctru/lib\libcitro3d.a(mtx_lookat.o)
                0x0010c950                Mtx_LookAt
 .text.Mtx_Multiply
                0x0010ca7c       0xb8 C:/devkitPro/libctru/lib\libcitro3d.a(mtx_multiply.o)
                0x0010ca7c                Mtx_Multiply
 .text.Mtx_Ortho
                0x0010cb34       0xcc C:/devkitPro/libctru/lib\libcitro3d.a(mtx_ortho.o)
                0x0010cb34                Mtx_Ortho
 .text.Mtx_OrthoTilt
                0x0010cc00       0xcc C:/devkitPro/libctru/lib\libcitro3d.a(mtx_orthotilt.o)
                0x0010cc00                Mtx_OrthoTilt
 .text.Mtx_PerspTilt
                0x0010cccc       0x94 C:/devkitPro/libctru/lib\libcitro3d.a(mtx_persptilt.o)
                0x0010cccc                Mtx_PerspTilt
 .text.Mtx_RotateY
                0x0010cd60       0xa0 C:/devkitPro/libctru/lib\libcitro3d.a(mtx_rotatey.o)
                0x0010cd60                Mtx_RotateY
 .text.Mtx_Translate
                0x0010ce00       0xa4 C:/devkitPro/libctru/lib\libcitro3d.a(mtx_translate.o)
                0x0010ce00                Mtx_Translate
 .text._ZL21addrMapNodeComparatorPK11rbtree_nodeS1_
                0x0010cea4       0x24 C:/devkitPro/libctru/lib\libctru.a(linear.o)
 .text._ZL21addrMapNodeDestructorP11rbtree_node
                0x0010cec8        0x4 C:/devkitPro/libctru/lib\libctru.a(linear.o)
 .text.linearMemAlign
                0x0010cecc      0x120 C:/devkitPro/libctru/lib\libctru.a(linear.o)
                0x0010cecc                linearMemAlign
 .text.linearAlloc
                0x0010cfec        0x8 C:/devkitPro/libctru/lib\libctru.a(linear.o)
                0x0010cfec                linearAlloc
 .text.linearFree
                0x0010cff4       0x5c C:/devkitPro/libctru/lib\libctru.a(linear.o)
                0x0010cff4                linearFree
 .text._ZN7MemPool13CoalesceRightEP8MemBlock
                0x0010d050       0x84 C:/devkitPro/libctru/lib\libctru.a(mem_pool.o)
                0x0010d050                MemPool::CoalesceRight(MemBlock*)
 .text._ZN7MemPool8AllocateER8MemChunkmi
                0x0010d0d4      0x150 C:/devkitPro/libctru/lib\libctru.a(mem_pool.o)
                0x0010d0d4                MemPool::Allocate(MemChunk&, unsigned long, int)
 .text._ZN7MemPool10DeallocateERK8MemChunk
                0x0010d224       0xfc C:/devkitPro/libctru/lib\libctru.a(mem_pool.o)
                0x0010d224                MemPool::Deallocate(MemChunk const&)
 .text._ZN7MemPool12GetFreeSpaceEv
                0x0010d320       0x30 C:/devkitPro/libctru/lib\libctru.a(mem_pool.o)
                0x0010d320                MemPool::GetFreeSpace()
 .text._ZL21addrMapNodeComparatorPK11rbtree_nodeS1_
                0x0010d350       0x24 C:/devkitPro/libctru/lib\libctru.a(vram.o)
 .text._ZL21addrMapNodeDestructorP11rbtree_node
                0x0010d374        0x4 C:/devkitPro/libctru/lib\libctru.a(vram.o)
 .text.vramMemAlignAt
                0x0010d378      0x244 C:/devkitPro/libctru/lib\libctru.a(vram.o)
                0x0010d378                vramMemAlignAt
 .text.vramAlloc
                0x0010d5bc        0xc C:/devkitPro/libctru/lib\libctru.a(vram.o)
                0x0010d5bc                vramAlloc
 .text.vramAllocAt
                0x0010d5c8        0xc C:/devkitPro/libctru/lib\libctru.a(vram.o)
                0x0010d5c8                vramAllocAt
 .text.vramFree
                0x0010d5d4       0x90 C:/devkitPro/libctru/lib\libctru.a(vram.o)
                0x0010d5d4                vramFree
 .text.consoleHandleColorEsc
                0x0010d664      0x45c C:/devkitPro/libctru/lib\libctru.a(console.o)
 .text.consoleColorStateShift
                0x0010dac0       0xb8 C:/devkitPro/libctru/lib\libctru.a(console.o)
 .text.consoleDrawChar
                0x0010db78      0x1ac C:/devkitPro/libctru/lib\libctru.a(console.o)
                0x0010db78                consoleDrawChar
 .text.consolePrintChar
                0x0010dd24      0x11c C:/devkitPro/libctru/lib\libctru.a(console.o)
                0x0010dd24                consolePrintChar
 .text.con_write
                0x0010de40      0x5ec C:/devkitPro/libctru/lib\libctru.a(console.o)
                0x0010de40                con_write
 .text.newRow   0x0010e42c      0x124 C:/devkitPro/libctru/lib\libctru.a(console.o)
 .text.consoleInit
                0x0010e550      0x18c C:/devkitPro/libctru/lib\libctru.a(console.o)
                0x0010e550                consoleInit
 .text.fontEnsureMapped
                0x0010e6dc       0x94 C:/devkitPro/libctru/lib\libctru.a(font.o)
                0x0010e6dc                fontEnsureMapped
 .text.fontGlyphIndexFromCodePoint
                0x0010e770      0x100 C:/devkitPro/libctru/lib\libctru.a(font.o)
                0x0010e770                fontGlyphIndexFromCodePoint
 .text.fontCalcGlyphPos
                0x0010e870      0x1ec C:/devkitPro/libctru/lib\libctru.a(font.o)
                0x0010e870                fontCalcGlyphPos
 .text.gfxPresentFramebuffer
                0x0010ea5c       0xd0 C:/devkitPro/libctru/lib\libctru.a(gfx.o)
 .text.gfxIsWide
                0x0010eb2c       0x1c C:/devkitPro/libctru/lib\libctru.a(gfx.o)
                0x0010eb2c                gfxIsWide
 .text.gfxSetScreenFormat
                0x0010eb48       0xec C:/devkitPro/libctru/lib\libctru.a(gfx.o)
                0x0010eb48                gfxSetScreenFormat
 .text.gfxSetDoubleBuffering
                0x0010ec34       0x10 C:/devkitPro/libctru/lib\libctru.a(gfx.o)
                0x0010ec34                gfxSetDoubleBuffering
 .text.gfxInit  0x0010ec44       0xd8 C:/devkitPro/libctru/lib\libctru.a(gfx.o)
                0x0010ec44                gfxInit
 .text.gfxInitDefault
                0x0010ed1c       0x10 C:/devkitPro/libctru/lib\libctru.a(gfx.o)
                0x0010ed1c                gfxInitDefault
 .text.gfxExit  0x0010ed2c       0xb4 C:/devkitPro/libctru/lib\libctru.a(gfx.o)
                0x0010ed2c                gfxExit
 .text.gfxGetFramebuffer
                0x0010ede0       0xa0 C:/devkitPro/libctru/lib\libctru.a(gfx.o)
                0x0010ede0                gfxGetFramebuffer
 .text.gfxFlushBuffers
                0x0010ee80      0x100 C:/devkitPro/libctru/lib\libctru.a(gfx.o)
                0x0010ee80                gfxFlushBuffers
 .text.gfxScreenSwapBuffers
                0x0010ef80       0x30 C:/devkitPro/libctru/lib\libctru.a(gfx.o)
                0x0010ef80                gfxScreenSwapBuffers
 .text.gfxSwapBuffersGpu
                0x0010efb0       0x50 C:/devkitPro/libctru/lib\libctru.a(gfx.o)
                0x0010efb0                gfxSwapBuffersGpu
 .text.osConvertVirtToPhys
                0x0010f000       0x74 C:/devkitPro/libctru/lib\libctru.a(os.o)
                0x0010f000                osConvertVirtToPhys
 .text.osGetTimeRef
                0x0010f074       0x54 C:/devkitPro/libctru/lib\libctru.a(os.o)
                0x0010f074                osGetTimeRef
 .text.osGetTime
                0x0010f0c8       0xec C:/devkitPro/libctru/lib\libctru.a(os.o)
                0x0010f0c8                osGetTime
 .text.__ctru_speedup_config
                0x0010f1b4       0x34 C:/devkitPro/libctru/lib\libctru.a(os.o)
                0x0010f1b4                __ctru_speedup_config
 .text.romfs_close
                0x0010f1e8        0x8 C:/devkitPro/libctru/lib\libctru.a(romfs_dev.o)
 .text.romfs_seek
                0x0010f1f0       0xc4 C:/devkitPro/libctru/lib\libctru.a(romfs_dev.o)
 .text.romfs_dirreset
                0x0010f2b4       0x24 C:/devkitPro/libctru/lib\libctru.a(romfs_dev.o)
 .text.fill_dir
                0x0010f2d8       0xc8 C:/devkitPro/libctru/lib\libctru.a(romfs_dev.o)
 .text.romfs_dirnext
                0x0010f3a0      0x2a8 C:/devkitPro/libctru/lib\libctru.a(romfs_dev.o)
 .text.romfs_free
                0x0010f648       0x74 C:/devkitPro/libctru/lib\libctru.a(romfs_dev.o)
 .text.searchForFile.constprop.0
                0x0010f6bc       0xd4 C:/devkitPro/libctru/lib\libctru.a(romfs_dev.o)
 .text.searchForDir.constprop.0
                0x0010f790       0xd8 C:/devkitPro/libctru/lib\libctru.a(romfs_dev.o)
 .text.navigateToDir.constprop.0
                0x0010f868      0x1c0 C:/devkitPro/libctru/lib\libctru.a(romfs_dev.o)
 .text.romfs_open
                0x0010fa28      0x10c C:/devkitPro/libctru/lib\libctru.a(romfs_dev.o)
 .text.romfs_chdir
                0x0010fb34       0x4c C:/devkitPro/libctru/lib\libctru.a(romfs_dev.o)
 .text.romfs_diropen
                0x0010fb80       0x70 C:/devkitPro/libctru/lib\libctru.a(romfs_dev.o)
 .text.romfs_stat
                0x0010fbf0      0x174 C:/devkitPro/libctru/lib\libctru.a(romfs_dev.o)
 .text.romfs_dirclose
                0x0010fd64        0x8 C:/devkitPro/libctru/lib\libctru.a(romfs_dev.o)
 *fill*         0x0010fd6c        0x4 
 .text.romfs_fstat
                0x0010fd70       0x84 C:/devkitPro/libctru/lib\libctru.a(romfs_dev.o)
 .text.romfs_read
                0x0010fdf4       0xd0 C:/devkitPro/libctru/lib\libctru.a(romfs_dev.o)
 .text.romfsMountFromFile
                0x0010fec4      0x28c C:/devkitPro/libctru/lib\libctru.a(romfs_dev.o)
                0x0010fec4                romfsMountFromFile
 .text.romfsMountFromCurrentProcess
                0x00110150       0x98 C:/devkitPro/libctru/lib\libctru.a(romfs_dev.o)
                0x00110150                romfsMountFromCurrentProcess
 .text.romfsMountSelf
                0x001101e8      0x260 C:/devkitPro/libctru/lib\libctru.a(romfs_dev.o)
                0x001101e8                romfsMountSelf
 .text.romfsUnmount
                0x00110448       0xa4 C:/devkitPro/libctru/lib\libctru.a(romfs_dev.o)
                0x00110448                romfsUnmount
 .text.GPUCMD_Add
                0x001104ec      0x13c C:/devkitPro/libctru/lib\libctru.a(gpu.o)
                0x001104ec                GPUCMD_Add
 .text.GPUCMD_Split
                0x00110628       0xb0 C:/devkitPro/libctru/lib\libctru.a(gpu.o)
                0x00110628                GPUCMD_Split
 .text.f32tof16
                0x001106d8       0x34 C:/devkitPro/libctru/lib\libctru.a(gpu.o)
                0x001106d8                f32tof16
 .text.f32tof24
                0x0011070c       0x34 C:/devkitPro/libctru/lib\libctru.a(gpu.o)
                0x0011070c                f32tof24
 .text.f32tof31
                0x00110740       0x38 C:/devkitPro/libctru/lib\libctru.a(gpu.o)
                0x00110740                f32tof31
 .text.GX_BindQueue
                0x00110778       0x10 C:/devkitPro/libctru/lib\libctru.a(gx.o)
                0x00110778                GX_BindQueue
 .text.GX_ProcessCommandList
                0x00110788       0x78 C:/devkitPro/libctru/lib\libctru.a(gx.o)
                0x00110788                GX_ProcessCommandList
 .text.GX_MemoryFill
                0x00110800       0x74 C:/devkitPro/libctru/lib\libctru.a(gx.o)
                0x00110800                GX_MemoryFill
 .text.GX_DisplayTransfer
                0x00110874       0x70 C:/devkitPro/libctru/lib\libctru.a(gx.o)
                0x00110874                GX_DisplayTransfer
 .text.GX_TextureCopy
                0x001108e4       0x74 C:/devkitPro/libctru/lib\libctru.a(gx.o)
                0x001108e4                GX_TextureCopy
 .text.gxCmdQueueDoCommands.part.0
                0x00110958       0x68 C:/devkitPro/libctru/lib\libctru.a(gxqueue.o)
 .text.gxCmdQueueInterrupt
                0x001109c0       0xc8 C:/devkitPro/libctru/lib\libctru.a(gxqueue.o)
                0x001109c0                gxCmdQueueInterrupt
 .text.gxCmdQueueClear
                0x00110a88       0x4c C:/devkitPro/libctru/lib\libctru.a(gxqueue.o)
                0x00110a88                gxCmdQueueClear
 .text.gxCmdQueueAdd
                0x00110ad4       0xf8 C:/devkitPro/libctru/lib\libctru.a(gxqueue.o)
                0x00110ad4                gxCmdQueueAdd
 .text.gxCmdQueueRun
                0x00110bcc       0x80 C:/devkitPro/libctru/lib\libctru.a(gxqueue.o)
                0x00110bcc                gxCmdQueueRun
 .text.gxCmdQueueStop
                0x00110c4c       0x60 C:/devkitPro/libctru/lib\libctru.a(gxqueue.o)
                0x00110c4c                gxCmdQueueStop
 .text.gxCmdQueueWait
                0x00110cac       0x8c C:/devkitPro/libctru/lib\libctru.a(gxqueue.o)
                0x00110cac                gxCmdQueueWait
 .text.shaderInstanceInit
                0x00110d38      0x1d0 C:/devkitPro/libctru/lib\libctru.a(shaderProgram.o)
                0x00110d38                shaderInstanceInit
 .text.shaderInstanceGetUniformLocation
                0x00110f08       0x18 C:/devkitPro/libctru/lib\libctru.a(shaderProgram.o)
                0x00110f08                shaderInstanceGetUniformLocation
 .text.shaderProgramInit
                0x00110f20       0x1c C:/devkitPro/libctru/lib\libctru.a(shaderProgram.o)
                0x00110f20                shaderProgramInit
 .text.shaderProgramFree
                0x00110f3c       0x64 C:/devkitPro/libctru/lib\libctru.a(shaderProgram.o)
                0x00110f3c                shaderProgramFree
 .text.shaderProgramSetVsh
                0x00110fa0       0x80 C:/devkitPro/libctru/lib\libctru.a(shaderProgram.o)
                0x00110fa0                shaderProgramSetVsh
 .text.shaderProgramConfigure
                0x00111020      0x8d0 C:/devkitPro/libctru/lib\libctru.a(shaderProgram.o)
                0x00111020                shaderProgramConfigure
 .text.DVLE_GenerateOutmap.part.0
                0x001118f0      0x1dc C:/devkitPro/libctru/lib\libctru.a(shbin.o)
 .text.DVLB_ParseFile
                0x00111acc      0x1b0 C:/devkitPro/libctru/lib\libctru.a(shbin.o)
                0x00111acc                DVLB_ParseFile
 .text.DVLB_Free
                0x00111c7c       0x38 C:/devkitPro/libctru/lib\libctru.a(shbin.o)
                0x00111c7c                DVLB_Free
 .text.DVLE_GetUniformRegister
                0x00111cb4       0x74 C:/devkitPro/libctru/lib\libctru.a(shbin.o)
                0x00111cb4                DVLE_GetUniformRegister
 .text.aptConvertScreenForCapture
                0x00111d28      0x1b0 C:/devkitPro/libctru/lib\libctru.a(apt.o)
 .text.aptDspSleep
                0x00111ed8        0x8 C:/devkitPro/libctru/lib\libctru.a(apt.o)
                0x00111ed8                aptDspSleep
 .text.aptDspWakeup
                0x00111ee0        0x4 C:/devkitPro/libctru/lib\libctru.a(apt.o)
                0x00111ee0                aptDspWakeup
 .text.aptDspCancel
                0x00111ee4        0x4 C:/devkitPro/libctru/lib\libctru.a(apt.o)
                0x00111ee4                aptDspCancel
 .text.aptSendCommand
                0x00111ee8      0x158 C:/devkitPro/libctru/lib\libctru.a(apt.o)
                0x00111ee8                aptSendCommand
 .text.aptExitProcess
                0x00112040       0x44 C:/devkitPro/libctru/lib\libctru.a(apt.o)
 .text.aptExit  0x00112084      0x380 C:/devkitPro/libctru/lib\libctru.a(apt.o)
                0x00112084                aptExit
 .text.aptHandleSleep
                0x00112404       0xd8 C:/devkitPro/libctru/lib\libctru.a(apt.o)
                0x00112404                aptHandleSleep
 .text.aptHook  0x001124dc       0x30 C:/devkitPro/libctru/lib\libctru.a(apt.o)
                0x001124dc                aptHook
 .text.aptUnhook
                0x0011250c       0x30 C:/devkitPro/libctru/lib\libctru.a(apt.o)
                0x0011250c                aptUnhook
 .text.APT_SleepIfShellClosed
                0x0011253c       0x84 C:/devkitPro/libctru/lib\libctru.a(apt.o)
                0x0011253c                APT_SleepIfShellClosed
 .text.aptSetSleepAllowed
                0x001125c0       0x78 C:/devkitPro/libctru/lib\libctru.a(apt.o)
                0x001125c0                aptSetSleepAllowed
 .text.APT_UnlockTransition
                0x00112638       0x84 C:/devkitPro/libctru/lib\libctru.a(apt.o)
                0x00112638                APT_UnlockTransition
 *fill*         0x001126bc        0x4 
 .text.aptEventHandler
                0x001126c0      0x478 C:/devkitPro/libctru/lib\libctru.a(apt.o)
 .text.APT_ReceiveParameter
                0x00112b38       0xb0 C:/devkitPro/libctru/lib\libctru.a(apt.o)
                0x00112b38                APT_ReceiveParameter
 .text.aptReceiveParameter.constprop.0
                0x00112be8       0xac C:/devkitPro/libctru/lib\libctru.a(apt.o)
 *fill*         0x00112c94        0x4 
 .text.aptScreenTransfer
                0x00112c98      0x294 C:/devkitPro/libctru/lib\libctru.a(apt.o)
 .text.aptWaitForWakeUp.isra.0
                0x00112f2c      0x2c8 C:/devkitPro/libctru/lib\libctru.a(apt.o)
 .text.aptJumpToHomeMenu
                0x001131f4       0xf4 C:/devkitPro/libctru/lib\libctru.a(apt.o)
                0x001131f4                aptJumpToHomeMenu
 .text.aptMainLoop
                0x001132e8       0x48 C:/devkitPro/libctru/lib\libctru.a(apt.o)
                0x001132e8                aptMainLoop
 .text.aptInit  0x00113330      0x22c C:/devkitPro/libctru/lib\libctru.a(apt.o)
                0x00113330                aptInit
 .text.APT_CheckNew3DS
                0x0011355c       0x7c C:/devkitPro/libctru/lib\libctru.a(apt.o)
                0x0011355c                APT_CheckNew3DS
 .text.APT_GetSharedFont
                0x001135d8       0x48 C:/devkitPro/libctru/lib\libctru.a(apt.o)
                0x001135d8                APT_GetSharedFont
 .text.cfguInit
                0x00113620       0xa4 C:/devkitPro/libctru/lib\libctru.a(cfgu.o)
                0x00113620                cfguInit
 .text.fsInit   0x001136c4       0xd0 C:/devkitPro/libctru/lib\libctru.a(fs.o)
                0x001136c4                fsInit
 .text.fsExit   0x00113794       0x3c C:/devkitPro/libctru/lib\libctru.a(fs.o)
                0x00113794                fsExit
 .text.fsExemptFromSession
                0x001137d0       0x60 C:/devkitPro/libctru/lib\libctru.a(fs.o)
                0x001137d0                fsExemptFromSession
 .text.fsUnexemptFromSession
                0x00113830       0x50 C:/devkitPro/libctru/lib\libctru.a(fs.o)
                0x00113830                fsUnexemptFromSession
 .text.FSUSER_OpenFile
                0x00113880       0xcc C:/devkitPro/libctru/lib\libctru.a(fs.o)
                0x00113880                FSUSER_OpenFile
 .text.FSUSER_OpenFileDirectly
                0x0011394c       0xd4 C:/devkitPro/libctru/lib\libctru.a(fs.o)
                0x0011394c                FSUSER_OpenFileDirectly
 .text.FSUSER_DeleteFile
                0x00113a20       0xbc C:/devkitPro/libctru/lib\libctru.a(fs.o)
                0x00113a20                FSUSER_DeleteFile
 .text.FSUSER_RenameFile
                0x00113adc       0xf8 C:/devkitPro/libctru/lib\libctru.a(fs.o)
                0x00113adc                FSUSER_RenameFile
 .text.FSUSER_DeleteDirectory
                0x00113bd4       0xbc C:/devkitPro/libctru/lib\libctru.a(fs.o)
                0x00113bd4                FSUSER_DeleteDirectory
 .text.FSUSER_CreateFile
                0x00113c90       0xd4 C:/devkitPro/libctru/lib\libctru.a(fs.o)
                0x00113c90                FSUSER_CreateFile
 .text.FSUSER_CreateDirectory
                0x00113d64       0xc4 C:/devkitPro/libctru/lib\libctru.a(fs.o)
                0x00113d64                FSUSER_CreateDirectory
 .text.FSUSER_RenameDirectory
                0x00113e28       0xf8 C:/devkitPro/libctru/lib\libctru.a(fs.o)
                0x00113e28                FSUSER_RenameDirectory
 .text.FSUSER_OpenDirectory
                0x00113f20       0xb4 C:/devkitPro/libctru/lib\libctru.a(fs.o)
                0x00113f20                FSUSER_OpenDirectory
 .text.FSUSER_OpenArchive
                0x00113fd4       0x94 C:/devkitPro/libctru/lib\libctru.a(fs.o)
                0x00113fd4                FSUSER_OpenArchive
 .text.FSUSER_CloseArchive
                0x00114068       0x8c C:/devkitPro/libctru/lib\libctru.a(fs.o)
                0x00114068                FSUSER_CloseArchive
 .text.FSUSER_GetSdmcArchiveResource
                0x001140f4       0x74 C:/devkitPro/libctru/lib\libctru.a(fs.o)
                0x001140f4                FSUSER_GetSdmcArchiveResource
 .text.FSUSER_IsSdmcWritable
                0x00114168       0x64 C:/devkitPro/libctru/lib\libctru.a(fs.o)
                0x00114168                FSUSER_IsSdmcWritable
 .text.FSFILE_Read
                0x001141cc       0x58 C:/devkitPro/libctru/lib\libctru.a(fs.o)
                0x001141cc                FSFILE_Read
 .text.FSFILE_Write
                0x00114224       0x60 C:/devkitPro/libctru/lib\libctru.a(fs.o)
                0x00114224                FSFILE_Write
 .text.FSFILE_GetSize
                0x00114284       0x38 C:/devkitPro/libctru/lib\libctru.a(fs.o)
                0x00114284                FSFILE_GetSize
 .text.FSFILE_SetSize
                0x001142bc       0x28 C:/devkitPro/libctru/lib\libctru.a(fs.o)
                0x001142bc                FSFILE_SetSize
 .text.FSFILE_Close
                0x001142e4       0x3c C:/devkitPro/libctru/lib\libctru.a(fs.o)
                0x001142e4                FSFILE_Close
 .text.FSFILE_Flush
                0x00114320       0x24 C:/devkitPro/libctru/lib\libctru.a(fs.o)
                0x00114320                FSFILE_Flush
 .text.FSDIR_Read
                0x00114344       0x50 C:/devkitPro/libctru/lib\libctru.a(fs.o)
                0x00114344                FSDIR_Read
 .text.FSDIR_Close
                0x00114394       0x3c C:/devkitPro/libctru/lib\libctru.a(fs.o)
                0x00114394                FSDIR_Close
 .text.gspHardwareInit
                0x001143d0      0xc70 C:/devkitPro/libctru/lib\libctru.a(gspgpu.o)
 .text.gspInit  0x00115040      0x248 C:/devkitPro/libctru/lib\libctru.a(gspgpu.o)
                0x00115040                gspInit
 .text.gspExit  0x00115288       0xe4 C:/devkitPro/libctru/lib\libctru.a(gspgpu.o)
                0x00115288                gspExit
 .text.gspHasGpuRight
                0x0011536c       0x10 C:/devkitPro/libctru/lib\libctru.a(gspgpu.o)
                0x0011536c                gspHasGpuRight
 .text.gspPresentBuffer
                0x0011537c       0xa0 C:/devkitPro/libctru/lib\libctru.a(gspgpu.o)
                0x0011537c                gspPresentBuffer
 .text.gspSetEventCallback
                0x0011541c       0x30 C:/devkitPro/libctru/lib\libctru.a(gspgpu.o)
                0x0011541c                gspSetEventCallback
 .text.gspWaitForEvent
                0x0011544c       0x44 C:/devkitPro/libctru/lib\libctru.a(gspgpu.o)
                0x0011544c                gspWaitForEvent
 .text.gspWaitForAnyEvent
                0x00115490       0x4c C:/devkitPro/libctru/lib\libctru.a(gspgpu.o)
                0x00115490                gspWaitForAnyEvent
 .text.gspEventThreadMain
                0x001154dc      0x160 C:/devkitPro/libctru/lib\libctru.a(gspgpu.o)
 .text.gspSubmitGxCommand
                0x0011563c      0x130 C:/devkitPro/libctru/lib\libctru.a(gspgpu.o)
                0x0011563c                gspSubmitGxCommand
 .text.GSPGPU_FlushDataCache
                0x0011576c       0x50 C:/devkitPro/libctru/lib\libctru.a(gspgpu.o)
                0x0011576c                GSPGPU_FlushDataCache
 .text.GSPGPU_SetLcdForceBlack
                0x001157bc       0x34 C:/devkitPro/libctru/lib\libctru.a(gspgpu.o)
                0x001157bc                GSPGPU_SetLcdForceBlack
 .text.GSPGPU_AcquireRight
                0x001157f0       0x68 C:/devkitPro/libctru/lib\libctru.a(gspgpu.o)
                0x001157f0                GSPGPU_AcquireRight
 .text.GSPGPU_ReleaseRight
                0x00115858       0x48 C:/devkitPro/libctru/lib\libctru.a(gspgpu.o)
                0x00115858                GSPGPU_ReleaseRight
 .text.GSPGPU_ImportDisplayCaptureInfo
                0x001158a0       0x7c C:/devkitPro/libctru/lib\libctru.a(gspgpu.o)
                0x001158a0                GSPGPU_ImportDisplayCaptureInfo
 .text.GSPGPU_SaveVramSysArea
                0x0011591c       0x2c C:/devkitPro/libctru/lib\libctru.a(gspgpu.o)
                0x0011591c                GSPGPU_SaveVramSysArea
 .text.GSPGPU_RestoreVramSysArea
                0x00115948       0x2c C:/devkitPro/libctru/lib\libctru.a(gspgpu.o)
                0x00115948                GSPGPU_RestoreVramSysArea
 .text.hidShouldUseIrrst
                0x00115974       0x24 C:/devkitPro/libctru/lib\libctru.a(hid.o)
                0x00115974                hidShouldUseIrrst
 .text.hidInit  0x00115998      0x18c C:/devkitPro/libctru/lib\libctru.a(hid.o)
                0x00115998                hidInit
 .text.hidExit  0x00115b24       0xe8 C:/devkitPro/libctru/lib\libctru.a(hid.o)
                0x00115b24                hidExit
 .text.hidScanInput
                0x00115c0c      0x2a4 C:/devkitPro/libctru/lib\libctru.a(hid.o)
                0x00115c0c                hidScanInput
 .text.hidKeysHeld
                0x00115eb0       0x10 C:/devkitPro/libctru/lib\libctru.a(hid.o)
                0x00115eb0                hidKeysHeld
 .text.hidKeysDown
                0x00115ec0       0x10 C:/devkitPro/libctru/lib\libctru.a(hid.o)
                0x00115ec0                hidKeysDown
 .text.irrstInit
                0x00115ed0      0x160 C:/devkitPro/libctru/lib\libctru.a(irrst.o)
                0x00115ed0                irrstInit
 .text.irrstExit
                0x00116030       0xcc C:/devkitPro/libctru/lib\libctru.a(irrst.o)
                0x00116030                irrstExit
 .text.irrstScanInput
                0x001160fc       0xb4 C:/devkitPro/libctru/lib\libctru.a(irrst.o)
                0x001160fc                irrstScanInput
 .text.irrstKeysHeld
                0x001161b0       0x24 C:/devkitPro/libctru/lib\libctru.a(irrst.o)
                0x001161b0                irrstKeysHeld
 .text.irrstCstickRead
                0x001161d4       0x18 C:/devkitPro/libctru/lib\libctru.a(irrst.o)
                0x001161d4                irrstCstickRead
 .text.ptmSysmInit
                0x001161ec       0x74 C:/devkitPro/libctru/lib\libctru.a(ptmsysm.o)
                0x001161ec                ptmSysmInit
 .text.ptmSysmExit
                0x00116260       0x3c C:/devkitPro/libctru/lib\libctru.a(ptmsysm.o)
                0x00116260                ptmSysmExit
 .text.PTMSYSM_ConfigureNew3DSCPU
                0x0011629c       0x34 C:/devkitPro/libctru/lib\libctru.a(ptmsysm.o)
                0x0011629c                PTMSYSM_ConfigureNew3DSCPU
 .text.buffer_read
                0x001162d0       0xe0 C:/devkitPro/libctru/lib\libctru.a(decompress.o)
 .text.iov_read
                0x001163b0       0xcc C:/devkitPro/libctru/lib\libctru.a(decompress.o)
 .text.iov_memmove
                0x0011647c      0x148 C:/devkitPro/libctru/lib\libctru.a(decompress.o)
 .text.decompress_rle
                0x001165c4      0x1dc C:/devkitPro/libctru/lib\libctru.a(decompress.o)
 .text.decompress_lzss
                0x001167a0      0x26c C:/devkitPro/libctru/lib\libctru.a(decompress.o)
 .text.decompress_lz11
                0x00116a0c      0x42c C:/devkitPro/libctru/lib\libctru.a(decompress.o)
 .text.decompress_huff
                0x00116e38      0x36c C:/devkitPro/libctru/lib\libctru.a(decompress.o)
 .text.decompressCallback_Stdio
                0x001171a4       0x10 C:/devkitPro/libctru/lib\libctru.a(decompress.o)
                0x001171a4                decompressCallback_Stdio
 .text.decompressHeader
                0x001171b4       0xe4 C:/devkitPro/libctru/lib\libctru.a(decompress.o)
                0x001171b4                decompressHeader
 .text.decompressV
                0x00117298      0x200 C:/devkitPro/libctru/lib\libctru.a(decompress.o)
                0x00117298                decompressV
 .text.rbtree_find
                0x00117498       0x74 C:/devkitPro/libctru/lib\libctru.a(rbtree_find.o)
                0x00117498                rbtree_find
 .text.rbtree_init
                0x0011750c       0x10 C:/devkitPro/libctru/lib\libctru.a(rbtree_init.o)
                0x0011750c                rbtree_init
 .text.do_insert
                0x0011751c      0x19c C:/devkitPro/libctru/lib\libctru.a(rbtree_insert.o)
 .text.rbtree_insert
                0x001176b8        0x8 C:/devkitPro/libctru/lib\libctru.a(rbtree_insert.o)
                0x001176b8                rbtree_insert
 .text.rbtree_remove
                0x001176c0      0x310 C:/devkitPro/libctru/lib\libctru.a(rbtree_remove.o)
                0x001176c0                rbtree_remove
 .text.rbtree_rotate
                0x001179d0       0x90 C:/devkitPro/libctru/lib\libctru.a(rbtree_rotate.o)
                0x001179d0                rbtree_rotate
 .text.decode_utf8
                0x00117a60      0x13c C:/devkitPro/libctru/lib\libctru.a(decode_utf8.o)
                0x00117a60                decode_utf8
 .text.utf16_to_utf8
                0x00117b9c       0xe8 C:/devkitPro/libctru/lib\libctru.a(utf16_to_utf8.o)
                0x00117b9c                utf16_to_utf8
 .text.utf8_to_utf16
                0x00117c84       0xc0 C:/devkitPro/libctru/lib\libctru.a(utf8_to_utf16.o)
                0x00117c84                utf8_to_utf16
 *fill*         0x00117d44        0x4 
 .text.__system_allocateHeaps
                0x00117d48      0x1e0 C:/devkitPro/libctru/lib\libctru.a(allocateHeaps.o)
                0x00117d48                __system_allocateHeaps
 .text.__libctru_init
                0x00117f28       0x38 C:/devkitPro/libctru/lib\libctru.a(ctru_init.o)
                0x00117f28                __libctru_init
 .text.__system_initArgv
                0x00117f60      0x160 C:/devkitPro/libctru/lib\libctru.a(initArgv.o)
                0x00117f60                __system_initArgv
 .text.__syscall_getreent
                0x001180c0       0x30 C:/devkitPro/libctru/lib\libctru.a(syscalls.o)
                0x001180c0                __syscall_getreent
 .text.__syscall_clock_gettime
                0x001180f0       0xc8 C:/devkitPro/libctru/lib\libctru.a(syscalls.o)
                0x001180f0                __syscall_clock_gettime
 .text.__syscall_gettod_r
                0x001181b8       0x64 C:/devkitPro/libctru/lib\libctru.a(syscalls.o)
                0x001181b8                __syscall_gettod_r
 .text.__syscall_lock_acquire
                0x0011821c        0x4 C:/devkitPro/libctru/lib\libctru.a(syscalls.o)
                0x0011821c                __syscall_lock_acquire
 .text.__syscall_lock_release
                0x00118220        0x4 C:/devkitPro/libctru/lib\libctru.a(syscalls.o)
                0x00118220                __syscall_lock_release
 .text.__syscall_lock_acquire_recursive
                0x00118224        0x4 C:/devkitPro/libctru/lib\libctru.a(syscalls.o)
                0x00118224                __syscall_lock_acquire_recursive
 .text.__syscall_lock_release_recursive
                0x00118228        0x4 C:/devkitPro/libctru/lib\libctru.a(syscalls.o)
                0x00118228                __syscall_lock_release_recursive
 .text.__syscall_exit
                0x0011822c        0x4 C:/devkitPro/libctru/lib\libctru.a(syscalls.o)
                0x0011822c                __syscall_exit
 .text.initThreadVars
                0x00118230       0x50 C:/devkitPro/libctru/lib\libctru.a(syscalls.o)
                0x00118230                initThreadVars
 .text.__system_initSyscalls
                0x00118280       0x80 C:/devkitPro/libctru/lib\libctru.a(syscalls.o)
                0x00118280                __system_initSyscalls
 .text.svcControlMemory
                0x00118300       0x20 C:/devkitPro/libctru/lib\libctru.a(svc.o)
                0x00118300                svcControlMemory
 .text.svcQueryMemory
                0x00118320       0x30 C:/devkitPro/libctru/lib\libctru.a(svc.o)
                0x00118320                svcQueryMemory
 .text.svcExitProcess
                0x00118350        0x8 C:/devkitPro/libctru/lib\libctru.a(svc.o)
                0x00118350                svcExitProcess
 .text.svcCreateThread
                0x00118358       0x20 C:/devkitPro/libctru/lib\libctru.a(svc.o)
                0x00118358                svcCreateThread
 .text.svcExitThread
                0x00118378        0x8 C:/devkitPro/libctru/lib\libctru.a(svc.o)
                0x00118378                svcExitThread
 .text.svcSleepThread
                0x00118380        0x8 C:/devkitPro/libctru/lib\libctru.a(svc.o)
                0x00118380                svcSleepThread
 .text.svcReleaseMutex
                0x00118388        0x8 C:/devkitPro/libctru/lib\libctru.a(svc.o)
                0x00118388                svcReleaseMutex
 .text.svcCreateEvent
                0x00118390       0x14 C:/devkitPro/libctru/lib\libctru.a(svc.o)
                0x00118390                svcCreateEvent
 .text.svcSignalEvent
                0x001183a4        0x8 C:/devkitPro/libctru/lib\libctru.a(svc.o)
                0x001183a4                svcSignalEvent
 .text.svcClearEvent
                0x001183ac        0x8 C:/devkitPro/libctru/lib\libctru.a(svc.o)
                0x001183ac                svcClearEvent
 .text.svcMapMemoryBlock
                0x001183b4        0x8 C:/devkitPro/libctru/lib\libctru.a(svc.o)
                0x001183b4                svcMapMemoryBlock
 .text.svcUnmapMemoryBlock
                0x001183bc        0x8 C:/devkitPro/libctru/lib\libctru.a(svc.o)
                0x001183bc                svcUnmapMemoryBlock
 .text.svcCreateAddressArbiter
                0x001183c4       0x14 C:/devkitPro/libctru/lib\libctru.a(svc.o)
                0x001183c4                svcCreateAddressArbiter
 .text.svcArbitrateAddressNoTimeout
                0x001183d8        0x8 C:/devkitPro/libctru/lib\libctru.a(svc.o)
                0x001183d8                svcArbitrateAddressNoTimeout
 .text.svcCloseHandle
                0x001183e0        0x8 C:/devkitPro/libctru/lib\libctru.a(svc.o)
                0x001183e0                svcCloseHandle
 .text.svcWaitSynchronization
                0x001183e8        0x8 C:/devkitPro/libctru/lib\libctru.a(svc.o)
                0x001183e8                svcWaitSynchronization
 .text.svcWaitSynchronizationN
                0x001183f0       0x28 C:/devkitPro/libctru/lib\libctru.a(svc.o)
                0x001183f0                svcWaitSynchronizationN
 .text.svcDuplicateHandle
                0x00118418       0x14 C:/devkitPro/libctru/lib\libctru.a(svc.o)
                0x00118418                svcDuplicateHandle
 .text.svcGetSystemTick
                0x0011842c        0x8 C:/devkitPro/libctru/lib\libctru.a(svc.o)
                0x0011842c                svcGetSystemTick
 .text.svcConnectToPort
                0x00118434       0x14 C:/devkitPro/libctru/lib\libctru.a(svc.o)
                0x00118434                svcConnectToPort
 .text.svcSendSyncRequest
                0x00118448        0x8 C:/devkitPro/libctru/lib\libctru.a(svc.o)
                0x00118448                svcSendSyncRequest
 .text.svcGetResourceLimit
                0x00118450       0x14 C:/devkitPro/libctru/lib\libctru.a(svc.o)
                0x00118450                svcGetResourceLimit
 .text.svcGetResourceLimitLimitValues
                0x00118464        0x8 C:/devkitPro/libctru/lib\libctru.a(svc.o)
                0x00118464                svcGetResourceLimitLimitValues
 .text.svcGetResourceLimitCurrentValues
                0x0011846c        0x8 C:/devkitPro/libctru/lib\libctru.a(svc.o)
                0x0011846c                svcGetResourceLimitCurrentValues
 .text.svcBreak
                0x00118474        0x8 C:/devkitPro/libctru/lib\libctru.a(svc.o)
                0x00118474                svcBreak
 .text.__aeabi_read_tp
                0x0011847c        0xc C:/devkitPro/libctru/lib\libctru.a(readtp.o)
                0x0011847c                __aeabi_read_tp
 .text.initSystem
                0x00118488       0x50 C:/devkitPro/libctru/lib\libctru.a(stack_adjust.o)
                0x00118488                initSystem
 .text.__ctru_exit
                0x001184d8       0x14 C:/devkitPro/libctru/lib\libctru.a(stack_adjust.o)
                0x001184d8                __ctru_exit
 .text.envGetHandle
                0x001184ec       0x84 C:/devkitPro/libctru/lib\libctru.a(env.o)
                0x001184ec                envGetHandle
 .text.envDestroyHandles
                0x00118570       0x50 C:/devkitPro/libctru/lib\libctru.a(env.o)
                0x00118570                envDestroyHandles
 .text.srvInit  0x001185c0      0x12c C:/devkitPro/libctru/lib\libctru.a(srv.o)
                0x001185c0                srvInit
 .text.srvExit  0x001186ec       0x58 C:/devkitPro/libctru/lib\libctru.a(srv.o)
                0x001186ec                srvExit
 .text.srvEnableNotification
                0x00118744       0x60 C:/devkitPro/libctru/lib\libctru.a(srv.o)
                0x00118744                srvEnableNotification
 .text.srvGetServiceHandleDirect
                0x001187a4       0xa0 C:/devkitPro/libctru/lib\libctru.a(srv.o)
                0x001187a4                srvGetServiceHandleDirect
 .text.srvGetServiceHandle
                0x00118844       0x38 C:/devkitPro/libctru/lib\libctru.a(srv.o)
                0x00118844                srvGetServiceHandle
 .text.srvSubscribe
                0x0011887c       0x34 C:/devkitPro/libctru/lib\libctru.a(srv.o)
                0x0011887c                srvSubscribe
 .text.srvReceiveNotification
                0x001188b0       0x60 C:/devkitPro/libctru/lib\libctru.a(srv.o)
                0x001188b0                srvReceiveNotification
 .text.srvPublishToSubscriber
                0x00118910       0x38 C:/devkitPro/libctru/lib\libctru.a(srv.o)
                0x00118910                srvPublishToSubscriber
 .text.__sync_init
                0x00118948        0xc C:/devkitPro/libctru/lib\libctru.a(synchronization.o)
                0x00118948                __sync_init
 .text.__sync_fini
                0x00118954       0x18 C:/devkitPro/libctru/lib\libctru.a(synchronization.o)
                0x00118954                __sync_fini
 .text.syncArbitrateAddress
                0x0011896c       0x2c C:/devkitPro/libctru/lib\libctru.a(synchronization.o)
                0x0011896c                syncArbitrateAddress
 .text.LightLock_Lock
                0x00118998       0xb0 C:/devkitPro/libctru/lib\libctru.a(synchronization.o)
                0x00118998                LightLock_Lock
 .text.LightLock_Unlock
                0x00118a48       0x40 C:/devkitPro/libctru/lib\libctru.a(synchronization.o)
                0x00118a48                LightLock_Unlock
 .text.RecursiveLock_Lock
                0x00118a88       0x30 C:/devkitPro/libctru/lib\libctru.a(synchronization.o)
                0x00118a88                RecursiveLock_Lock
 .text.RecursiveLock_Unlock
                0x00118ab8       0x54 C:/devkitPro/libctru/lib\libctru.a(synchronization.o)
                0x00118ab8                RecursiveLock_Unlock
 .text.LightEvent_Init
                0x00118b0c       0x40 C:/devkitPro/libctru/lib\libctru.a(synchronization.o)
                0x00118b0c                LightEvent_Init
 .text.LightEvent_Clear
                0x00118b4c       0xa4 C:/devkitPro/libctru/lib\libctru.a(synchronization.o)
                0x00118b4c                LightEvent_Clear
 .text.LightEvent_Signal
                0x00118bf0       0xc8 C:/devkitPro/libctru/lib\libctru.a(synchronization.o)
                0x00118bf0                LightEvent_Signal
 .text.LightEvent_TryWait
                0x00118cb8       0x50 C:/devkitPro/libctru/lib\libctru.a(synchronization.o)
                0x00118cb8                LightEvent_TryWait
 .text.LightEvent_Wait
                0x00118d08       0xa0 C:/devkitPro/libctru/lib\libctru.a(synchronization.o)
                0x00118d08                LightEvent_Wait
 .text.threadCreate
                0x00118da8      0x1d4 C:/devkitPro/libctru/lib\libctru.a(thread.o)
                0x00118da8                threadCreate
 .text.threadFree
                0x00118f7c       0x2c C:/devkitPro/libctru/lib\libctru.a(thread.o)
                0x00118f7c                threadFree
 .text.threadJoin
                0x00118fa8       0x24 C:/devkitPro/libctru/lib\libctru.a(thread.o)
                0x00118fa8                threadJoin
 .text.threadGetCurrent
                0x00118fcc       0x30 C:/devkitPro/libctru/lib\libctru.a(thread.o)
                0x00118fcc                threadGetCurrent
 .text.threadExit
                0x00118ffc       0x40 C:/devkitPro/libctru/lib\libctru.a(thread.o)
                0x00118ffc                threadExit
 .text._thread_begin
                0x0011903c       0x20 C:/devkitPro/libctru/lib\libctru.a(thread.o)
 .text.mappableFindAddressWithin
                0x0011905c       0x90 C:/devkitPro/libctru/lib\libctru.a(mappable.o)
 .text.mappableInit
                0x001190ec       0x28 C:/devkitPro/libctru/lib\libctru.a(mappable.o)
                0x001190ec                mappableInit
 .text.mappableAlloc
                0x00119114       0x80 C:/devkitPro/libctru/lib\libctru.a(mappable.o)
                0x00119114                mappableAlloc
 .text.mappableFree
                0x00119194        0x4 C:/devkitPro/libctru/lib\libctru.a(mappable.o)
                0x00119194                mappableFree
 .text.srvPmGetSessionHandle
                0x00119198        0xc C:/devkitPro/libctru/lib\libctru.a(srvpm.o)
                0x00119198                srvPmGetSessionHandle
 .text.rbtree_node_next
                0x001191a4       0x5c C:/devkitPro/libctru/lib\libctru.a(rbtree_iterator.o)
                0x001191a4                rbtree_node_next
 .text.decode_utf16
                0x00119200       0x64 C:/devkitPro/libctru/lib\libctru.a(decode_utf16.o)
                0x00119200                decode_utf16
 .text.encode_utf16
                0x00119264       0x54 C:/devkitPro/libctru/lib\libctru.a(encode_utf16.o)
                0x00119264                encode_utf16
 .text.encode_utf8
                0x001192b8       0xe0 C:/devkitPro/libctru/lib\libctru.a(encode_utf8.o)
                0x001192b8                encode_utf8
 .text.__appExit
                0x00119398       0x30 C:/devkitPro/libctru/lib\libctru.a(appExit.o)
                0x00119398                __appExit
 .text.__appInit
                0x001193c8       0x30 C:/devkitPro/libctru/lib\libctru.a(appInit.o)
                0x001193c8                __appInit
 .text.__libctru_exit
                0x001193f8       0x90 C:/devkitPro/libctru/lib\libctru.a(ctru_exit.o)
                0x001193f8                __libctru_exit
 .text.archive_link
                0x00119488       0x14 C:/devkitPro/libctru/lib\libctru.a(archive_dev.o)
 .text.archive_dirreset
                0x0011949c       0x14 C:/devkitPro/libctru/lib\libctru.a(archive_dev.o)
 .text.archive_chmod
                0x001194b0       0x14 C:/devkitPro/libctru/lib\libctru.a(archive_dev.o)
 .text.error_cmp
                0x001194c4       0x24 C:/devkitPro/libctru/lib\libctru.a(archive_dev.o)
 .text.archive_translate_error
                0x001194e8       0x50 C:/devkitPro/libctru/lib\libctru.a(archive_dev.o)
 .text.archive_seek
                0x00119538       0xc4 C:/devkitPro/libctru/lib\libctru.a(archive_dev.o)
 .text._archiveInit.part.0
                0x001195fc       0x78 C:/devkitPro/libctru/lib\libctru.a(archive_dev.o)
 .text.archiveFindDevice.part.0
                0x00119674       0xc4 C:/devkitPro/libctru/lib\libctru.a(archive_dev.o)
 .text.archive_utf16path
                0x00119738      0x290 C:/devkitPro/libctru/lib\libctru.a(archive_dev.o)
 .text._archiveUnmountDeviceStruct.part.0
                0x001199c8       0x9c C:/devkitPro/libctru/lib\libctru.a(archive_dev.o)
 .text.archive_statvfs
                0x00119a64       0x14 C:/devkitPro/libctru/lib\libctru.a(archive_dev.o)
 .text.archive_fchmod
                0x00119a78       0x14 C:/devkitPro/libctru/lib\libctru.a(archive_dev.o)
 .text._archiveMountDevice
                0x00119a8c      0x168 C:/devkitPro/libctru/lib\libctru.a(archive_dev.o)
 .text.archive_diropen
                0x00119bf4       0xe8 C:/devkitPro/libctru/lib\libctru.a(archive_dev.o)
 .text.archive_fstat
                0x00119cdc       0xa4 C:/devkitPro/libctru/lib\libctru.a(archive_dev.o)
 .text.archive_fsync
                0x00119d80       0x6c C:/devkitPro/libctru/lib\libctru.a(archive_dev.o)
 .text.archive_close
                0x00119dec       0x6c C:/devkitPro/libctru/lib\libctru.a(archive_dev.o)
 .text.archive_dirclose
                0x00119e58       0x70 C:/devkitPro/libctru/lib\libctru.a(archive_dev.o)
 .text.sdmc_statvfs
                0x00119ec8       0xe4 C:/devkitPro/libctru/lib\libctru.a(archive_dev.o)
 .text.archive_chdir
                0x00119fac       0xec C:/devkitPro/libctru/lib\libctru.a(archive_dev.o)
 .text.archive_ftruncate
                0x0011a098       0x7c C:/devkitPro/libctru/lib\libctru.a(archive_dev.o)
 .text.archive_read
                0x0011a114       0xac C:/devkitPro/libctru/lib\libctru.a(archive_dev.o)
 .text.archive_unlink
                0x0011a1c0       0xa4 C:/devkitPro/libctru/lib\libctru.a(archive_dev.o)
 .text.archive_rmdir
                0x0011a264       0xbc C:/devkitPro/libctru/lib\libctru.a(archive_dev.o)
 .text.archive_mkdir
                0x0011a320       0xdc C:/devkitPro/libctru/lib\libctru.a(archive_dev.o)
 .text.archive_stat
                0x0011a3fc      0x194 C:/devkitPro/libctru/lib\libctru.a(archive_dev.o)
 .text.archive_dirnext
                0x0011a590      0x15c C:/devkitPro/libctru/lib\libctru.a(archive_dev.o)
 .text.archive_write
                0x0011a6ec      0x124 C:/devkitPro/libctru/lib\libctru.a(archive_dev.o)
 .text.archive_open
                0x0011a810      0x210 C:/devkitPro/libctru/lib\libctru.a(archive_dev.o)
 .text.archive_rename
                0x0011aa20      0x268 C:/devkitPro/libctru/lib\libctru.a(archive_dev.o)
 .text.archiveMountSdmc
                0x0011ac88      0x19c C:/devkitPro/libctru/lib\libctru.a(archive_dev.o)
                0x0011ac88                archiveMountSdmc
 .text.archiveUnmountAll
                0x0011ae24       0x54 C:/devkitPro/libctru/lib\libctru.a(archive_dev.o)
                0x0011ae24                archiveUnmountAll
 .text.sinf     0x0011ae78      0x25c C:/devkitPro/devkitARM/bin/../lib/gcc/arm-none-eabi/14.2.0/../../../../arm-none-eabi/lib/armv6k/fpu\libm.a(libm_a-sinf.o)
                0x0011ae78                sinf
 .text.tanf     0x0011b0d4       0x70 C:/devkitPro/devkitARM/bin/../lib/gcc/arm-none-eabi/14.2.0/../../../../arm-none-eabi/lib/armv6k/fpu\libm.a(libm_a-sf_tan.o)
                0x0011b0d4                tanf
 .text.with_errnof
                0x0011b144       0x24 C:/devkitPro/devkitARM/bin/../lib/gcc/arm-none-eabi/14.2.0/../../../../arm-none-eabi/lib/armv6k/fpu\libm.a(libm_a-math_errf.o)
 .text.__math_invalidf
                0x0011b168       0x1c C:/devkitPro/devkitARM/bin/../lib/gcc/arm-none-eabi/14.2.0/../../../../arm-none-eabi/lib/armv6k/fpu\libm.a(libm_a-math_errf.o)
                0x0011b168                __math_invalidf
 .text.ceilf    0x0011b184       0xc0 C:/devkitPro/devkitARM/bin/../lib/gcc/arm-none-eabi/14.2.0/../../../../arm-none-eabi/lib/armv6k/fpu\libm.a(libm_a-sf_ceil.o)
                0x0011b184                ceilf
 *fill*         0x0011b244        0x4 
 .text.cosf     0x0011b248      0x21c C:/devkitPro/devkitARM/bin/../lib/gcc/arm-none-eabi/14.2.0/../../../../arm-none-eabi/lib/armv6k/fpu\libm.a(libm_a-cosf.o)
                0x0011b248                cosf
 .text.__ieee754_rem_pio2f
                0x0011b464      0x2d0 C:/devkitPro/devkitARM/bin/../lib/gcc/arm-none-eabi/14.2.0/../../../../arm-none-eabi/lib/armv6k/fpu\libm.a(libm_a-ef_rem_pio2.o)
                0x0011b464                __ieee754_rem_pio2f
 .text.__kernel_tanf
                0x0011b734      0x208 C:/devkitPro/devkitARM/bin/../lib/gcc/arm-none-eabi/14.2.0/../../../../arm-none-eabi/lib/armv6k/fpu\libm.a(libm_a-kf_tan.o)
                0x0011b734                __kernel_tanf
 .text.fabsf    0x0011b93c       0x10 C:/devkitPro/devkitARM/bin/../lib/gcc/arm-none-eabi/14.2.0/../../../../arm-none-eabi/lib/armv6k/fpu\libm.a(libm_a-sf_fabs.o)
                0x0011b93c                fabsf
 .text.__kernel_rem_pio2f
                0x0011b94c      0x88c C:/devkitPro/devkitARM/bin/../lib/gcc/arm-none-eabi/14.2.0/../../../../arm-none-eabi/lib/armv6k/fpu\libm.a(libm_a-kf_rem_pio2.o)
                0x0011b94c                __kernel_rem_pio2f
 .text.scalbnf  0x0011c1d8      0x12c C:/devkitPro/devkitARM/bin/../lib/gcc/arm-none-eabi/14.2.0/../../../../arm-none-eabi/lib/armv6k/fpu\libm.a(libm_a-sf_scalbn.o)
                0x0011c1d8                scalbnf
 .text.floorf   0x0011c304       0xc0 C:/devkitPro/devkitARM/bin/../lib/gcc/arm-none-eabi/14.2.0/../../../../arm-none-eabi/lib/armv6k/fpu\libm.a(libm_a-sf_floor.o)
                0x0011c304                floorf
 .text.__udivmoddi4
                0x0011c3c4      0x120 C:/devkitPro/devkitARM/bin/../lib/gcc/arm-none-eabi/14.2.0/armv6k/fpu\libgcc.a(_udivmoddi4.o)
                0x0011c3c4                __udivmoddi4
 .text.strncmp  0x0011c4e4       0xd8 C:/devkitPro/devkitARM/bin/../lib/gcc/arm-none-eabi/14.2.0/../../../../arm-none-eabi/lib/armv6k/fpu\libg.a(libc_a-strncmp.o)
                0x0011c4e4                strncmp
 .text.strchr   0x0011c5bc      0x130 C:/devkitPro/devkitARM/bin/../lib/gcc/arm-none-eabi/14.2.0/../../../../arm-none-eabi/lib/armv6k/fpu\libg.a(libc_a-strchr.o)
                0x0011c5bc                strchr
 .text.strlen   0x0011c6ec       0x5c C:/devkitPro/devkitARM/bin/../lib/gcc/arm-none-eabi/14.2.0/../../../../arm-none-eabi/lib/armv6k/fpu\libg.a(libc_a-strlen-stub.o)
                0x0011c6ec                strlen
 .text.sprintf  0x0011c748       0x68 C:/devkitPro/devkitARM/bin/../lib/gcc/arm-none-eabi/14.2.0/../../../../arm-none-eabi/lib/armv6k/fpu\libg.a(libc_a-sprintf.o)
                0x0011c748                sprintf
 .text.memcmp   0x0011c7b0       0xd4 C:/devkitPro/devkitARM/bin/../lib/gcc/arm-none-eabi/14.2.0/../../../../arm-none-eabi/lib/armv6k/fpu\libg.a(libc_a-memcmp.o)
                0x0011c7b0                memcmp
 .text._strtoul_l.isra.0
                0x0011c884      0x1e4 C:/devkitPro/devkitARM/bin/../lib/gcc/arm-none-eabi/14.2.0/../../../../arm-none-eabi/lib/armv6k/fpu\libg.a(libc_a-strtoul.o)
 .text.strtoul  0x0011ca68       0x34 C:/devkitPro/devkitARM/bin/../lib/gcc/arm-none-eabi/14.2.0/../../../../arm-none-eabi/lib/armv6k/fpu\libg.a(libc_a-strtoul.o)
                0x0011ca68                strtoul
 .text.strncat  0x0011ca9c       0xe4 C:/devkitPro/devkitARM/bin/../lib/gcc/arm-none-eabi/14.2.0/../../../../arm-none-eabi/lib/armv6k/fpu\libg.a(libc_a-strncat.o)
                0x0011ca9c                strncat
 .text.bsearch  0x0011cb80       0x78 C:/devkitPro/devkitARM/bin/../lib/gcc/arm-none-eabi/14.2.0/../../../../arm-none-eabi/lib/armv6k/fpu\libg.a(libc_a-bsearch.o)
                0x0011cb80                bsearch
 .text._fread_r
                0x0011cbf8      0x344 C:/devkitPro/devkitARM/bin/../lib/gcc/arm-none-eabi/14.2.0/../../../../arm-none-eabi/lib/armv6k/fpu\libg.a(libc_a-fread.o)
                0x0011cbf8                _fread_r
 .text.fread    0x0011cf3c       0x38 C:/devkitPro/devkitARM/bin/../lib/gcc/arm-none-eabi/14.2.0/../../../../arm-none-eabi/lib/armv6k/fpu\libg.a(libc_a-fread.o)
                0x0011cf3c                fread
 .text.calloc   0x0011cf74       0x20 C:/devkitPro/devkitARM/bin/../lib/gcc/arm-none-eabi/14.2.0/../../../../arm-none-eabi/lib/armv6k/fpu\libg.a(libc_a-calloc.o)
                0x0011cf74                calloc
 .text.qsort    0x0011cf94      0x96c C:/devkitPro/devkitARM/bin/../lib/gcc/arm-none-eabi/14.2.0/../../../../arm-none-eabi/lib/armv6k/fpu\libg.a(libc_a-qsort.o)
                0x0011cf94                qsort
 .text.lflush   0x0011d900       0x38 C:/devkitPro/devkitARM/bin/../lib/gcc/arm-none-eabi/14.2.0/../../../../arm-none-eabi/lib/armv6k/fpu\libg.a(libc_a-refill.o)
 .text.__srefill_r
                0x0011d938      0x19c C:/devkitPro/devkitARM/bin/../lib/gcc/arm-none-eabi/14.2.0/../../../../arm-none-eabi/lib/armv6k/fpu\libg.a(libc_a-refill.o)
                0x0011d938                __srefill_r
 .text._fclose_r
                0x0011dad4      0x148 C:/devkitPro/devkitARM/bin/../lib/gcc/arm-none-eabi/14.2.0/../../../../arm-none-eabi/lib/armv6k/fpu\libg.a(libc_a-fclose.o)
                0x0011dad4                _fclose_r
 .text._calloc_r
                0x0011dc1c       0xc0 C:/devkitPro/devkitARM/bin/../lib/gcc/arm-none-eabi/14.2.0/../../../../arm-none-eabi/lib/armv6k/fpu\libg.a(libc_a-callocr.o)
                0x0011dc1c                _calloc_r
 .text.__smakebuf_r
                0x0011dcdc      0x144 C:/devkitPro/devkitARM/bin/../lib/gcc/arm-none-eabi/14.2.0/../../../../arm-none-eabi/lib/armv6k/fpu\libg.a(libc_a-makebuf.o)
                0x0011dcdc                __smakebuf_r
 .text.__swhatbuf_r
                0x0011de20       0x8c C:/devkitPro/devkitARM/bin/../lib/gcc/arm-none-eabi/14.2.0/../../../../arm-none-eabi/lib/armv6k/fpu\libg.a(libc_a-makebuf.o)
                0x0011de20                __swhatbuf_r
 .text.memalign
                0x0011deac       0x20 C:/devkitPro/devkitARM/bin/../lib/gcc/arm-none-eabi/14.2.0/../../../../arm-none-eabi/lib/armv6k/fpu\libg.a(libc_a-malign.o)
                0x0011deac                memalign
 .text.stdio_exit_handler
                0x0011decc       0x1c C:/devkitPro/devkitARM/bin/../lib/gcc/arm-none-eabi/14.2.0/../../../../arm-none-eabi/lib/armv6k/fpu\libg.a(libc_a-findfp.o)
 .text.cleanup_stdio
                0x0011dee8       0x5c C:/devkitPro/devkitARM/bin/../lib/gcc/arm-none-eabi/14.2.0/../../../../arm-none-eabi/lib/armv6k/fpu\libg.a(libc_a-findfp.o)
 .text.global_stdio_init.part.0
                0x0011df44      0x154 C:/devkitPro/devkitARM/bin/../lib/gcc/arm-none-eabi/14.2.0/../../../../arm-none-eabi/lib/armv6k/fpu\libg.a(libc_a-findfp.o)
 .text.__sfp    0x0011e098      0x134 C:/devkitPro/devkitARM/bin/../lib/gcc/arm-none-eabi/14.2.0/../../../../arm-none-eabi/lib/armv6k/fpu\libg.a(libc_a-findfp.o)
                0x0011e098                __sfp
 .text.__sinit  0x0011e1cc       0x5c C:/devkitPro/devkitARM/bin/../lib/gcc/arm-none-eabi/14.2.0/../../../../arm-none-eabi/lib/armv6k/fpu\libg.a(libc_a-findfp.o)
                0x0011e1cc                __sinit
 .text.__sfp_lock_acquire
                0x0011e228        0xc C:/devkitPro/devkitARM/bin/../lib/gcc/arm-none-eabi/14.2.0/../../../../arm-none-eabi/lib/armv6k/fpu\libg.a(libc_a-findfp.o)
                0x0011e228                __sfp_lock_acquire
 .text.__sfp_lock_release
                0x0011e234        0xc C:/devkitPro/devkitARM/bin/../lib/gcc/arm-none-eabi/14.2.0/../../../../arm-none-eabi/lib/armv6k/fpu\libg.a(libc_a-findfp.o)
                0x0011e234                __sfp_lock_release
 .text._malloc_r
                0x0011e240      0x7e8 C:/devkitPro/devkitARM/bin/../lib/gcc/arm-none-eabi/14.2.0/../../../../arm-none-eabi/lib/armv6k/fpu\libg.a(libc_a-mallocr.o)
                0x0011e240                _malloc_r
 .text._malloc_trim_r
                0x0011ea28       0xf8 C:/devkitPro/devkitARM/bin/../lib/gcc/arm-none-eabi/14.2.0/../../../../arm-none-eabi/lib/armv6k/fpu\libg.a(libc_a-freer.o)
                0x0011ea28                _malloc_trim_r
 .text._free_r  0x0011eb20      0x300 C:/devkitPro/devkitARM/bin/../lib/gcc/arm-none-eabi/14.2.0/../../../../arm-none-eabi/lib/armv6k/fpu\libg.a(libc_a-freer.o)
                0x0011eb20                _free_r
 .text.get_arg  0x0011ee20      0x5e4 C:/devkitPro/devkitARM/bin/../lib/gcc/arm-none-eabi/14.2.0/../../../../arm-none-eabi/lib/armv6k/fpu\libg.a(libc_a-svfprintf.o)
 *fill*         0x0011f404        0x4 
 .text._svfprintf_r
                0x0011f408     0x335c C:/devkitPro/devkitARM/bin/../lib/gcc/arm-none-eabi/14.2.0/../../../../arm-none-eabi/lib/armv6k/fpu\libg.a(libc_a-svfprintf.o)
                0x0011f408                _svfprintf_r
 .text.setvbuf  0x00122764      0x294 C:/devkitPro/devkitARM/bin/../lib/gcc/arm-none-eabi/14.2.0/../../../../arm-none-eabi/lib/armv6k/fpu\libg.a(libc_a-setvbuf.o)
                0x00122764                setvbuf
 .text.strnlen  0x001229f8       0x4c C:/devkitPro/devkitARM/bin/../lib/gcc/arm-none-eabi/14.2.0/../../../../arm-none-eabi/lib/armv6k/fpu\libg.a(libc_a-strnlen.o)
                0x001229f8                strnlen
 .text.__errno  0x00122a44        0xc C:/devkitPro/devkitARM/bin/../lib/gcc/arm-none-eabi/14.2.0/../../../../arm-none-eabi/lib/armv6k/fpu\libg.a(libc_a-errno.o)
                0x00122a44                __errno
 .text.malloc   0x00122a50       0x34 C:/devkitPro/devkitARM/bin/../lib/gcc/arm-none-eabi/14.2.0/../../../../arm-none-eabi/lib/armv6k/fpu\libg.a(libc_a-malloc.o)
                0x00122a50                malloc
 .text.free     0x00122a84       0x18 C:/devkitPro/devkitARM/bin/../lib/gcc/arm-none-eabi/14.2.0/../../../../arm-none-eabi/lib/armv6k/fpu\libg.a(libc_a-malloc.o)
                0x00122a84                free
 .text.memcpy   0x00122a9c      0x130 C:/devkitPro/devkitARM/bin/../lib/gcc/arm-none-eabi/14.2.0/../../../../arm-none-eabi/lib/armv6k/fpu\libg.a(libc_a-memcpy-stub.o)
                0x00122a9c                memcpy
 .text.printf   0x00122bcc       0x34 C:/devkitPro/devkitARM/bin/../lib/gcc/arm-none-eabi/14.2.0/../../../../arm-none-eabi/lib/armv6k/fpu\libg.a(libc_a-printf.o)
                0x00122bcc                printf
 .text._fopen_r
                0x00122c00      0x134 C:/devkitPro/devkitARM/bin/../lib/gcc/arm-none-eabi/14.2.0/../../../../arm-none-eabi/lib/armv6k/fpu\libg.a(libc_a-fopen.o)
                0x00122c00                _fopen_r
 .text.fopen    0x00122d34       0x20 C:/devkitPro/devkitARM/bin/../lib/gcc/arm-none-eabi/14.2.0/../../../../arm-none-eabi/lib/armv6k/fpu\libg.a(libc_a-fopen.o)
                0x00122d34                fopen
 .text.time     0x00122d54       0x4c C:/devkitPro/devkitARM/bin/../lib/gcc/arm-none-eabi/14.2.0/../../../../arm-none-eabi/lib/armv6k/fpu\libg.a(libc_a-time.o)
                0x00122d54                time
 .text._puts_r  0x00122da0       0xe0 C:/devkitPro/devkitARM/bin/../lib/gcc/arm-none-eabi/14.2.0/../../../../arm-none-eabi/lib/armv6k/fpu\libg.a(libc_a-puts.o)
                0x00122da0                _puts_r
 .text.puts     0x00122e80       0x18 C:/devkitPro/devkitARM/bin/../lib/gcc/arm-none-eabi/14.2.0/../../../../arm-none-eabi/lib/armv6k/fpu\libg.a(libc_a-puts.o)
                0x00122e80                puts
 .text.memset   0x00122e98       0xe8 C:/devkitPro/devkitARM/bin/../lib/gcc/arm-none-eabi/14.2.0/../../../../arm-none-eabi/lib/armv6k/fpu\libg.a(libc_a-memset.o)
                0x00122e98                memset
 .text._realloc_r
                0x00122f80      0x4a4 C:/devkitPro/devkitARM/bin/../lib/gcc/arm-none-eabi/14.2.0/../../../../arm-none-eabi/lib/armv6k/fpu\libg.a(libc_a-reallocr.o)
                0x00122f80                _realloc_r
 .text._fwalk_sglue
                0x00123424       0x70 C:/devkitPro/devkitARM/bin/../lib/gcc/arm-none-eabi/14.2.0/../../../../arm-none-eabi/lib/armv6k/fpu\libg.a(libc_a-fwalk.o)
                0x00123424                _fwalk_sglue
 .text.__malloc_lock
                0x00123494        0xc C:/devkitPro/devkitARM/bin/../lib/gcc/arm-none-eabi/14.2.0/../../../../arm-none-eabi/lib/armv6k/fpu\libg.a(libc_a-mlock.o)
                0x00123494                __malloc_lock
 .text.__malloc_unlock
                0x001234a0        0xc C:/devkitPro/devkitARM/bin/../lib/gcc/arm-none-eabi/14.2.0/../../../../arm-none-eabi/lib/armv6k/fpu\libg.a(libc_a-mlock.o)
                0x001234a0                __malloc_unlock
 .text.ftell    0x001234ac       0x2c C:/devkitPro/devkitARM/bin/../lib/gcc/arm-none-eabi/14.2.0/../../../../arm-none-eabi/lib/armv6k/fpu\libg.a(libc_a-ftell.o)
                0x001234ac                ftell
 .text.__call_exitprocs
                0x001234d8        0x4 C:/devkitPro/devkitARM/bin/../lib/gcc/arm-none-eabi/14.2.0/../../../../arm-none-eabi/lib/armv6k/fpu\libg.a(libc_a-exit.o)
                0x001234d8                __call_exitprocs
 .text.exit     0x001234dc       0x30 C:/devkitPro/devkitARM/bin/../lib/gcc/arm-none-eabi/14.2.0/../../../../arm-none-eabi/lib/armv6k/fpu\libg.a(libc_a-exit.o)
                0x001234dc                exit
 .text._fseek_r
                0x0012350c       0x1c C:/devkitPro/devkitARM/bin/../lib/gcc/arm-none-eabi/14.2.0/../../../../arm-none-eabi/lib/armv6k/fpu\libg.a(libc_a-fseek.o)
                0x0012350c                _fseek_r
 .text.fseek    0x00123528       0x34 C:/devkitPro/devkitARM/bin/../lib/gcc/arm-none-eabi/14.2.0/../../../../arm-none-eabi/lib/armv6k/fpu\libg.a(libc_a-fseek.o)
                0x00123528                fseek
 .text.strncpy  0x0012355c       0xc4 C:/devkitPro/devkitARM/bin/../lib/gcc/arm-none-eabi/14.2.0/../../../../arm-none-eabi/lib/armv6k/fpu\libg.a(libc_a-strncpy.o)
                0x0012355c                strncpy
 .text._wcsrtombs_r
                0x00123620       0x28 C:/devkitPro/devkitARM/bin/../lib/gcc/arm-none-eabi/14.2.0/../../../../arm-none-eabi/lib/armv6k/fpu\libg.a(libc_a-wcsrtombs.o)
                0x00123620                _wcsrtombs_r
 .text.__sflags
                0x00123648       0xb4 C:/devkitPro/devkitARM/bin/../lib/gcc/arm-none-eabi/14.2.0/../../../../arm-none-eabi/lib/armv6k/fpu\libg.a(libc_a-flags.o)
                0x00123648                __sflags
 .text.__libc_init_array
                0x001236fc       0x84 C:/devkitPro/devkitARM/bin/../lib/gcc/arm-none-eabi/14.2.0/../../../../arm-none-eabi/lib/armv6k/fpu\libg.a(libc_a-init.o)
                0x001236fc                __libc_init_array
 .text.__sflush_r
                0x00123780      0x228 C:/devkitPro/devkitARM/bin/../lib/gcc/arm-none-eabi/14.2.0/../../../../arm-none-eabi/lib/armv6k/fpu\libg.a(libc_a-fflush.o)
                0x00123780                __sflush_r
 .text._fflush_r
                0x001239a8       0x94 C:/devkitPro/devkitARM/bin/../lib/gcc/arm-none-eabi/14.2.0/../../../../arm-none-eabi/lib/armv6k/fpu\libg.a(libc_a-fflush.o)
                0x001239a8                _fflush_r
 *fill*         0x00123a3c        0x4 
 .text.frexp    0x00123a40       0x88 C:/devkitPro/devkitARM/bin/../lib/gcc/arm-none-eabi/14.2.0/../../../../arm-none-eabi/lib/armv6k/fpu\libg.a(libm_a-s_frexp.o)
                0x00123a40                frexp
 .text.memmove  0x00123ac8      0x160 C:/devkitPro/devkitARM/bin/../lib/gcc/arm-none-eabi/14.2.0/../../../../arm-none-eabi/lib/armv6k/fpu\libg.a(libc_a-memmove.o)
                0x00123ac8                memmove
 .text.__sfvwrite_r
                0x00123c28      0x480 C:/devkitPro/devkitARM/bin/../lib/gcc/arm-none-eabi/14.2.0/../../../../arm-none-eabi/lib/armv6k/fpu\libg.a(libc_a-fvwrite.o)
                0x00123c28                __sfvwrite_r
 .text.__locale_mb_cur_max
                0x001240a8       0x24 C:/devkitPro/devkitARM/bin/../lib/gcc/arm-none-eabi/14.2.0/../../../../arm-none-eabi/lib/armv6k/fpu\libg.a(libc_a-locale.o)
                0x001240a8                __locale_mb_cur_max
 .text.__ssprint_r
                0x001240cc       0xa4 C:/devkitPro/devkitARM/bin/../lib/gcc/arm-none-eabi/14.2.0/../../../../arm-none-eabi/lib/armv6k/fpu\libg.a(libc_a-ssprint_r.o)
                0x001240cc                __ssprint_r
 .text._memalign_r
                0x00124170      0x150 C:/devkitPro/devkitARM/bin/../lib/gcc/arm-none-eabi/14.2.0/../../../../arm-none-eabi/lib/armv6k/fpu\libg.a(libc_a-malignr.o)
                0x00124170                _memalign_r
 .text.memchr   0x001242c0       0xe0 C:/devkitPro/devkitARM/bin/../lib/gcc/arm-none-eabi/14.2.0/../../../../arm-none-eabi/lib/armv6k/fpu\libg.a(libc_a-memchr-stub.o)
                0x001242c0                memchr
 .text._wcsnrtombs_l
                0x001243a0      0x160 C:/devkitPro/devkitARM/bin/../lib/gcc/arm-none-eabi/14.2.0/../../../../arm-none-eabi/lib/armv6k/fpu\libg.a(libc_a-wcsnrtombs.o)
                0x001243a0                _wcsnrtombs_l
 .text._wcsnrtombs_r
                0x00124500       0x64 C:/devkitPro/devkitARM/bin/../lib/gcc/arm-none-eabi/14.2.0/../../../../arm-none-eabi/lib/armv6k/fpu\libg.a(libc_a-wcsnrtombs.o)
                0x00124500                _wcsnrtombs_r
 .text.__utf8_mbtowc
                0x00124564      0x324 C:/devkitPro/devkitARM/bin/../lib/gcc/arm-none-eabi/14.2.0/../../../../arm-none-eabi/lib/armv6k/fpu\libg.a(libc_a-mbtowc_r.o)
                0x00124564                __utf8_mbtowc
 .text.__libc_fini_array
                0x00124888       0x3c C:/devkitPro/devkitARM/bin/../lib/gcc/arm-none-eabi/14.2.0/../../../../arm-none-eabi/lib/armv6k/fpu\libg.a(libc_a-fini.o)
                0x00124888                __libc_fini_array
 .text._fseeko_r
                0x001248c4      0x58c C:/devkitPro/devkitARM/bin/../lib/gcc/arm-none-eabi/14.2.0/../../../../arm-none-eabi/lib/armv6k/fpu\libg.a(libc_a-fseeko.o)
                0x001248c4                _fseeko_r
 .text.__sread  0x00124e50       0x44 C:/devkitPro/devkitARM/bin/../lib/gcc/arm-none-eabi/14.2.0/../../../../arm-none-eabi/lib/armv6k/fpu\libg.a(libc_a-stdio.o)
                0x00124e50                __sread
 .text.__swrite
                0x00124e94       0x68 C:/devkitPro/devkitARM/bin/../lib/gcc/arm-none-eabi/14.2.0/../../../../arm-none-eabi/lib/armv6k/fpu\libg.a(libc_a-stdio.o)
                0x00124e94                __swrite
 .text.__sseek  0x00124efc       0x40 C:/devkitPro/devkitARM/bin/../lib/gcc/arm-none-eabi/14.2.0/../../../../arm-none-eabi/lib/armv6k/fpu\libg.a(libc_a-stdio.o)
                0x00124efc                __sseek
 .text.__sclose
                0x00124f3c        0x8 C:/devkitPro/devkitARM/bin/../lib/gcc/arm-none-eabi/14.2.0/../../../../arm-none-eabi/lib/armv6k/fpu\libg.a(libc_a-stdio.o)
                0x00124f3c                __sclose
 .text._localeconv_r
                0x00124f44       0x24 C:/devkitPro/devkitARM/bin/../lib/gcc/arm-none-eabi/14.2.0/../../../../arm-none-eabi/lib/armv6k/fpu\libg.a(libc_a-localeconv.o)
                0x00124f44                _localeconv_r
 .text.get_arg  0x00124f68      0x5e4 C:/devkitPro/devkitARM/bin/../lib/gcc/arm-none-eabi/14.2.0/../../../../arm-none-eabi/lib/armv6k/fpu\libg.a(libc_a-vfprintf.o)
 *fill*         0x0012554c        0x4 
 .text._vfprintf_r
                0x00125550     0x342c C:/devkitPro/devkitARM/bin/../lib/gcc/arm-none-eabi/14.2.0/../../../../arm-none-eabi/lib/armv6k/fpu\libg.a(libc_a-vfprintf.o)
                0x00125550                _vfprintf_r
 .text.__sbprintf
                0x0012897c       0xb8 C:/devkitPro/devkitARM/bin/../lib/gcc/arm-none-eabi/14.2.0/../../../../arm-none-eabi/lib/armv6k/fpu\libg.a(libc_a-vfprintf.o)
 .text.quorem   0x00128a34      0x1b4 C:/devkitPro/devkitARM/bin/../lib/gcc/arm-none-eabi/14.2.0/../../../../arm-none-eabi/lib/armv6k/fpu\libg.a(libc_a-dtoa.o)
 .text._dtoa_r  0x00128be8     0x1370 C:/devkitPro/devkitARM/bin/../lib/gcc/arm-none-eabi/14.2.0/../../../../arm-none-eabi/lib/armv6k/fpu\libg.a(libc_a-dtoa.o)
                0x00128be8                _dtoa_r
 .text._wcrtomb_r
                0x00129f58       0xa0 C:/devkitPro/devkitARM/bin/../lib/gcc/arm-none-eabi/14.2.0/../../../../arm-none-eabi/lib/armv6k/fpu\libg.a(libc_a-wcrtomb.o)
                0x00129f58                _wcrtomb_r
 .text.__ssputs_r
                0x00129ff8      0x128 C:/devkitPro/devkitARM/bin/../lib/gcc/arm-none-eabi/14.2.0/../../../../arm-none-eabi/lib/armv6k/fpu\libg.a(libc_a-ssputs_r.o)
                0x00129ff8                __ssputs_r
 .text._ftello_r
                0x0012a120      0x1b0 C:/devkitPro/devkitARM/bin/../lib/gcc/arm-none-eabi/14.2.0/../../../../arm-none-eabi/lib/armv6k/fpu\libg.a(libc_a-ftello.o)
                0x0012a120                _ftello_r
 .text.__utf8_wctomb
                0x0012a2d0       0xf0 C:/devkitPro/devkitARM/bin/../lib/gcc/arm-none-eabi/14.2.0/../../../../arm-none-eabi/lib/armv6k/fpu\libg.a(libc_a-wctomb_r.o)
                0x0012a2d0                __utf8_wctomb
 .text.__swsetup_r
                0x0012a3c0      0x194 C:/devkitPro/devkitARM/bin/../lib/gcc/arm-none-eabi/14.2.0/../../../../arm-none-eabi/lib/armv6k/fpu\libg.a(libc_a-wsetup.o)
                0x0012a3c0                __swsetup_r
 .text.__assert_func
                0x0012a554       0x5c C:/devkitPro/devkitARM/bin/../lib/gcc/arm-none-eabi/14.2.0/../../../../arm-none-eabi/lib/armv6k/fpu\libg.a(libc_a-assert.o)
                0x0012a554                __assert_func
 .text._Balloc  0x0012a5b0       0x88 C:/devkitPro/devkitARM/bin/../lib/gcc/arm-none-eabi/14.2.0/../../../../arm-none-eabi/lib/armv6k/fpu\libg.a(libc_a-mprec.o)
                0x0012a5b0                _Balloc
 .text._Bfree   0x0012a638       0x1c C:/devkitPro/devkitARM/bin/../lib/gcc/arm-none-eabi/14.2.0/../../../../arm-none-eabi/lib/armv6k/fpu\libg.a(libc_a-mprec.o)
                0x0012a638                _Bfree
 .text.__multadd
                0x0012a654       0xf4 C:/devkitPro/devkitARM/bin/../lib/gcc/arm-none-eabi/14.2.0/../../../../arm-none-eabi/lib/armv6k/fpu\libg.a(libc_a-mprec.o)
                0x0012a654                __multadd
 .text.__hi0bits
                0x0012a748       0x80 C:/devkitPro/devkitARM/bin/../lib/gcc/arm-none-eabi/14.2.0/../../../../arm-none-eabi/lib/armv6k/fpu\libg.a(libc_a-mprec.o)
                0x0012a748                __hi0bits
 .text.__lo0bits
                0x0012a7c8       0xf4 C:/devkitPro/devkitARM/bin/../lib/gcc/arm-none-eabi/14.2.0/../../../../arm-none-eabi/lib/armv6k/fpu\libg.a(libc_a-mprec.o)
                0x0012a7c8                __lo0bits
 .text.__i2b    0x0012a8bc       0xa4 C:/devkitPro/devkitARM/bin/../lib/gcc/arm-none-eabi/14.2.0/../../../../arm-none-eabi/lib/armv6k/fpu\libg.a(libc_a-mprec.o)
                0x0012a8bc                __i2b
 .text.__multiply
                0x0012a960      0x208 C:/devkitPro/devkitARM/bin/../lib/gcc/arm-none-eabi/14.2.0/../../../../arm-none-eabi/lib/armv6k/fpu\libg.a(libc_a-mprec.o)
                0x0012a960                __multiply
 .text.__pow5mult